Archive member included to satisfy reference by file (symbol)

/usr/local/mcuxpressoide-24.9.25/ide/plugins/com.nxp.mcuxpresso.tools.linux_24.9.0.202407110857/tools/bin/../lib/gcc/arm-none-eabi/13.2.1/../../../../arm-none-eabi/lib/thumb/v7e-m+fp/hard/libcr_nohost_nf.a(_cr__main.o)
                              ./startup/startup_mk66f18.o (__main)
/usr/local/mcuxpressoide-24.9.25/ide/plugins/com.nxp.mcuxpresso.tools.linux_24.9.0.202407110857/tools/bin/../lib/gcc/arm-none-eabi/13.2.1/../../../../arm-none-eabi/lib/thumb/v7e-m+fp/hard/libcr_c.a(memcpy.o)
                              ./utilities/fsl_debug_console.o (memcpy)
/usr/local/mcuxpressoide-24.9.25/ide/plugins/com.nxp.mcuxpresso.tools.linux_24.9.0.202407110857/tools/bin/../lib/gcc/arm-none-eabi/13.2.1/../../../../arm-none-eabi/lib/thumb/v7e-m+fp/hard/libcr_c.a(memset.o)
                              ./drivers/fsl_enet.o (memset)
/usr/local/mcuxpressoide-24.9.25/ide/plugins/com.nxp.mcuxpresso.tools.linux_24.9.0.202407110857/tools/bin/../lib/gcc/arm-none-eabi/13.2.1/../../../../arm-none-eabi/lib/thumb/v7e-m+fp/hard/libcr_c.a(alloc.o)
                              ./drivers/fsl_common.o (malloc)
/usr/local/mcuxpressoide-24.9.25/ide/plugins/com.nxp.mcuxpresso.tools.linux_24.9.0.202407110857/tools/bin/../lib/gcc/arm-none-eabi/13.2.1/../../../../arm-none-eabi/lib/thumb/v7e-m+fp/hard/libcr_c.a(initio.o)
                              /usr/local/mcuxpressoide-24.9.25/ide/plugins/com.nxp.mcuxpresso.tools.linux_24.9.0.202407110857/tools/bin/../lib/gcc/arm-none-eabi/13.2.1/../../../../arm-none-eabi/lib/thumb/v7e-m+fp/hard/libcr_nohost_nf.a(_cr__main.o) (_initio)
/usr/local/mcuxpressoide-24.9.25/ide/plugins/com.nxp.mcuxpresso.tools.linux_24.9.0.202407110857/tools/bin/../lib/gcc/arm-none-eabi/13.2.1/../../../../arm-none-eabi/lib/thumb/v7e-m+fp/hard/libcr_c.a(setvbuf.o)
                              /usr/local/mcuxpressoide-24.9.25/ide/plugins/com.nxp.mcuxpresso.tools.linux_24.9.0.202407110857/tools/bin/../lib/gcc/arm-none-eabi/13.2.1/../../../../arm-none-eabi/lib/thumb/v7e-m+fp/hard/libcr_c.a(initio.o) (setvbuf)
/usr/local/mcuxpressoide-24.9.25/ide/plugins/com.nxp.mcuxpresso.tools.linux_24.9.0.202407110857/tools/bin/../lib/gcc/arm-none-eabi/13.2.1/../../../../arm-none-eabi/lib/thumb/v7e-m+fp/hard/libcr_c.a(strlen.o)
                              ./utilities/fsl_debug_console.o (strlen)
/usr/local/mcuxpressoide-24.9.25/ide/plugins/com.nxp.mcuxpresso.tools.linux_24.9.0.202407110857/tools/bin/../lib/gcc/arm-none-eabi/13.2.1/../../../../arm-none-eabi/lib/thumb/v7e-m+fp/hard/libcr_c.a(__init_alloc.o)
                              /usr/local/mcuxpressoide-24.9.25/ide/plugins/com.nxp.mcuxpresso.tools.linux_24.9.0.202407110857/tools/bin/../lib/gcc/arm-none-eabi/13.2.1/../../../../arm-none-eabi/lib/thumb/v7e-m+fp/hard/libcr_c.a(alloc.o) (__heaps)
/usr/local/mcuxpressoide-24.9.25/ide/plugins/com.nxp.mcuxpresso.tools.linux_24.9.0.202407110857/tools/bin/../lib/gcc/arm-none-eabi/13.2.1/../../../../arm-none-eabi/lib/thumb/v7e-m+fp/hard/libcr_c.a(_cr_sbrk.o)
                              /usr/local/mcuxpressoide-24.9.25/ide/plugins/com.nxp.mcuxpresso.tools.linux_24.9.0.202407110857/tools/bin/../lib/gcc/arm-none-eabi/13.2.1/../../../../arm-none-eabi/lib/thumb/v7e-m+fp/hard/libcr_c.a(alloc.o) (_sbrk)
/usr/local/mcuxpressoide-24.9.25/ide/plugins/com.nxp.mcuxpresso.tools.linux_24.9.0.202407110857/tools/bin/../lib/gcc/arm-none-eabi/13.2.1/../../../../arm-none-eabi/lib/thumb/v7e-m+fp/hard/libcr_c.a(_fdopen.o)
                              /usr/local/mcuxpressoide-24.9.25/ide/plugins/com.nxp.mcuxpresso.tools.linux_24.9.0.202407110857/tools/bin/../lib/gcc/arm-none-eabi/13.2.1/../../../../arm-none-eabi/lib/thumb/v7e-m+fp/hard/libcr_c.a(initio.o) (_fdopen)
/usr/local/mcuxpressoide-24.9.25/ide/plugins/com.nxp.mcuxpresso.tools.linux_24.9.0.202407110857/tools/bin/../lib/gcc/arm-none-eabi/13.2.1/../../../../arm-none-eabi/lib/thumb/v7e-m+fp/hard/libcr_c.a(errno.o)
                              /usr/local/mcuxpressoide-24.9.25/ide/plugins/com.nxp.mcuxpresso.tools.linux_24.9.0.202407110857/tools/bin/../lib/gcc/arm-none-eabi/13.2.1/../../../../arm-none-eabi/lib/thumb/v7e-m+fp/hard/libcr_c.a(_cr_sbrk.o) (errno)
/usr/local/mcuxpressoide-24.9.25/ide/plugins/com.nxp.mcuxpresso.tools.linux_24.9.0.202407110857/tools/bin/../lib/gcc/arm-none-eabi/13.2.1/../../../../arm-none-eabi/lib/thumb/v7e-m+fp/hard/libcr_c.a(fclose.o)
                              /usr/local/mcuxpressoide-24.9.25/ide/plugins/com.nxp.mcuxpresso.tools.linux_24.9.0.202407110857/tools/bin/../lib/gcc/arm-none-eabi/13.2.1/../../../../arm-none-eabi/lib/thumb/v7e-m+fp/hard/libcr_c.a(initio.o) (fclose)
/usr/local/mcuxpressoide-24.9.25/ide/plugins/com.nxp.mcuxpresso.tools.linux_24.9.0.202407110857/tools/bin/../lib/gcc/arm-none-eabi/13.2.1/../../../../arm-none-eabi/lib/thumb/v7e-m+fp/hard/libcr_c.a(fflush.o)
[...]
Memory Configuration

Name             Origin             Length             Attributes
PROGRAM_FLASH    0x00000000         0x00200000         xr
SRAM_UPPER       0x20000000         0x00030000         xrw
SRAM_LOWER       0x1fff0000         0x00010000         xrw
FLEX_RAM         0x14000000         0x00001000         xrw
*default*        0x00000000         0xffffffff

Linker script and memory map

LOAD ./utilities/fsl_assert.o
LOAD ./utilities/fsl_debug_console.o
LOAD ./startup/startup_mk66f18.o
LOAD ./source/Drivers/Security.o
LOAD ./source/Drivers/aes.o
LOAD ./source/enet_txrx_transfer.o
LOAD ./source/semihost_hardfault.o
LOAD ./phy/fsl_phyksz8081.o
LOAD ./mdio/fsl_enet_mdio.o
LOAD ./drivers/fsl_clock.o
LOAD ./drivers/fsl_common.o
LOAD ./drivers/fsl_common_arm.o
LOAD ./drivers/fsl_enet.o
LOAD ./drivers/fsl_ftfx_cache.o
LOAD ./drivers/fsl_ftfx_controller.o
LOAD ./drivers/fsl_ftfx_flash.o
LOAD ./drivers/fsl_ftfx_flexnvm.o
LOAD ./drivers/fsl_gpio.o
LOAD ./drivers/fsl_lpuart.o
LOAD ./drivers/fsl_sim.o
LOAD ./drivers/fsl_smc.o
LOAD ./drivers/fsl_sysmpu.o
LOAD ./drivers/fsl_uart.o
LOAD ./device/system_MK66F18.o
LOAD ./component/uart/fsl_adapter_uart.o
LOAD ./component/lists/fsl_component_generic_list.o
LOAD ./board/board.o
LOAD ./board/clock_config.o
LOAD ./board/pin_mux.o
START GROUP
LOAD /usr/local/mcuxpressoide-24.9.25/ide/plugins/com.nxp.mcuxpresso.tools.linux_24.9.0.202407110857/tools/bin/../lib/gcc/arm-none-eabi/13.2.1/../../../../arm-none-eabi/lib/thumb/v7e-m+fp/hard/libcr_nohost_nf.a
LOAD /usr/local/mcuxpressoide-24.9.25/ide/plugins/com.nxp.mcuxpresso.tools.linux_24.9.0.202407110857/tools/bin/../lib/gcc/arm-none-eabi/13.2.1/../../../../arm-none-eabi/lib/thumb/v7e-m+fp/hard/libcr_c.a
LOAD /usr/local/mcuxpressoide-24.9.25/ide/plugins/com.nxp.mcuxpresso.tools.linux_24.9.0.202407110857/tools/bin/../lib/gcc/arm-none-eabi/13.2.1/thumb/v7e-m+fp/hard/libcr_eabihelpers.a
LOAD /usr/local/mcuxpressoide-24.9.25/ide/plugins/com.nxp.mcuxpresso.tools.linux_24.9.0.202407110857/tools/bin/../lib/gcc/arm-none-eabi/13.2.1/thumb/v7e-m+fp/hard/libgcc.a
END GROUP
                0x00000000                        __base_PROGRAM_FLASH = 0x0
                0x00000000                        __base_Flash = 0x0
                0x00200000                        __top_PROGRAM_FLASH = 0x200000
                0x00200000                        __top_Flash = 0x200000
                0x20000000                        __base_SRAM_UPPER = 0x20000000
                0x20000000                        __base_RAM = 0x20000000
                0x20030000                        __top_SRAM_UPPER = 0x20030000
                0x20030000                        __top_RAM = 0x20030000
                0x1fff0000                        __base_SRAM_LOWER = 0x1fff0000
                0x1fff0000                        __base_RAM2 = 0x1fff0000
                0x20000000                        __top_SRAM_LOWER = 0x20000000
                0x20000000                        __top_RAM2 = 0x20000000
                0x14000000                        __base_FLEX_RAM = 0x14000000
                0x14000000                        __base_RAM3 = 0x14000000
                0x14001000                        __top_FLEX_RAM = 0x14001000
                0x14001000                        __top_RAM3 = 0x14001000

.text           0x00000000     0x3090
 FILL mask 0xff
                0x00000000                        __vectors_start__ = ABSOLUTE (.)
 *(SORT_BY_ALIGNMENT(.isr_vector))
 .isr_vector    0x00000000      0x1d0 ./startup/startup_mk66f18.o
                0x00000000                __Vectors
                0x00000000                g_pfnVectors
                0x000001d0                        . = ALIGN (0x4)
                0x000001d0                        __section_table_start = .
                0x000001d0                        __data_section_table = .
                0x000001d0        0x4 LONG 0x3090 LOADADDR (.data)
                0x000001d4        0x4 LONG 0x20000000 ADDR (.data)
                0x000001d8        0x4 LONG 0x20 SIZEOF (.data)
                0x000001dc        0x4 LONG 0x3090 LOADADDR (.data_RAM2)
                0x000001e0        0x4 LONG 0x1fff0000 ADDR (.data_RAM2)
                0x000001e4        0x4 LONG 0x0 SIZEOF (.data_RAM2)
                0x000001e8        0x4 LONG 0x3090 LOADADDR (.data_RAM3)
                0x000001ec        0x4 LONG 0x14000000 ADDR (.data_RAM3)
                0x000001f0        0x4 LONG 0x0 SIZEOF (.data_RAM3)
                0x000001f4                        __data_section_table_end = .
                0x000001f4                        __bss_section_table = .
                0x000001f4        0x4 LONG 0x20000020 ADDR (.bss)
                0x000001f8        0x4 LONG 0x200 SIZEOF (.bss)
                0x000001fc        0x4 LONG 0x1fff0000 ADDR (.bss_RAM2)
                0x00000200        0x4 LONG 0x0 SIZEOF (.bss_RAM2)
                0x00000204        0x4 LONG 0x14000000 ADDR (.bss_RAM3)
                0x00000208        0x4 LONG 0x0 SIZEOF (.bss_RAM3)
                0x0000020c                        __bss_section_table_end = .
                0x0000020c                        __section_table_end = .
 *(SORT_BY_ALIGNMENT(.after_vectors*))
 .after_vectors.reset
                0x0000020c       0x4c ./startup/startup_mk66f18.o
                0x0000020c                ResetISR
 .after_vectors.init_data
                0x00000258       0x1e ./startup/startup_mk66f18.o
                0x00000258                data_init
 .after_vectors.init_bss
                0x00000276       0x12 ./startup/startup_mk66f18.o
                0x00000276                bss_init
 .after_vectors
                0x00000288       0x14 ./startup/startup_mk66f18.o
                0x00000288                NMI_Handler
                0x0000028c                MemManage_Handler
                0x0000028e                BusFault_Handler
                0x00000290                UsageFault_Handler
                0x00000292                SVC_Handler
                0x00000294                DebugMon_Handler
                0x00000296                PendSV_Handler
                0x00000298                SysTick_Handler
                0x0000029a                DMA13_DMA29_DriverIRQHandler
                0x0000029a                PORTB_DriverIRQHandler
                0x0000029a                SPI1_DriverIRQHandler
                0x0000029a                LPTMR0_DriverIRQHandler
                0x0000029a                DMA_Error_DriverIRQHandler
                0x0000029a                FTM1_DriverIRQHandler
                0x0000029a                FTM2_DriverIRQHandler
                0x0000029a                PIT2_DriverIRQHandler
                0x0000029a                TPM2_DriverIRQHandler
                0x0000029a                SDHC_DriverIRQHandler
                0x0000029a                DMA7_DMA23_DriverIRQHandler
                0x0000029a                I2C3_DriverIRQHandler
                0x0000029a                I2S0_Tx_DriverIRQHandler
                0x0000029a                TSI0_DriverIRQHandler
                0x0000029a                RTC_Seconds_DriverIRQHandler
                0x0000029a                CMP3_DriverIRQHandler
                0x0000029a                LLWU_DriverIRQHandler
                0x0000029a                MCM_DriverIRQHandler
                0x0000029a                DMA14_DMA30_DriverIRQHandler
                0x0000029a                MCG_DriverIRQHandler
                0x0000029a                I2C2_DriverIRQHandler
                0x0000029a                DAC1_DriverIRQHandler
                0x0000029a                CMP1_DriverIRQHandler
                0x0000029a                USBHSDCD_DriverIRQHandler
                0x0000029a                DMA0_DMA16_DriverIRQHandler
                0x0000029a                FTM0_DriverIRQHandler
                0x0000029a                IntDefaultHandler
                0x0000029a                USB0_DriverIRQHandler
                0x0000029a                PORTC_DriverIRQHandler
                0x0000029a                DMA2_DMA18_DriverIRQHandler
                0x0000029a                DAC0_DriverIRQHandler
                0x0000029a                CMP2_DriverIRQHandler
                0x0000029a                UART2_ERR_DriverIRQHandler
                0x0000029a                SPI2_DriverIRQHandler
                0x0000029a                LVD_LVW_DriverIRQHandler
                0x0000029a                Reserved84_DriverIRQHandler
                0x0000029a                PIT0_DriverIRQHandler
                0x0000029a                RNG_DriverIRQHandler
                0x0000029a                USBDCD_DriverIRQHandler
                0x0000029a                UART3_ERR_DriverIRQHandler
                0x0000029a                DMA12_DMA28_DriverIRQHandler
                0x0000029a                DMA10_DMA26_DriverIRQHandler
                0x0000029a                UART0_ERR_DriverIRQHandler
                0x0000029a                CMT_DriverIRQHandler
                0x0000029a                Reserved71_DriverIRQHandler
                0x0000029a                ADC1_DriverIRQHandler
                0x0000029a                PORTA_DriverIRQHandler
                0x0000029a                DMA1_DMA17_DriverIRQHandler
                0x0000029a                PIT3_DriverIRQHandler
                0x0000029a                PIT1_DriverIRQHandler
                0x0000029a                TPM1_DriverIRQHandler
                0x0000029a                WDOG_EWM_DriverIRQHandler
                0x0000029a                PDB0_DriverIRQHandler
                0x0000029a                DMA8_DMA24_DriverIRQHandler
                0x0000029a                DMA6_DMA22_DriverIRQHandler
                0x0000029a                RTC_DriverIRQHandler
                0x0000029a                I2S0_Rx_DriverIRQHandler
                0x0000029a                Read_Collision_DriverIRQHandler
                0x0000029a                SWI_DriverIRQHandler
                0x0000029a                UART4_ERR_DriverIRQHandler
                0x0000029a                DMA11_DMA27_DriverIRQHandler
                0x0000029a                DMA4_DMA20_DriverIRQHandler
                0x0000029a                DMA9_DMA25_DriverIRQHandler
                0x0000029a                I2C1_DriverIRQHandler
                0x0000029a                DMA3_DMA19_DriverIRQHandler
                0x0000029a                Reserved85_DriverIRQHandler
                0x0000029a                SPI0_DriverIRQHandler
                0x0000029a                ADC0_DriverIRQHandler
                0x0000029a                USBHS_DriverIRQHandler
                0x0000029a                CMP0_DriverIRQHandler
                0x0000029a                CAN0_DriverIRQHandler
                0x0000029a                FTM3_DriverIRQHandler
                0x0000029a                DMA5_DMA21_DriverIRQHandler
                0x0000029a                DMA15_DMA31_DriverIRQHandler
                0x0000029a                UART1_ERR_DriverIRQHandler
                0x0000029a                PORTD_DriverIRQHandler
                0x0000029a                Reserved46_DriverIRQHandler
                0x0000029a                PORTE_DriverIRQHandler
                0x0000029a                FTFE_DriverIRQHandler
                0x0000029a                I2C0_DriverIRQHandler
                0x0000029a                CAN1_DriverIRQHandler
                0x00000400                        . = 0x400
 *fill*         0x0000029c      0x164 ff
                0x00000400                        PROVIDE (__FLASH_CONFIG_START__ = .)
 *(SORT_BY_ALIGNMENT(.FlashConfig))
 .FlashConfig   0x00000400       0x10 ./startup/startup_mk66f18.o
                0x00000400                Flash_Config
                0x00000410                        PROVIDE (__FLASH_CONFIG_END__ = .)
                0x00000001                        ASSERT (! ((__FLASH_CONFIG_START__ == __FLASH_CONFIG_END__)), Linker Flash Config Support Enabled, but no .FlashConfig section provided within application)
 *(SORT_BY_ALIGNMENT(.text*))
 .text.__assertion_failed
                0x00000410       0x18 ./utilities/fsl_assert.o
                0x00000410                __assertion_failed
 .text.DbgConsole_Vprintf
                0x00000428       0x3c ./utilities/fsl_debug_console.o
                0x00000428                DbgConsole_Vprintf
 .text.DbgConsole_Putchar
                0x00000464       0x30 ./utilities/fsl_debug_console.o
                0x00000464                DbgConsole_Putchar
 .text.DbgConsole_PrintfFormattedData
                0x00000494      0x9d8 ./utilities/fsl_debug_console.o
 .text.Security_init
                0x00000e6c       0x20 ./source/Drivers/Security.o
                0x00000e6c                Security_init
 .text.Security_send
                0x00000e8c       0x38 ./source/Drivers/Security.o
                0x00000e8c                Security_send
 .text.Security_receive
                0x00000ec4       0x38 ./source/Drivers/Security.o
                0x00000ec4                Security_receive
 .text.KeyExpansion
                0x00000efc      0x1a0 ./source/Drivers/aes.o
 .text.SubBytes
                0x0000109c       0x64 ./source/Drivers/aes.o
 .text.InvSubBytes
                0x00001100       0x64 ./source/Drivers/aes.o
 .text.main     0x00001164       0x2c ./source/enet_txrx_transfer.o
                0x00001164                main
 .text.ENET_GetInstance
                0x00001190       0x44 ./drivers/fsl_enet.o
                0x00001190                ENET_GetInstance
 .text.ENET_Ptp1588IRQHandler
                0x000011d4       0x44 ./drivers/fsl_enet.o
                0x000011d4                ENET_Ptp1588IRQHandler
 .text.ENET_TxIRQHandler
                0x00001218       0x48 ./drivers/fsl_enet.o
                0x00001218                ENET_TxIRQHandler
 .text.ENET_RxIRQHandler
                0x00001260       0x44 ./drivers/fsl_enet.o
                0x00001260                ENET_RxIRQHandler
 .text.ENET_ErrIRQHandler
                0x000012a4       0x44 ./drivers/fsl_enet.o
                0x000012a4                ENET_ErrIRQHandler
 .text.ENET_Transmit_DriverIRQHandler
                0x000012e8       0x18 ./drivers/fsl_enet.o
                0x000012e8                ENET_Transmit_DriverIRQHandler
 .text.ENET_Receive_DriverIRQHandler
                0x00001300       0x18 ./drivers/fsl_enet.o
                0x00001300                ENET_Receive_DriverIRQHandler
 .text.ENET_Error_DriverIRQHandler
                0x00001318       0x18 ./drivers/fsl_enet.o
                0x00001318                ENET_Error_DriverIRQHandler
 .text.ENET_1588_Timer_DriverIRQHandler
                0x00001330       0x18 ./drivers/fsl_enet.o
                0x00001330                ENET_1588_Timer_DriverIRQHandler
 .text.LPUART0_DriverIRQHandler
                0x00001348       0x28 ./drivers/fsl_lpuart.o
                0x00001348                LPUART0_DriverIRQHandler
 .text.UART0_DriverIRQHandler
                0x00001370       0x28 ./drivers/fsl_uart.o
                0x00001370                UART0_DriverIRQHandler
 .text.UART1_DriverIRQHandler
                0x00001398       0x28 ./drivers/fsl_uart.o
                0x00001398                UART1_DriverIRQHandler
 .text.UART2_DriverIRQHandler
                0x000013c0       0x28 ./drivers/fsl_uart.o
                0x000013c0                UART2_DriverIRQHandler
 .text.UART3_DriverIRQHandler
                0x000013e8       0x28 ./drivers/fsl_uart.o
                0x000013e8                UART3_DriverIRQHandler
 .text.UART4_DriverIRQHandler
                0x00001410       0x28 ./drivers/fsl_uart.o
                0x00001410                UART4_DriverIRQHandler
 .text.SystemInit
                0x00001438       0x3c ./device/system_MK66F18.o
                0x00001438                SystemInit
 .text._initio  0x00001474       0x78 /usr/local/mcuxpressoide-24.9.25/ide/plugins/com.nxp.mcuxpresso.tools.linux_24.9.0.202407110857/tools/bin/../lib/gcc/arm-none-eabi/13.2.1/../../../../arm-none-eabi/lib/thumb/v7e-m+fp/hard/libcr_c.a(initio.o)
                0x00001474                _initio
 .text.fflush   0x000014ec       0x3c /usr/local/mcuxpressoide-24.9.25/ide/plugins/com.nxp.mcuxpresso.tools.linux_24.9.0.202407110857/tools/bin/../lib/gcc/arm-none-eabi/13.2.1/../../../../arm-none-eabi/lib/thumb/v7e-m+fp/hard/libcr_c.a(fflush.o)
                0x000014ec                fflush
 .text.fseek    0x00001528       0xf8 /usr/local/mcuxpressoide-24.9.25/ide/plugins/com.nxp.mcuxpresso.tools.linux_24.9.0.202407110857/tools/bin/../lib/gcc/arm-none-eabi/13.2.1/../../../../arm-none-eabi/lib/thumb/v7e-m+fp/hard/libcr_c.a(fseek.o)
                0x00001528                fseek
 .text.ftell    0x00001620       0x44 /usr/local/mcuxpressoide-24.9.25/ide/plugins/com.nxp.mcuxpresso.tools.linux_24.9.0.202407110857/tools/bin/../lib/gcc/arm-none-eabi/13.2.1/../../../../arm-none-eabi/lib/thumb/v7e-m+fp/hard/libcr_c.a(ftell.o)
                0x00001620                ftell
 .text._Cwritebuf
                0x00001664       0x6c /usr/local/mcuxpressoide-24.9.25/ide/plugins/com.nxp.mcuxpresso.tools.linux_24.9.0.202407110857/tools/bin/../lib/gcc/arm-none-eabi/13.2.1/../../../../arm-none-eabi/lib/thumb/v7e-m+fp/hard/libcr_c.a(_writebuf.o)
                0x00001664                _Cwritebuf
 .text.DbgConsole_Printf
                0x000016d0       0x2c ./utilities/fsl_debug_console.o
                0x000016d0                DbgConsole_Printf
 .text.DbgConsole_PrintfPaddingCharacter
                0x000016fc       0x40 ./utilities/fsl_debug_console.o
 .text.DbgConsole_ConvertRadixNumToString
                0x0000173c      0x2b0 ./utilities/fsl_debug_console.o
 .text.DMA0_DMA16_IRQHandler
                0x000019ec        0x8 ./startup/startup_mk66f18.o
                0x000019ec                DMA0_DMA16_IRQHandler
 .text.DMA1_DMA17_IRQHandler
                0x000019f4        0x8 ./startup/startup_mk66f18.o
                0x000019f4                DMA1_DMA17_IRQHandler
 .text.DMA2_DMA18_IRQHandler
                0x000019fc        0x8 ./startup/startup_mk66f18.o
                0x000019fc                DMA2_DMA18_IRQHandler
 .text.DMA3_DMA19_IRQHandler
                0x00001a04        0x8 ./startup/startup_mk66f18.o
                0x00001a04                DMA3_DMA19_IRQHandler
 .text.DMA4_DMA20_IRQHandler
                0x00001a0c        0x8 ./startup/startup_mk66f18.o
                0x00001a0c                DMA4_DMA20_IRQHandler
 .text.DMA5_DMA21_IRQHandler
                0x00001a14        0x8 ./startup/startup_mk66f18.o
                0x00001a14                DMA5_DMA21_IRQHandler
 .text.DMA6_DMA22_IRQHandler
                0x00001a1c        0x8 ./startup/startup_mk66f18.o
                0x00001a1c                DMA6_DMA22_IRQHandler
 .text.DMA7_DMA23_IRQHandler
                0x00001a24        0x8 ./startup/startup_mk66f18.o
                0x00001a24                DMA7_DMA23_IRQHandler
 .text.DMA8_DMA24_IRQHandler
                0x00001a2c        0x8 ./startup/startup_mk66f18.o
                0x00001a2c                DMA8_DMA24_IRQHandler
 .text.DMA9_DMA25_IRQHandler
                0x00001a34        0x8 ./startup/startup_mk66f18.o
                0x00001a34                DMA9_DMA25_IRQHandler
 .text.DMA10_DMA26_IRQHandler
                0x00001a3c        0x8 ./startup/startup_mk66f18.o
                0x00001a3c                DMA10_DMA26_IRQHandler
 .text.DMA11_DMA27_IRQHandler
                0x00001a44        0x8 ./startup/startup_mk66f18.o
                0x00001a44                DMA11_DMA27_IRQHandler
 .text.DMA12_DMA28_IRQHandler
                0x00001a4c        0x8 ./startup/startup_mk66f18.o
                0x00001a4c                DMA12_DMA28_IRQHandler
 .text.DMA13_DMA29_IRQHandler
                0x00001a54        0x8 ./startup/startup_mk66f18.o
                0x00001a54                DMA13_DMA29_IRQHandler
 .text.DMA14_DMA30_IRQHandler
                0x00001a5c        0x8 ./startup/startup_mk66f18.o
                0x00001a5c                DMA14_DMA30_IRQHandler
 .text.DMA15_DMA31_IRQHandler
                0x00001a64        0x8 ./startup/startup_mk66f18.o
                0x00001a64                DMA15_DMA31_IRQHandler
 .text.DMA_Error_IRQHandler
                0x00001a6c        0x8 ./startup/startup_mk66f18.o
                0x00001a6c                DMA_Error_IRQHandler
 .text.MCM_IRQHandler
                0x00001a74        0x8 ./startup/startup_mk66f18.o
                0x00001a74                MCM_IRQHandler
 .text.FTFE_IRQHandler
                0x00001a7c        0x8 ./startup/startup_mk66f18.o
                0x00001a7c                FTFE_IRQHandler
 .text.Read_Collision_IRQHandler
                0x00001a84        0x8 ./startup/startup_mk66f18.o
                0x00001a84                Read_Collision_IRQHandler
 .text.LVD_LVW_IRQHandler
                0x00001a8c        0x8 ./startup/startup_mk66f18.o
                0x00001a8c                LVD_LVW_IRQHandler
 .text.LLWU_IRQHandler
                0x00001a94        0x8 ./startup/startup_mk66f18.o
                0x00001a94                LLWU_IRQHandler
 .text.WDOG_EWM_IRQHandler
                0x00001a9c        0x8 ./startup/startup_mk66f18.o
                0x00001a9c                WDOG_EWM_IRQHandler
 .text.RNG_IRQHandler
                0x00001aa4        0x8 ./startup/startup_mk66f18.o
                0x00001aa4                RNG_IRQHandler
 .text.I2C0_IRQHandler
                0x00001aac        0x8 ./startup/startup_mk66f18.o
                0x00001aac                I2C0_IRQHandler
 .text.I2C1_IRQHandler
                0x00001ab4        0x8 ./startup/startup_mk66f18.o
                0x00001ab4                I2C1_IRQHandler
 .text.SPI0_IRQHandler
                0x00001abc        0x8 ./startup/startup_mk66f18.o
                0x00001abc                SPI0_IRQHandler
 .text.SPI1_IRQHandler
                0x00001ac4        0x8 ./startup/startup_mk66f18.o
                0x00001ac4                SPI1_IRQHandler
 .text.I2S0_Tx_IRQHandler
                0x00001acc        0x8 ./startup/startup_mk66f18.o
                0x00001acc                I2S0_Tx_IRQHandler
 .text.I2S0_Rx_IRQHandler
                0x00001ad4        0x8 ./startup/startup_mk66f18.o
                0x00001ad4                I2S0_Rx_IRQHandler
 .text.Reserved46_IRQHandler
                0x00001adc        0x8 ./startup/startup_mk66f18.o
                0x00001adc                Reserved46_IRQHandler
 .text.UART0_RX_TX_IRQHandler
                0x00001ae4        0x8 ./startup/startup_mk66f18.o
                0x00001ae4                UART0_RX_TX_IRQHandler
 .text.UART0_ERR_IRQHandler
                0x00001aec        0x8 ./startup/startup_mk66f18.o
                0x00001aec                UART0_ERR_IRQHandler
 .text.UART1_RX_TX_IRQHandler
                0x00001af4        0x8 ./startup/startup_mk66f18.o
                0x00001af4                UART1_RX_TX_IRQHandler
 .text.UART1_ERR_IRQHandler
                0x00001afc        0x8 ./startup/startup_mk66f18.o
                0x00001afc                UART1_ERR_IRQHandler
 .text.UART2_RX_TX_IRQHandler
                0x00001b04        0x8 ./startup/startup_mk66f18.o
                0x00001b04                UART2_RX_TX_IRQHandler
 .text.UART2_ERR_IRQHandler
                0x00001b0c        0x8 ./startup/startup_mk66f18.o
                0x00001b0c                UART2_ERR_IRQHandler
 .text.UART3_RX_TX_IRQHandler
                0x00001b14        0x8 ./startup/startup_mk66f18.o
                0x00001b14                UART3_RX_TX_IRQHandler
 .text.UART3_ERR_IRQHandler
                0x00001b1c        0x8 ./startup/startup_mk66f18.o
                0x00001b1c                UART3_ERR_IRQHandler
 .text.ADC0_IRQHandler
                0x00001b24        0x8 ./startup/startup_mk66f18.o
                0x00001b24                ADC0_IRQHandler
 .text.CMP0_IRQHandler
                0x00001b2c        0x8 ./startup/startup_mk66f18.o
                0x00001b2c                CMP0_IRQHandler
 .text.CMP1_IRQHandler
                0x00001b34        0x8 ./startup/startup_mk66f18.o
                0x00001b34                CMP1_IRQHandler
 .text.FTM0_IRQHandler
                0x00001b3c        0x8 ./startup/startup_mk66f18.o
                0x00001b3c                FTM0_IRQHandler
 .text.FTM1_IRQHandler
                0x00001b44        0x8 ./startup/startup_mk66f18.o
                0x00001b44                FTM1_IRQHandler
 .text.FTM2_IRQHandler
                0x00001b4c        0x8 ./startup/startup_mk66f18.o
                0x00001b4c                FTM2_IRQHandler
 .text.CMT_IRQHandler
                0x00001b54        0x8 ./startup/startup_mk66f18.o
                0x00001b54                CMT_IRQHandler
 .text.RTC_IRQHandler
                0x00001b5c        0x8 ./startup/startup_mk66f18.o
                0x00001b5c                RTC_IRQHandler
 .text.RTC_Seconds_IRQHandler
                0x00001b64        0x8 ./startup/startup_mk66f18.o
                0x00001b64                RTC_Seconds_IRQHandler
 .text.PIT0_IRQHandler
                0x00001b6c        0x8 ./startup/startup_mk66f18.o
                0x00001b6c                PIT0_IRQHandler
 .text.PIT1_IRQHandler
                0x00001b74        0x8 ./startup/startup_mk66f18.o
                0x00001b74                PIT1_IRQHandler
 .text.PIT2_IRQHandler
                0x00001b7c        0x8 ./startup/startup_mk66f18.o
                0x00001b7c                PIT2_IRQHandler
 .text.PIT3_IRQHandler
                0x00001b84        0x8 ./startup/startup_mk66f18.o
                0x00001b84                PIT3_IRQHandler
 .text.PDB0_IRQHandler
                0x00001b8c        0x8 ./startup/startup_mk66f18.o
                0x00001b8c                PDB0_IRQHandler
 .text.USB0_IRQHandler
                0x00001b94        0x8 ./startup/startup_mk66f18.o
                0x00001b94                USB0_IRQHandler
 .text.USBDCD_IRQHandler
                0x00001b9c        0x8 ./startup/startup_mk66f18.o
                0x00001b9c                USBDCD_IRQHandler
 .text.Reserved71_IRQHandler
                0x00001ba4        0x8 ./startup/startup_mk66f18.o
                0x00001ba4                Reserved71_IRQHandler
 .text.DAC0_IRQHandler
                0x00001bac        0x8 ./startup/startup_mk66f18.o
                0x00001bac                DAC0_IRQHandler
 .text.MCG_IRQHandler
                0x00001bb4        0x8 ./startup/startup_mk66f18.o
                0x00001bb4                MCG_IRQHandler
 .text.LPTMR0_IRQHandler
                0x00001bbc        0x8 ./startup/startup_mk66f18.o
                0x00001bbc                LPTMR0_IRQHandler
 .text.PORTA_IRQHandler
                0x00001bc4        0x8 ./startup/startup_mk66f18.o
                0x00001bc4                PORTA_IRQHandler
 .text.PORTB_IRQHandler
                0x00001bcc        0x8 ./startup/startup_mk66f18.o
                0x00001bcc                PORTB_IRQHandler
 .text.PORTC_IRQHandler
                0x00001bd4        0x8 ./startup/startup_mk66f18.o
                0x00001bd4                PORTC_IRQHandler
 .text.PORTD_IRQHandler
                0x00001bdc        0x8 ./startup/startup_mk66f18.o
                0x00001bdc                PORTD_IRQHandler
 .text.PORTE_IRQHandler
                0x00001be4        0x8 ./startup/startup_mk66f18.o
                0x00001be4                PORTE_IRQHandler
 .text.SWI_IRQHandler
                0x00001bec        0x8 ./startup/startup_mk66f18.o
                0x00001bec                SWI_IRQHandler
 .text.SPI2_IRQHandler
                0x00001bf4        0x8 ./startup/startup_mk66f18.o
                0x00001bf4                SPI2_IRQHandler
 .text.UART4_RX_TX_IRQHandler
                0x00001bfc        0x8 ./startup/startup_mk66f18.o
                0x00001bfc                UART4_RX_TX_IRQHandler
 .text.UART4_ERR_IRQHandler
                0x00001c04        0x8 ./startup/startup_mk66f18.o
                0x00001c04                UART4_ERR_IRQHandler
 .text.Reserved84_IRQHandler
                0x00001c0c        0x8 ./startup/startup_mk66f18.o
                0x00001c0c                Reserved84_IRQHandler
 .text.Reserved85_IRQHandler
                0x00001c14        0x8 ./startup/startup_mk66f18.o
                0x00001c14                Reserved85_IRQHandler
 .text.CMP2_IRQHandler
                0x00001c1c        0x8 ./startup/startup_mk66f18.o
                0x00001c1c                CMP2_IRQHandler
 .text.FTM3_IRQHandler
                0x00001c24        0x8 ./startup/startup_mk66f18.o
                0x00001c24                FTM3_IRQHandler
 .text.DAC1_IRQHandler
                0x00001c2c        0x8 ./startup/startup_mk66f18.o
                0x00001c2c                DAC1_IRQHandler
 .text.ADC1_IRQHandler
                0x00001c34        0x8 ./startup/startup_mk66f18.o
                0x00001c34                ADC1_IRQHandler
 .text.I2C2_IRQHandler
                0x00001c3c        0x8 ./startup/startup_mk66f18.o
                0x00001c3c                I2C2_IRQHandler
 .text.CAN0_ORed_Message_buffer_IRQHandler
                0x00001c44        0x8 ./startup/startup_mk66f18.o
                0x00001c44                CAN0_ORed_Message_buffer_IRQHandler
 .text.CAN0_Bus_Off_IRQHandler
                0x00001c4c        0x8 ./startup/startup_mk66f18.o
                0x00001c4c                CAN0_Bus_Off_IRQHandler
 .text.CAN0_Error_IRQHandler
                0x00001c54        0x8 ./startup/startup_mk66f18.o
                0x00001c54                CAN0_Error_IRQHandler
 .text.CAN0_Tx_Warning_IRQHandler
                0x00001c5c        0x8 ./startup/startup_mk66f18.o
                0x00001c5c                CAN0_Tx_Warning_IRQHandler
 .text.CAN0_Rx_Warning_IRQHandler
                0x00001c64        0x8 ./startup/startup_mk66f18.o
                0x00001c64                CAN0_Rx_Warning_IRQHandler
 .text.CAN0_Wake_Up_IRQHandler
                0x00001c6c        0x8 ./startup/startup_mk66f18.o
                0x00001c6c                CAN0_Wake_Up_IRQHandler
 .text.SDHC_IRQHandler
                0x00001c74        0x8 ./startup/startup_mk66f18.o
                0x00001c74                SDHC_IRQHandler
 .text.ENET_1588_Timer_IRQHandler
                0x00001c7c        0x8 ./startup/startup_mk66f18.o
                0x00001c7c                ENET_1588_Timer_IRQHandler
 .text.ENET_Transmit_IRQHandler
                0x00001c84        0x8 ./startup/startup_mk66f18.o
                0x00001c84                ENET_Transmit_IRQHandler
 .text.ENET_Receive_IRQHandler
                0x00001c8c        0x8 ./startup/startup_mk66f18.o
                0x00001c8c                ENET_Receive_IRQHandler
 .text.ENET_Error_IRQHandler
                0x00001c94        0x8 ./startup/startup_mk66f18.o
                0x00001c94                ENET_Error_IRQHandler
 .text.LPUART0_IRQHandler
                0x00001c9c        0x8 ./startup/startup_mk66f18.o
                0x00001c9c                LPUART0_IRQHandler
 .text.TSI0_IRQHandler
                0x00001ca4        0x8 ./startup/startup_mk66f18.o
                0x00001ca4                TSI0_IRQHandler
 .text.TPM1_IRQHandler
                0x00001cac        0x8 ./startup/startup_mk66f18.o
                0x00001cac                TPM1_IRQHandler
 .text.TPM2_IRQHandler
                0x00001cb4        0x8 ./startup/startup_mk66f18.o
                0x00001cb4                TPM2_IRQHandler
 .text.USBHSDCD_IRQHandler
                0x00001cbc        0x8 ./startup/startup_mk66f18.o
                0x00001cbc                USBHSDCD_IRQHandler
 .text.I2C3_IRQHandler
                0x00001cc4        0x8 ./startup/startup_mk66f18.o
                0x00001cc4                I2C3_IRQHandler
 .text.CMP3_IRQHandler
                0x00001ccc        0x8 ./startup/startup_mk66f18.o
                0x00001ccc                CMP3_IRQHandler
 .text.USBHS_IRQHandler
                0x00001cd4        0x8 ./startup/startup_mk66f18.o
                0x00001cd4                USBHS_IRQHandler
 .text.CAN1_ORed_Message_buffer_IRQHandler
                0x00001cdc        0x8 ./startup/startup_mk66f18.o
                0x00001cdc                CAN1_ORed_Message_buffer_IRQHandler
 .text.CAN1_Bus_Off_IRQHandler
                0x00001ce4        0x8 ./startup/startup_mk66f18.o
                0x00001ce4                CAN1_Bus_Off_IRQHandler
 .text.CAN1_Error_IRQHandler
                0x00001cec        0x8 ./startup/startup_mk66f18.o
                0x00001cec                CAN1_Error_IRQHandler
 .text.CAN1_Tx_Warning_IRQHandler
                0x00001cf4        0x8 ./startup/startup_mk66f18.o
                0x00001cf4                CAN1_Tx_Warning_IRQHandler
 .text.CAN1_Rx_Warning_IRQHandler
                0x00001cfc        0x8 ./startup/startup_mk66f18.o
                0x00001cfc                CAN1_Rx_Warning_IRQHandler
 .text.CAN1_Wake_Up_IRQHandler
                0x00001d04        0x8 ./startup/startup_mk66f18.o
                0x00001d04                CAN1_Wake_Up_IRQHandler
 .text.AES_init_ctx_iv
                0x00001d0c       0x2c ./source/Drivers/aes.o
                0x00001d0c                AES_init_ctx_iv
 .text.AES_ctx_set_iv
                0x00001d38       0x20 ./source/Drivers/aes.o
                0x00001d38                AES_ctx_set_iv
 .text.AddRoundKey
                0x00001d58       0x78 ./source/Drivers/aes.o
 .text.ShiftRows
                0x00001dd0       0x84 ./source/Drivers/aes.o
 .text.xtime    0x00001e54       0x3e ./source/Drivers/aes.o
 .text.MixColumns
                0x00001e92      0x16a ./source/Drivers/aes.o
 .text.InvMixColumns
                0x00001ffc      0x698 ./source/Drivers/aes.o
 .text.InvShiftRows
                0x00002694       0x84 ./source/Drivers/aes.o
 .text.Cipher   0x00002718       0x5c ./source/Drivers/aes.o
 .text.InvCipher
                0x00002774       0x52 ./source/Drivers/aes.o
 .text.XorWithIv
                0x000027c6       0x46 ./source/Drivers/aes.o
 .text.AES_CBC_encrypt_buffer
                0x0000280c       0x58 ./source/Drivers/aes.o
                0x0000280c                AES_CBC_encrypt_buffer
 .text.AES_CBC_decrypt_buffer
                0x00002864       0x64 ./source/Drivers/aes.o
                0x00002864                AES_CBC_decrypt_buffer
 .text.HardFault_Handler
                0x000028c8       0x36 ./source/semihost_hardfault.o
                0x000028c8                HardFault_Handler
 .text.UART0_RX_TX_DriverIRQHandler
                0x000028fe       0x12 ./drivers/fsl_uart.o
                0x000028fe                UART0_RX_TX_DriverIRQHandler
 .text.UART1_RX_TX_DriverIRQHandler
                0x00002910       0x12 ./drivers/fsl_uart.o
                0x00002910                UART1_RX_TX_DriverIRQHandler
 .text.UART2_RX_TX_DriverIRQHandler
                0x00002922       0x12 ./drivers/fsl_uart.o
                0x00002922                UART2_RX_TX_DriverIRQHandler
 .text.UART3_RX_TX_DriverIRQHandler
                0x00002934       0x12 ./drivers/fsl_uart.o
                0x00002934                UART3_RX_TX_DriverIRQHandler
 .text.UART4_RX_TX_DriverIRQHandler
                0x00002946       0x12 ./drivers/fsl_uart.o
                0x00002946                UART4_RX_TX_DriverIRQHandler
 .text.SystemInitHook
                0x00002958        0xe ./device/system_MK66F18.o
                0x00002958                SystemInitHook
 .text.__main   0x00002966        0xe /usr/local/mcuxpressoide-24.9.25/ide/plugins/com.nxp.mcuxpresso.tools.linux_24.9.0.202407110857/tools/bin/../lib/gcc/arm-none-eabi/13.2.1/../../../../arm-none-eabi/lib/thumb/v7e-m+fp/hard/libcr_nohost_nf.a(_cr__main.o)
                0x00002966                __main
 .text.memcpy   0x00002974        0x4 /usr/local/mcuxpressoide-24.9.25/ide/plugins/com.nxp.mcuxpresso.tools.linux_24.9.0.202407110857/tools/bin/../lib/gcc/arm-none-eabi/13.2.1/../../../../arm-none-eabi/lib/thumb/v7e-m+fp/hard/libcr_c.a(memcpy.o)
                0x00002974                memcpy
 .text.memset   0x00002978        0x4 /usr/local/mcuxpressoide-24.9.25/ide/plugins/com.nxp.mcuxpresso.tools.linux_24.9.0.202407110857/tools/bin/../lib/gcc/arm-none-eabi/13.2.1/../../../../arm-none-eabi/lib/thumb/v7e-m+fp/hard/libcr_c.a(memset.o)
                0x00002978                memset
 .text.free     0x0000297c       0x30 /usr/local/mcuxpressoide-24.9.25/ide/plugins/com.nxp.mcuxpresso.tools.linux_24.9.0.202407110857/tools/bin/../lib/gcc/arm-none-eabi/13.2.1/../../../../arm-none-eabi/lib/thumb/v7e-m+fp/hard/libcr_c.a(alloc.o)
                0x0000297c                free
 .text.setvbuf  0x000029ac       0x3e /usr/local/mcuxpressoide-24.9.25/ide/plugins/com.nxp.mcuxpresso.tools.linux_24.9.0.202407110857/tools/bin/../lib/gcc/arm-none-eabi/13.2.1/../../../../arm-none-eabi/lib/thumb/v7e-m+fp/hard/libcr_c.a(setvbuf.o)
                0x000029ac                setvbuf
 .text.strlen   0x000029ea       0x4e /usr/local/mcuxpressoide-24.9.25/ide/plugins/com.nxp.mcuxpresso.tools.linux_24.9.0.202407110857/tools/bin/../lib/gcc/arm-none-eabi/13.2.1/../../../../arm-none-eabi/lib/thumb/v7e-m+fp/hard/libcr_c.a(strlen.o)
                0x000029ea                strlen
 .text._fdopen  0x00002a38       0x68 /usr/local/mcuxpressoide-24.9.25/ide/plugins/com.nxp.mcuxpresso.tools.linux_24.9.0.202407110857/tools/bin/../lib/gcc/arm-none-eabi/13.2.1/../../../../arm-none-eabi/lib/thumb/v7e-m+fp/hard/libcr_c.a(_fdopen.o)
                0x00002a38                _fdopen
 .text.fclose   0x00002aa0       0x58 /usr/local/mcuxpressoide-24.9.25/ide/plugins/com.nxp.mcuxpresso.tools.linux_24.9.0.202407110857/tools/bin/../lib/gcc/arm-none-eabi/13.2.1/../../../../arm-none-eabi/lib/thumb/v7e-m+fp/hard/libcr_c.a(fclose.o)
                0x00002aa0                fclose
 .text.remove   0x00002af8       0x14 /usr/local/mcuxpressoide-24.9.25/ide/plugins/com.nxp.mcuxpresso.tools.linux_24.9.0.202407110857/tools/bin/../lib/gcc/arm-none-eabi/13.2.1/../../../../arm-none-eabi/lib/thumb/v7e-m+fp/hard/libcr_c.a(remove.o)
                0x00002af8                remove
 .text._do_fflush
                0x00002b0c       0x40 /usr/local/mcuxpressoide-24.9.25/ide/plugins/com.nxp.mcuxpresso.tools.linux_24.9.0.202407110857/tools/bin/../lib/gcc/arm-none-eabi/13.2.1/../../../../arm-none-eabi/lib/thumb/v7e-m+fp/hard/libcr_c.a(_do_fflush.o)
                0x00002b0c                _do_fflush
 .text._fflush  0x00002b4c       0x52 /usr/local/mcuxpressoide-24.9.25/ide/plugins/com.nxp.mcuxpresso.tools.linux_24.9.0.202407110857/tools/bin/../lib/gcc/arm-none-eabi/13.2.1/../../../../arm-none-eabi/lib/thumb/v7e-m+fp/hard/libcr_c.a(_fflush.o)
                0x00002b4c                _fflush
 .text._deferredlazyseek
                0x00002b9e       0x40 /usr/local/mcuxpressoide-24.9.25/ide/plugins/com.nxp.mcuxpresso.tools.linux_24.9.0.202407110857/tools/bin/../lib/gcc/arm-none-eabi/13.2.1/../../../../arm-none-eabi/lib/thumb/v7e-m+fp/hard/libcr_c.a(_deferredlazyseek.o)
                0x00002b9e                _deferredlazyseek
 .text.__aeabi_division_ldivmod
                0x00002bde       0x26 /usr/local/mcuxpressoide-24.9.25/ide/plugins/com.nxp.mcuxpresso.tools.linux_24.9.0.202407110857/tools/bin/../lib/gcc/arm-none-eabi/13.2.1/thumb/v7e-m+fp/hard/libcr_eabihelpers.a(division_64.o)
                0x00002bde                __aeabi_ldivmod
 .text.__aeabi_division_uldivmod
                0x00002c04      0x174 /usr/local/mcuxpressoide-24.9.25/ide/plugins/com.nxp.mcuxpresso.tools.linux_24.9.0.202407110857/tools/bin/../lib/gcc/arm-none-eabi/13.2.1/thumb/v7e-m+fp/hard/libcr_eabihelpers.a(division_64.o)
                0x00002c04                __aeabi_uldivmod
                0x00002c08                __bhs_ldivmod1
 .text.__aeabi_division_idiv0
                0x00002d78        0x2 /usr/local/mcuxpressoide-24.9.25/ide/plugins/com.nxp.mcuxpresso.tools.linux_24.9.0.202407110857/tools/bin/../lib/gcc/arm-none-eabi/13.2.1/thumb/v7e-m+fp/hard/libcr_eabihelpers.a(division_idiv0.o)
                0x00002d78                __aeabi_idiv0
 .text.__aeabi_memcpy
                0x00002d7a       0x34 /usr/local/mcuxpressoide-24.9.25/ide/plugins/com.nxp.mcuxpresso.tools.linux_24.9.0.202407110857/tools/bin/../lib/gcc/arm-none-eabi/13.2.1/thumb/v7e-m+fp/hard/libcr_eabihelpers.a(memcpy.o)
                0x00002d7a                __aeabi_memcpy
                0x00002d84                __aeabi_memcpy4
                0x00002d84                __aeabi_memcpy8
 .text.__aeabi_memset_lowlevel
                0x00002dae       0x32 /usr/local/mcuxpressoide-24.9.25/ide/plugins/com.nxp.mcuxpresso.tools.linux_24.9.0.202407110857/tools/bin/../lib/gcc/arm-none-eabi/13.2.1/thumb/v7e-m+fp/hard/libcr_eabihelpers.a(memcpy.o)
                0x00002dae                __aeabi_lowlevel_memset
 .text.__sys_close
                0x00002de0        0x6 /usr/local/mcuxpressoide-24.9.25/ide/plugins/com.nxp.mcuxpresso.tools.linux_24.9.0.202407110857/tools/bin/../lib/gcc/arm-none-eabi/13.2.1/../../../../arm-none-eabi/lib/thumb/v7e-m+fp/hard/libcr_nohost_nf.a(__sys_close.o)
                0x00002de0                __sys_close
 .text.__sys_flen
                0x00002de6        0x6 /usr/local/mcuxpressoide-24.9.25/ide/plugins/com.nxp.mcuxpresso.tools.linux_24.9.0.202407110857/tools/bin/../lib/gcc/arm-none-eabi/13.2.1/../../../../arm-none-eabi/lib/thumb/v7e-m+fp/hard/libcr_nohost_nf.a(__sys_flen.o)
                0x00002de6                __sys_flen
 .text.__sys_istty
                0x00002dec        0x6 /usr/local/mcuxpressoide-24.9.25/ide/plugins/com.nxp.mcuxpresso.tools.linux_24.9.0.202407110857/tools/bin/../lib/gcc/arm-none-eabi/13.2.1/../../../../arm-none-eabi/lib/thumb/v7e-m+fp/hard/libcr_nohost_nf.a(__sys_istty.o)
                0x00002dec                __sys_istty
 .text.__sys_remove
                0x00002df2        0x6 /usr/local/mcuxpressoide-24.9.25/ide/plugins/com.nxp.mcuxpresso.tools.linux_24.9.0.202407110857/tools/bin/../lib/gcc/arm-none-eabi/13.2.1/../../../../arm-none-eabi/lib/thumb/v7e-m+fp/hard/libcr_nohost_nf.a(__sys_remove.o)
                0x00002df2                __sys_remove
 .text.__sys_seek
                0x00002df8        0x6 /usr/local/mcuxpressoide-24.9.25/ide/plugins/com.nxp.mcuxpresso.tools.linux_24.9.0.202407110857/tools/bin/../lib/gcc/arm-none-eabi/13.2.1/../../../../arm-none-eabi/lib/thumb/v7e-m+fp/hard/libcr_nohost_nf.a(__sys_seek.o)
                0x00002df8                __sys_seek
 .text.__sys_tmpnam
                0x00002dfe        0x6 /usr/local/mcuxpressoide-24.9.25/ide/plugins/com.nxp.mcuxpresso.tools.linux_24.9.0.202407110857/tools/bin/../lib/gcc/arm-none-eabi/13.2.1/../../../../arm-none-eabi/lib/thumb/v7e-m+fp/hard/libcr_nohost_nf.a(__sys_tmpnam.o)
                0x00002dfe                __sys_tmpnam
 .text.__sys_write
                0x00002e04        0x4 /usr/local/mcuxpressoide-24.9.25/ide/plugins/com.nxp.mcuxpresso.tools.linux_24.9.0.202407110857/tools/bin/../lib/gcc/arm-none-eabi/13.2.1/../../../../arm-none-eabi/lib/thumb/v7e-m+fp/hard/libcr_nohost_nf.a(__sys_write.o)
                0x00002e04                __sys_write
 *(SORT_BY_ALIGNMENT(.rodata) SORT_BY_ALIGNMENT(.rodata.*) SORT_BY_ALIGNMENT(.constdata) SORT_BY_ALIGNMENT(.constdata.*))
 .rodata.__assertion_failed.str1.4
                0x00002e08       0x70 ./utilities/fsl_assert.o
                                 0x14 (size before relaxing)
 .rodata.Security_init.str1.4
                0x00002e78       0x25 ./source/Drivers/Security.o
 .rodata.sbox   0x00002e78      0x100 ./source/Drivers/aes.o
 .rodata.rsbox  0x00002f78      0x100 ./source/Drivers/aes.o
 .rodata.Rcon   0x00003078        0xb ./source/Drivers/aes.o
 .rodata.ENET_GetInstance.str1.4
                0x00003083       0x34 ./drivers/fsl_enet.o
 *fill*         0x00003083        0x1 ff
 .rodata.__num_Ciob_streams
                0x00003084        0x4 /usr/local/mcuxpressoide-24.9.25/ide/plugins/com.nxp.mcuxpresso.tools.linux_24.9.0.202407110857/tools/bin/../lib/gcc/arm-none-eabi/13.2.1/../../../../arm-none-eabi/lib/thumb/v7e-m+fp/hard/libcr_nohost_nf.a(__ciob.o)
                0x00003084                __num_Ciob_streams
 .rodata._initio.str1.1
                0x00003088        0x4 /usr/local/mcuxpressoide-24.9.25/ide/plugins/com.nxp.mcuxpresso.tools.linux_24.9.0.202407110857/tools/bin/../lib/gcc/arm-none-eabi/13.2.1/../../../../arm-none-eabi/lib/thumb/v7e-m+fp/hard/libcr_c.a(initio.o)
                0x00003090                        . = ALIGN (0x8)
 *fill*         0x0000308c        0x4 ff

.glue_7         0x00003090        0x0
 .glue_7        0x00003090        0x0 linker stubs

.glue_7t        0x00003090        0x0
 .glue_7t       0x00003090        0x0 linker stubs

.vfp11_veneer   0x00003090        0x0
 .vfp11_veneer  0x00003090        0x0 linker stubs

.v4_bx          0x00003090        0x0
 .v4_bx         0x00003090        0x0 linker stubs

.iplt           0x00003090        0x0
 .iplt          0x00003090        0x0 ./utilities/fsl_assert.o

.rel.dyn        0x00003090        0x0
 .rel.iplt      0x00003090        0x0 ./utilities/fsl_assert.o

.ARM.extab
 *(SORT_BY_ALIGNMENT(.ARM.extab*) SORT_BY_ALIGNMENT(.gnu.linkonce.armextab.*))

.ARM.exidx      0x00003090        0x0
                0x00003090                        __exidx_start = .
 *(SORT_BY_ALIGNMENT(.ARM.exidx*) SORT_BY_ALIGNMENT(.gnu.linkonce.armexidx.*))
                0x00003090                        __exidx_end = .
                0x00003090                        _etext = .

.m_usb_data
 *(SORT_BY_ALIGNMENT(m_usb_bdt))

.data_RAM2      0x1fff0000        0x0 load address 0x00003090
 FILL mask 0xff
                [!provide]                        PROVIDE (__start_data_RAM2 = .)
                [!provide]                        PROVIDE (__start_data_SRAM_LOWER = .)
 *(SORT_BY_ALIGNMENT(.ramfunc.$RAM2))
 *(SORT_BY_ALIGNMENT(.ramfunc.$SRAM_LOWER))
 *(SORT_BY_ALIGNMENT(NonCacheable.init))
 *(SORT_BY_ALIGNMENT(.data.$RAM2))
 *(SORT_BY_ALIGNMENT(.data.$SRAM_LOWER))
 *(SORT_BY_ALIGNMENT(.data.$RAM2.*))
 *(SORT_BY_ALIGNMENT(.data.$SRAM_LOWER.*))
                0x1fff0000                        . = ALIGN (0x8)
                [!provide]                        PROVIDE (__end_data_RAM2 = .)
                [!provide]                        PROVIDE (__end_data_SRAM_LOWER = .)

.data_RAM3      0x14000000        0x0 load address 0x00003090
 FILL mask 0xff
                [!provide]                        PROVIDE (__start_data_RAM3 = .)
                [!provide]                        PROVIDE (__start_data_FLEX_RAM = .)
 *(SORT_BY_ALIGNMENT(.ramfunc.$RAM3))
 *(SORT_BY_ALIGNMENT(.ramfunc.$FLEX_RAM))
 *(SORT_BY_ALIGNMENT(.data.$RAM3))
 *(SORT_BY_ALIGNMENT(.data.$FLEX_RAM))
 *(SORT_BY_ALIGNMENT(.data.$RAM3.*))
 *(SORT_BY_ALIGNMENT(.data.$FLEX_RAM.*))
                0x14000000                        . = ALIGN (0x8)
                [!provide]                        PROVIDE (__end_data_RAM3 = .)
                [!provide]                        PROVIDE (__end_data_FLEX_RAM = .)

.uninit_RESERVED
                0x20000000        0x0
                0x20000000                        _start_uninit_RESERVED = .
 *(SORT_BY_ALIGNMENT(.bss.$RESERVED*))
                0x20000000                        . = ALIGN (0x8)
                0x20000000                        _end_uninit_RESERVED = .

.data           0x20000000       0x20 load address 0x00003090
 FILL mask 0xff
                0x20000000                        _data = .
                [!provide]                        PROVIDE (__start_data_RAM = .)
                [!provide]                        PROVIDE (__start_data_SRAM_UPPER = .)
 *(SORT_BY_ALIGNMENT(vtable))
 *(SORT_BY_ALIGNMENT(.ramfunc*))
 *(SORT_BY_ALIGNMENT(CodeQuickAccess))
 *(SORT_BY_ALIGNMENT(DataQuickAccess))
 *(SORT_BY_ALIGNMENT(RamFunction))
 *(SORT_BY_ALIGNMENT(.data*))
 .data.buffer1  0x20000000       0x20 ./source/enet_txrx_transfer.o
                0x20000000                buffer1
                0x20000020                        . = ALIGN (0x8)
                0x20000020                        _edata = .
                [!provide]                        PROVIDE (__end_data_RAM = .)
                [!provide]                        PROVIDE (__end_data_SRAM_UPPER = .)

.igot.plt       0x20000020        0x0 load address 0x000030b0
 .igot.plt      0x20000020        0x0 ./utilities/fsl_assert.o

.bss_RAM2       0x1fff0000        0x0
                [!provide]                        PROVIDE (__start_bss_RAM2 = .)
                [!provide]                        PROVIDE (__start_bss_SRAM_LOWER = .)
 *(SORT_BY_ALIGNMENT(NonCacheable))
 *(SORT_BY_ALIGNMENT(.bss.$RAM2))
 *(SORT_BY_ALIGNMENT(.bss.$SRAM_LOWER))
 *(SORT_BY_ALIGNMENT(.bss.$RAM2.*))
 *(SORT_BY_ALIGNMENT(.bss.$SRAM_LOWER.*))
                0x1fff0000                        . = ALIGN ((. != 0x0)?0x8:0x1)
                [!provide]                        PROVIDE (__end_bss_RAM2 = .)
                [!provide]                        PROVIDE (__end_bss_SRAM_LOWER = .)

.bss_RAM3       0x14000000        0x0
                [!provide]                        PROVIDE (__start_bss_RAM3 = .)
                [!provide]                        PROVIDE (__start_bss_FLEX_RAM = .)
 *(SORT_BY_ALIGNMENT(.bss.$RAM3))
 *(SORT_BY_ALIGNMENT(.bss.$FLEX_RAM))
 *(SORT_BY_ALIGNMENT(.bss.$RAM3.*))
 *(SORT_BY_ALIGNMENT(.bss.$FLEX_RAM.*))
                0x14000000                        . = ALIGN ((. != 0x0)?0x8:0x1)
                [!provide]                        PROVIDE (__end_bss_RAM3 = .)
                [!provide]                        PROVIDE (__end_bss_FLEX_RAM = .)

.bss            0x20000020      0x200
                0x20000020                        _bss = .
                [!provide]                        PROVIDE (__start_bss_RAM = .)
                [!provide]                        PROVIDE (__start_bss_SRAM_UPPER = .)
 *(SORT_BY_ALIGNMENT(.bss*))
 .bss.s_debugConsole
                0x20000020       0x14 ./utilities/fsl_debug_console.o
 .bss.ctx       0x20000034       0xc0 ./source/Drivers/Security.o
                0x20000034                ctx
 .bss.buffer2   0x200000f4       0x20 ./source/enet_txrx_transfer.o
                0x200000f4                buffer2
 .bss.buffer3   0x20000114       0x20 ./source/enet_txrx_transfer.o
                0x20000114                buffer3
 .bss.s_ENETHandle
                0x20000134        0x4 ./drivers/fsl_enet.o
 .bss.s_enetTxIsr
                0x20000138        0x4 ./drivers/fsl_enet.o
 .bss.s_enetRxIsr
                0x2000013c        0x4 ./drivers/fsl_enet.o
 .bss.s_enetErrIsr
                0x20000140        0x4 ./drivers/fsl_enet.o
 .bss.s_enet1588TimerIsr
                0x20000144        0x4 ./drivers/fsl_enet.o
 .bss.s_lpuartHandle
                0x20000148        0x4 ./drivers/fsl_lpuart.o
                0x20000148                s_lpuartHandle
 .bss.s_lpuartIsr
                0x2000014c        0x4 ./drivers/fsl_lpuart.o
                0x2000014c                s_lpuartIsr
 .bss.s_uartHandle
                0x20000150       0x14 ./drivers/fsl_uart.o
                0x20000150                s_uartHandle
 .bss.s_uartIsr
                0x20000164        0x4 ./drivers/fsl_uart.o
                0x20000164                s_uartIsr
 .bss.errno     0x20000168        0x4 /usr/local/mcuxpressoide-24.9.25/ide/plugins/com.nxp.mcuxpresso.tools.linux_24.9.0.202407110857/tools/bin/../lib/gcc/arm-none-eabi/13.2.1/../../../../arm-none-eabi/lib/thumb/v7e-m+fp/hard/libcr_c.a(errno.o)
                0x20000168                errno
 .bss.__Ciob    0x2000016c       0xb4 /usr/local/mcuxpressoide-24.9.25/ide/plugins/com.nxp.mcuxpresso.tools.linux_24.9.0.202407110857/tools/bin/../lib/gcc/arm-none-eabi/13.2.1/../../../../arm-none-eabi/lib/thumb/v7e-m+fp/hard/libcr_nohost_nf.a(__ciob.o)
                0x2000016c                __Ciob
 *(SORT_BY_ALIGNMENT(COMMON))
                0x20000220                        . = ALIGN (0x8)
                0x20000220                        _ebss = .
                [!provide]                        PROVIDE (__end_bss_RAM = .)
                [!provide]                        PROVIDE (__end_bss_SRAM_UPPER = .)
                [!provide]                        PROVIDE (end = .)

.noinit_RAM2    0x1fff0000        0x0
                [!provide]                        PROVIDE (__start_noinit_RAM2 = .)
                [!provide]                        PROVIDE (__start_noinit_SRAM_LOWER = .)
 *(SORT_BY_ALIGNMENT(.noinit.$RAM2))
 *(SORT_BY_ALIGNMENT(.noinit.$SRAM_LOWER))
 *(SORT_BY_ALIGNMENT(.noinit.$RAM2.*))
 *(SORT_BY_ALIGNMENT(.noinit.$SRAM_LOWER.*))
                0x1fff0000                        . = ALIGN (0x8)
                [!provide]                        PROVIDE (__end_noinit_RAM2 = .)
                [!provide]                        PROVIDE (__end_noinit_SRAM_LOWER = .)

.noinit_RAM3    0x14000000        0x0
                [!provide]                        PROVIDE (__start_noinit_RAM3 = .)
                [!provide]                        PROVIDE (__start_noinit_FLEX_RAM = .)
 *(SORT_BY_ALIGNMENT(.noinit.$RAM3))
 *(SORT_BY_ALIGNMENT(.noinit.$FLEX_RAM))
 *(SORT_BY_ALIGNMENT(.noinit.$RAM3.*))
 *(SORT_BY_ALIGNMENT(.noinit.$FLEX_RAM.*))
                0x14000000                        . = ALIGN (0x8)
                [!provide]                        PROVIDE (__end_noinit_RAM3 = .)
                [!provide]                        PROVIDE (__end_noinit_FLEX_RAM = .)

.noinit         0x20000220        0x0
                0x20000220                        _noinit = .
                [!provide]                        PROVIDE (__start_noinit_RAM = .)
                [!provide]                        PROVIDE (__start_noinit_SRAM_UPPER = .)
 *(SORT_BY_ALIGNMENT(.noinit*))
                0x20000220                        . = ALIGN (0x8)
                0x20000220                        _end_noinit = .
                [!provide]                        PROVIDE (__end_noinit_RAM = .)
                [!provide]                        PROVIDE (__end_noinit_SRAM_UPPER = .)
                0x00001000                        _HeapSize = 0x1000

.heap           0x20000220     0x1000
                0x20000220                        _pvHeapStart = .
                0x20001220                        . = (. + _HeapSize)
 *fill*         0x20000220     0x1000 
                0x20001220                        . = ALIGN (0x8)
                0x20001220                        _pvHeapLimit = .
                0x00001000                        _StackSize = 0x1000

.heap2stackfill
                0x20001220     0x1000
                0x20002220                        . = (. + _StackSize)
 *fill*         0x20001220     0x1000 

.stack          0x2002f000        0x0
                0x2002f000                        _vStackBase = .
                0x2002f000                        . = ALIGN (0x8)
                0x20030000                        _vStackTop = (. + _StackSize)
                0x00000000                        _image_start = LOADADDR (.text)
                0x000030b0                        _image_end = (LOADADDR (.data) + SIZEOF (.data))
                0x000030b0                        _image_size = (_image_end - _image_start)
OUTPUT(Practica1_Enet_Layered_SW.axf elf32-littlearm)
LOAD linker stubs

.debug_info     0x00000000     0xd887
 .debug_info    0x00000000       0xc5 ./utilities/fsl_assert.o
 .debug_info    0x000000c5      0xe03 ./utilities/fsl_debug_console.o
 .debug_info    0x00000ec8      0xe97 ./startup/startup_mk66f18.o
 .debug_info    0x00001d5f      0x212 ./source/Drivers/Security.o
 .debug_info    0x00001f71      0x7ba ./source/Drivers/aes.o
 .debug_info    0x0000272b      0x11e ./source/enet_txrx_transfer.o
 .debug_info    0x00002849       0x3c ./source/semihost_hardfault.o
 .debug_info    0x00002885     0x3bda ./drivers/fsl_enet.o
 .debug_info    0x0000645f     0x1e86 ./drivers/fsl_lpuart.o
 .debug_info    0x000082e5     0x20dd ./drivers/fsl_uart.o
 .debug_info    0x0000a3c2      0xa4e ./device/system_MK66F18.o
 .debug_info    0x0000ae10       0x85 /usr/local/mcuxpressoide-24.9.25/ide/plugins/com.nxp.mcuxpresso.tools.linux_24.9.0.202407110857/tools/bin/../lib/gcc/arm-none-eabi/13.2.1/../../../../arm-none-eabi/lib/thumb/v7e-m+fp/hard/libcr_nohost_nf.a(_cr__main.o)
 .debug_info    0x0000ae95      0x12b /usr/local/mcuxpressoide-24.9.25/ide/plugins/com.nxp.mcuxpresso.tools.linux_24.9.0.202407110857/tools/bin/../lib/gcc/arm-none-eabi/13.2.1/../../../../arm-none-eabi/lib/thumb/v7e-m+fp/hard/libcr_c.a(memcpy.o)
 .debug_info    0x0000afc0       0xfc /usr/local/mcuxpressoide-24.9.25/ide/plugins/com.nxp.mcuxpresso.tools.linux_24.9.0.202407110857/tools/bin/../lib/gcc/arm-none-eabi/13.2.1/../../../../arm-none-eabi/lib/thumb/v7e-m+fp/hard/libcr_c.a(memset.o)
 .debug_info    0x0000b0bc      0x520 /usr/local/mcuxpressoide-24.9.25/ide/plugins/com.nxp.mcuxpresso.tools.linux_24.9.0.202407110857/tools/bin/../lib/gcc/arm-none-eabi/13.2.1/../../../../arm-none-eabi/lib/thumb/v7e-m+fp/hard/libcr_c.a(alloc.o)
 .debug_info    0x0000b5dc      0x339 /usr/local/mcuxpressoide-24.9.25/ide/plugins/com.nxp.mcuxpresso.tools.linux_24.9.0.202407110857/tools/bin/../lib/gcc/arm-none-eabi/13.2.1/../../../../arm-none-eabi/lib/thumb/v7e-m+fp/hard/libcr_c.a(initio.o)
 .debug_info    0x0000b915      0x1fd /usr/local/mcuxpressoide-24.9.25/ide/plugins/com.nxp.mcuxpresso.tools.linux_24.9.0.202407110857/tools/bin/../lib/gcc/arm-none-eabi/13.2.1/../../../../arm-none-eabi/lib/thumb/v7e-m+fp/hard/libcr_c.a(setvbuf.o)
 .debug_info    0x0000bb12       0xe1 /usr/local/mcuxpressoide-24.9.25/ide/plugins/com.nxp.mcuxpresso.tools.linux_24.9.0.202407110857/tools/bin/../lib/gcc/arm-none-eabi/13.2.1/../../../../arm-none-eabi/lib/thumb/v7e-m+fp/hard/libcr_c.a(strlen.o)
 .debug_info    0x0000bbf3      0x24b /usr/local/mcuxpressoide-24.9.25/ide/plugins/com.nxp.mcuxpresso.tools.linux_24.9.0.202407110857/tools/bin/../lib/gcc/arm-none-eabi/13.2.1/../../../../arm-none-eabi/lib/thumb/v7e-m+fp/hard/libcr_c.a(_fdopen.o)
 .debug_info    0x0000be3e       0x44 /usr/local/mcuxpressoide-24.9.25/ide/plugins/com.nxp.mcuxpresso.tools.linux_24.9.0.202407110857/tools/bin/../lib/gcc/arm-none-eabi/13.2.1/../../../../arm-none-eabi/lib/thumb/v7e-m+fp/hard/libcr_c.a(errno.o)
 .debug_info    0x0000be82      0x318 /usr/local/mcuxpressoide-24.9.25/ide/plugins/com.nxp.mcuxpresso.tools.linux_24.9.0.202407110857/tools/bin/../lib/gcc/arm-none-eabi/13.2.1/../../../../arm-none-eabi/lib/thumb/v7e-m+fp/hard/libcr_c.a(fclose.o)
 .debug_info    0x0000c19a      0x209 /usr/local/mcuxpressoide-24.9.25/ide/plugins/com.nxp.mcuxpresso.tools.linux_24.9.0.202407110857/tools/bin/../lib/gcc/arm-none-eabi/13.2.1/../../../../arm-none-eabi/lib/thumb/v7e-m+fp/hard/libcr_c.a(fflush.o)
 .debug_info    0x0000c3a3      0x276 /usr/local/mcuxpressoide-24.9.25/ide/plugins/com.nxp.mcuxpresso.tools.linux_24.9.0.202407110857/tools/bin/../lib/gcc/arm-none-eabi/13.2.1/../../../../arm-none-eabi/lib/thumb/v7e-m+fp/hard/libcr_c.a(fseek.o)
 .debug_info    0x0000c619      0x197 /usr/local/mcuxpressoide-24.9.25/ide/plugins/com.nxp.mcuxpresso.tools.linux_24.9.0.202407110857/tools/bin/../lib/gcc/arm-none-eabi/13.2.1/../../../../arm-none-eabi/lib/thumb/v7e-m+fp/hard/libcr_c.a(ftell.o)
 .debug_info    0x0000c7b0      0x1d7 /usr/local/mcuxpressoide-24.9.25/ide/plugins/com.nxp.mcuxpresso.tools.linux_24.9.0.202407110857/tools/bin/../lib/gcc/arm-none-eabi/13.2.1/../../../../arm-none-eabi/lib/thumb/v7e-m+fp/hard/libcr_c.a(remove.o)
 .debug_info    0x0000c987      0x23a /usr/local/mcuxpressoide-24.9.25/ide/plugins/com.nxp.mcuxpresso.tools.linux_24.9.0.202407110857/tools/bin/../lib/gcc/arm-none-eabi/13.2.1/../../../../arm-none-eabi/lib/thumb/v7e-m+fp/hard/libcr_c.a(_do_fflush.o)
 .debug_info    0x0000cbc1      0x1e3 /usr/local/mcuxpressoide-24.9.25/ide/plugins/com.nxp.mcuxpresso.tools.linux_24.9.0.202407110857/tools/bin/../lib/gcc/arm-none-eabi/13.2.1/../../../../arm-none-eabi/lib/thumb/v7e-m+fp/hard/libcr_c.a(_fflush.o)
 .debug_info    0x0000cda4      0x289 /usr/local/mcuxpressoide-24.9.25/ide/plugins/com.nxp.mcuxpresso.tools.linux_24.9.0.202407110857/tools/bin/../lib/gcc/arm-none-eabi/13.2.1/../../../../arm-none-eabi/lib/thumb/v7e-m+fp/hard/libcr_c.a(_writebuf.o)
 .debug_info    0x0000d02d      0x369 /usr/local/mcuxpressoide-24.9.25/ide/plugins/com.nxp.mcuxpresso.tools.linux_24.9.0.202407110857/tools/bin/../lib/gcc/arm-none-eabi/13.2.1/../../../../arm-none-eabi/lib/thumb/v7e-m+fp/hard/libcr_c.a(_deferredlazyseek.o)
 .debug_info    0x0000d396      0x18b /usr/local/mcuxpressoide-24.9.25/ide/plugins/com.nxp.mcuxpresso.tools.linux_24.9.0.202407110857/tools/bin/../lib/gcc/arm-none-eabi/13.2.1/../../../../arm-none-eabi/lib/thumb/v7e-m+fp/hard/libcr_nohost_nf.a(__ciob.o)
 .debug_info    0x0000d521       0x6a /usr/local/mcuxpressoide-24.9.25/ide/plugins/com.nxp.mcuxpresso.tools.linux_24.9.0.202407110857/tools/bin/../lib/gcc/arm-none-eabi/13.2.1/../../../../arm-none-eabi/lib/thumb/v7e-m+fp/hard/libcr_nohost_nf.a(__sys_close.o)
 .debug_info    0x0000d58b       0x6a /usr/local/mcuxpressoide-24.9.25/ide/plugins/com.nxp.mcuxpresso.tools.linux_24.9.0.202407110857/tools/bin/../lib/gcc/arm-none-eabi/13.2.1/../../../../arm-none-eabi/lib/thumb/v7e-m+fp/hard/libcr_nohost_nf.a(__sys_flen.o)
 .debug_info    0x0000d5f5       0x6a /usr/local/mcuxpressoide-24.9.25/ide/plugins/com.nxp.mcuxpresso.tools.linux_24.9.0.202407110857/tools/bin/../lib/gcc/arm-none-eabi/13.2.1/../../../../arm-none-eabi/lib/thumb/v7e-m+fp/hard/libcr_nohost_nf.a(__sys_istty.o)
 .debug_info    0x0000d65f       0x8a /usr/local/mcuxpressoide-24.9.25/ide/plugins/com.nxp.mcuxpresso.tools.linux_24.9.0.202407110857/tools/bin/../lib/gcc/arm-none-eabi/13.2.1/../../../../arm-none-eabi/lib/thumb/v7e-m+fp/hard/libcr_nohost_nf.a(__sys_remove.o)
 .debug_info    0x0000d6e9       0x78 /usr/local/mcuxpressoide-24.9.25/ide/plugins/com.nxp.mcuxpresso.tools.linux_24.9.0.202407110857/tools/bin/../lib/gcc/arm-none-eabi/13.2.1/../../../../arm-none-eabi/lib/thumb/v7e-m+fp/hard/libcr_nohost_nf.a(__sys_seek.o)
 .debug_info    0x0000d761       0x93 /usr/local/mcuxpressoide-24.9.25/ide/plugins/com.nxp.mcuxpresso.tools.linux_24.9.0.202407110857/tools/bin/../lib/gcc/arm-none-eabi/13.2.1/../../../../arm-none-eabi/lib/thumb/v7e-m+fp/hard/libcr_nohost_nf.a(__sys_tmpnam.o)
 .debug_info    0x0000d7f4       0x93 /usr/local/mcuxpressoide-24.9.25/ide/plugins/com.nxp.mcuxpresso.tools.linux_24.9.0.202407110857/tools/bin/../lib/gcc/arm-none-eabi/13.2.1/../../../../arm-none-eabi/lib/thumb/v7e-m+fp/hard/libcr_nohost_nf.a(__sys_write.o)

.debug_abbrev   0x00000000     0x2cd7
 .debug_abbrev  0x00000000       0x90 ./utilities/fsl_assert.o
 .debug_abbrev  0x00000090      0x285 ./utilities/fsl_debug_console.o
 .debug_abbrev  0x00000315      0x17a ./startup/startup_mk66f18.o
 .debug_abbrev  0x0000048f      0x12f ./source/Drivers/Security.o
 .debug_abbrev  0x000005be      0x1fc ./source/Drivers/aes.o
 .debug_abbrev  0x000007ba       0xba ./source/enet_txrx_transfer.o
 .debug_abbrev  0x00000874       0x31 ./source/semihost_hardfault.o
 .debug_abbrev  0x000008a5      0x428 ./drivers/fsl_enet.o
 .debug_abbrev  0x00000ccd      0x43f ./drivers/fsl_lpuart.o
 .debug_abbrev  0x0000110c      0x45d ./drivers/fsl_uart.o
 .debug_abbrev  0x00001569      0x148 ./device/system_MK66F18.o
 .debug_abbrev  0x000016b1       0x70 /usr/local/mcuxpressoide-24.9.25/ide/plugins/com.nxp.mcuxpresso.tools.linux_24.9.0.202407110857/tools/bin/../lib/gcc/arm-none-eabi/13.2.1/../../../../arm-none-eabi/lib/thumb/v7e-m+fp/hard/libcr_nohost_nf.a(_cr__main.o)
 .debug_abbrev  0x00001721       0xb6 /usr/local/mcuxpressoide-24.9.25/ide/plugins/com.nxp.mcuxpresso.tools.linux_24.9.0.202407110857/tools/bin/../lib/gcc/arm-none-eabi/13.2.1/../../../../arm-none-eabi/lib/thumb/v7e-m+fp/hard/libcr_c.a(memcpy.o)
 .debug_abbrev  0x000017d7       0xa8 /usr/local/mcuxpressoide-24.9.25/ide/plugins/com.nxp.mcuxpresso.tools.linux_24.9.0.202407110857/tools/bin/../lib/gcc/arm-none-eabi/13.2.1/../../../../arm-none-eabi/lib/thumb/v7e-m+fp/hard/libcr_c.a(memset.o)
 .debug_abbrev  0x0000187f      0x284 /usr/local/mcuxpressoide-24.9.25/ide/plugins/com.nxp.mcuxpresso.tools.linux_24.9.0.202407110857/tools/bin/../lib/gcc/arm-none-eabi/13.2.1/../../../../arm-none-eabi/lib/thumb/v7e-m+fp/hard/libcr_c.a(alloc.o)
 .debug_abbrev  0x00001b03      0x169 /usr/local/mcuxpressoide-24.9.25/ide/plugins/com.nxp.mcuxpresso.tools.linux_24.9.0.202407110857/tools/bin/../lib/gcc/arm-none-eabi/13.2.1/../../../../arm-none-eabi/lib/thumb/v7e-m+fp/hard/libcr_c.a(initio.o)
 .debug_abbrev  0x00001c6c       0xe1 /usr/local/mcuxpressoide-24.9.25/ide/plugins/com.nxp.mcuxpresso.tools.linux_24.9.0.202407110857/tools/bin/../lib/gcc/arm-none-eabi/13.2.1/../../../../arm-none-eabi/lib/thumb/v7e-m+fp/hard/libcr_c.a(setvbuf.o)
 .debug_abbrev  0x00001d4d       0xa7 /usr/local/mcuxpressoide-24.9.25/ide/plugins/com.nxp.mcuxpresso.tools.linux_24.9.0.202407110857/tools/bin/../lib/gcc/arm-none-eabi/13.2.1/../../../../arm-none-eabi/lib/thumb/v7e-m+fp/hard/libcr_c.a(strlen.o)
 .debug_abbrev  0x00001df4      0x119 /usr/local/mcuxpressoide-24.9.25/ide/plugins/com.nxp.mcuxpresso.tools.linux_24.9.0.202407110857/tools/bin/../lib/gcc/arm-none-eabi/13.2.1/../../../../arm-none-eabi/lib/thumb/v7e-m+fp/hard/libcr_c.a(_fdopen.o)
 .debug_abbrev  0x00001f0d       0x44 /usr/local/mcuxpressoide-24.9.25/ide/plugins/com.nxp.mcuxpresso.tools.linux_24.9.0.202407110857/tools/bin/../lib/gcc/arm-none-eabi/13.2.1/../../../../arm-none-eabi/lib/thumb/v7e-m+fp/hard/libcr_c.a(errno.o)
 .debug_abbrev  0x00001f51      0x155 /usr/local/mcuxpressoide-24.9.25/ide/plugins/com.nxp.mcuxpresso.tools.linux_24.9.0.202407110857/tools/bin/../lib/gcc/arm-none-eabi/13.2.1/../../../../arm-none-eabi/lib/thumb/v7e-m+fp/hard/libcr_c.a(fclose.o)
 .debug_abbrev  0x000020a6      0x125 /usr/local/mcuxpressoide-24.9.25/ide/plugins/com.nxp.mcuxpresso.tools.linux_24.9.0.202407110857/tools/bin/../lib/gcc/arm-none-eabi/13.2.1/../../../../arm-none-eabi/lib/thumb/v7e-m+fp/hard/libcr_c.a(fflush.o)
 .debug_abbrev  0x000021cb      0x11b /usr/local/mcuxpressoide-24.9.25/ide/plugins/com.nxp.mcuxpresso.tools.linux_24.9.0.202407110857/tools/bin/../lib/gcc/arm-none-eabi/13.2.1/../../../../arm-none-eabi/lib/thumb/v7e-m+fp/hard/libcr_c.a(fseek.o)
 .debug_abbrev  0x000022e6       0xc2 /usr/local/mcuxpressoide-24.9.25/ide/plugins/com.nxp.mcuxpresso.tools.linux_24.9.0.202407110857/tools/bin/../lib/gcc/arm-none-eabi/13.2.1/../../../../arm-none-eabi/lib/thumb/v7e-m+fp/hard/libcr_c.a(ftell.o)
 .debug_abbrev  0x000023a8       0xfb /usr/local/mcuxpressoide-24.9.25/ide/plugins/com.nxp.mcuxpresso.tools.linux_24.9.0.202407110857/tools/bin/../lib/gcc/arm-none-eabi/13.2.1/../../../../arm-none-eabi/lib/thumb/v7e-m+fp/hard/libcr_c.a(remove.o)
 .debug_abbrev  0x000024a3      0x12c /usr/local/mcuxpressoide-24.9.25/ide/plugins/com.nxp.mcuxpresso.tools.linux_24.9.0.202407110857/tools/bin/../lib/gcc/arm-none-eabi/13.2.1/../../../../arm-none-eabi/lib/thumb/v7e-m+fp/hard/libcr_c.a(_do_fflush.o)
 .debug_abbrev  0x000025cf       0xf1 /usr/local/mcuxpressoide-24.9.25/ide/plugins/com.nxp.mcuxpresso.tools.linux_24.9.0.202407110857/tools/bin/../lib/gcc/arm-none-eabi/13.2.1/../../../../arm-none-eabi/lib/thumb/v7e-m+fp/hard/libcr_c.a(_fflush.o)
 .debug_abbrev  0x000026c0      0x126 /usr/local/mcuxpressoide-24.9.25/ide/plugins/com.nxp.mcuxpresso.tools.linux_24.9.0.202407110857/tools/bin/../lib/gcc/arm-none-eabi/13.2.1/../../../../arm-none-eabi/lib/thumb/v7e-m+fp/hard/libcr_c.a(_writebuf.o)
 .debug_abbrev  0x000027e6      0x152 /usr/local/mcuxpressoide-24.9.25/ide/plugins/com.nxp.mcuxpresso.tools.linux_24.9.0.202407110857/tools/bin/../lib/gcc/arm-none-eabi/13.2.1/../../../../arm-none-eabi/lib/thumb/v7e-m+fp/hard/libcr_c.a(_deferredlazyseek.o)
 .debug_abbrev  0x00002938       0xb5 /usr/local/mcuxpressoide-24.9.25/ide/plugins/com.nxp.mcuxpresso.tools.linux_24.9.0.202407110857/tools/bin/../lib/gcc/arm-none-eabi/13.2.1/../../../../arm-none-eabi/lib/thumb/v7e-m+fp/hard/libcr_nohost_nf.a(__ciob.o)
 .debug_abbrev  0x000029ed       0x5c /usr/local/mcuxpressoide-24.9.25/ide/plugins/com.nxp.mcuxpresso.tools.linux_24.9.0.202407110857/tools/bin/../lib/gcc/arm-none-eabi/13.2.1/../../../../arm-none-eabi/lib/thumb/v7e-m+fp/hard/libcr_nohost_nf.a(__sys_close.o)
 .debug_abbrev  0x00002a49       0x5c /usr/local/mcuxpressoide-24.9.25/ide/plugins/com.nxp.mcuxpresso.tools.linux_24.9.0.202407110857/tools/bin/../lib/gcc/arm-none-eabi/13.2.1/../../../../arm-none-eabi/lib/thumb/v7e-m+fp/hard/libcr_nohost_nf.a(__sys_flen.o)
 .debug_abbrev  0x00002aa5       0x5c /usr/local/mcuxpressoide-24.9.25/ide/plugins/com.nxp.mcuxpresso.tools.linux_24.9.0.202407110857/tools/bin/../lib/gcc/arm-none-eabi/13.2.1/../../../../arm-none-eabi/lib/thumb/v7e-m+fp/hard/libcr_nohost_nf.a(__sys_istty.o)
 .debug_abbrev  0x00002b01       0x7d /usr/local/mcuxpressoide-24.9.25/ide/plugins/com.nxp.mcuxpresso.tools.linux_24.9.0.202407110857/tools/bin/../lib/gcc/arm-none-eabi/13.2.1/../../../../arm-none-eabi/lib/thumb/v7e-m+fp/hard/libcr_nohost_nf.a(__sys_remove.o)
 .debug_abbrev  0x00002b7e       0x6d /usr/local/mcuxpressoide-24.9.25/ide/plugins/com.nxp.mcuxpresso.tools.linux_24.9.0.202407110857/tools/bin/../lib/gcc/arm-none-eabi/13.2.1/../../../../arm-none-eabi/lib/thumb/v7e-m+fp/hard/libcr_nohost_nf.a(__sys_seek.o)
 .debug_abbrev  0x00002beb       0x76 /usr/local/mcuxpressoide-24.9.25/ide/plugins/com.nxp.mcuxpresso.tools.linux_24.9.0.202407110857/tools/bin/../lib/gcc/arm-none-eabi/13.2.1/../../../../arm-none-eabi/lib/thumb/v7e-m+fp/hard/libcr_nohost_nf.a(__sys_tmpnam.o)
 .debug_abbrev  0x00002c61       0x76 /usr/local/mcuxpressoide-24.9.25/ide/plugins/com.nxp.mcuxpresso.tools.linux_24.9.0.202407110857/tools/bin/../lib/gcc/arm-none-eabi/13.2.1/../../../../arm-none-eabi/lib/thumb/v7e-m+fp/hard/libcr_nohost_nf.a(__sys_write.o)

.debug_aranges  0x00000000      0xe10
 .debug_aranges
                0x00000000       0x20 ./utilities/fsl_assert.o
 .debug_aranges
                0x00000020       0x78 ./utilities/fsl_debug_console.o
 .debug_aranges
                0x00000098      0x3a0 ./startup/startup_mk66f18.o
 .debug_aranges
                0x00000438       0x30 ./source/Drivers/Security.o
 .debug_aranges
                0x00000468       0xb8 ./source/Drivers/aes.o
 .debug_aranges
                0x00000520       0x20 ./source/enet_txrx_transfer.o
 .debug_aranges
                0x00000540       0x20 ./source/semihost_hardfault.o
 .debug_aranges
                0x00000560      0x238 ./drivers/fsl_enet.o
 .debug_aranges
                0x00000798      0x138 ./drivers/fsl_lpuart.o
 .debug_aranges
                0x000008d0      0x1a8 ./drivers/fsl_uart.o
 .debug_aranges
                0x00000a78       0x30 ./device/system_MK66F18.o
 .debug_aranges
                0x00000aa8       0x20 /usr/local/mcuxpressoide-24.9.25/ide/plugins/com.nxp.mcuxpresso.tools.linux_24.9.0.202407110857/tools/bin/../lib/gcc/arm-none-eabi/13.2.1/../../../../arm-none-eabi/lib/thumb/v7e-m+fp/hard/libcr_nohost_nf.a(_cr__main.o)
 .debug_aranges
                0x00000ac8       0x20 /usr/local/mcuxpressoide-24.9.25/ide/plugins/com.nxp.mcuxpresso.tools.linux_24.9.0.202407110857/tools/bin/../lib/gcc/arm-none-eabi/13.2.1/../../../../arm-none-eabi/lib/thumb/v7e-m+fp/hard/libcr_c.a(memcpy.o)
 .debug_aranges
                0x00000ae8       0x20 /usr/local/mcuxpressoide-24.9.25/ide/plugins/com.nxp.mcuxpresso.tools.linux_24.9.0.202407110857/tools/bin/../lib/gcc/arm-none-eabi/13.2.1/../../../../arm-none-eabi/lib/thumb/v7e-m+fp/hard/libcr_c.a(memset.o)
 .debug_aranges
                0x00000b08       0x40 /usr/local/mcuxpressoide-24.9.25/ide/plugins/com.nxp.mcuxpresso.tools.linux_24.9.0.202407110857/tools/bin/../lib/gcc/arm-none-eabi/13.2.1/../../../../arm-none-eabi/lib/thumb/v7e-m+fp/hard/libcr_c.a(alloc.o)
 .debug_aranges
                0x00000b48       0x28 /usr/local/mcuxpressoide-24.9.25/ide/plugins/com.nxp.mcuxpresso.tools.linux_24.9.0.202407110857/tools/bin/../lib/gcc/arm-none-eabi/13.2.1/../../../../arm-none-eabi/lib/thumb/v7e-m+fp/hard/libcr_c.a(initio.o)
 .debug_aranges
                0x00000b70       0x20 /usr/local/mcuxpressoide-24.9.25/ide/plugins/com.nxp.mcuxpresso.tools.linux_24.9.0.202407110857/tools/bin/../lib/gcc/arm-none-eabi/13.2.1/../../../../arm-none-eabi/lib/thumb/v7e-m+fp/hard/libcr_c.a(setvbuf.o)
 .debug_aranges
                0x00000b90       0x20 /usr/local/mcuxpressoide-24.9.25/ide/plugins/com.nxp.mcuxpresso.tools.linux_24.9.0.202407110857/tools/bin/../lib/gcc/arm-none-eabi/13.2.1/../../../../arm-none-eabi/lib/thumb/v7e-m+fp/hard/libcr_c.a(strlen.o)
 .debug_aranges
                0x00000bb0       0x20 /usr/local/mcuxpressoide-24.9.25/ide/plugins/com.nxp.mcuxpresso.tools.linux_24.9.0.202407110857/tools/bin/../lib/gcc/arm-none-eabi/13.2.1/../../../../arm-none-eabi/lib/thumb/v7e-m+fp/hard/libcr_c.a(_fdopen.o)
 .debug_aranges
                0x00000bd0       0x18 /usr/local/mcuxpressoide-24.9.25/ide/plugins/com.nxp.mcuxpresso.tools.linux_24.9.0.202407110857/tools/bin/../lib/gcc/arm-none-eabi/13.2.1/../../../../arm-none-eabi/lib/thumb/v7e-m+fp/hard/libcr_c.a(errno.o)
 .debug_aranges
                0x00000be8       0x20 /usr/local/mcuxpressoide-24.9.25/ide/plugins/com.nxp.mcuxpresso.tools.linux_24.9.0.202407110857/tools/bin/../lib/gcc/arm-none-eabi/13.2.1/../../../../arm-none-eabi/lib/thumb/v7e-m+fp/hard/libcr_c.a(fclose.o)
 .debug_aranges
                0x00000c08       0x20 /usr/local/mcuxpressoide-24.9.25/ide/plugins/com.nxp.mcuxpresso.tools.linux_24.9.0.202407110857/tools/bin/../lib/gcc/arm-none-eabi/13.2.1/../../../../arm-none-eabi/lib/thumb/v7e-m+fp/hard/libcr_c.a(fflush.o)
 .debug_aranges
                0x00000c28       0x20 /usr/local/mcuxpressoide-24.9.25/ide/plugins/com.nxp.mcuxpresso.tools.linux_24.9.0.202407110857/tools/bin/../lib/gcc/arm-none-eabi/13.2.1/../../../../arm-none-eabi/lib/thumb/v7e-m+fp/hard/libcr_c.a(fseek.o)
 .debug_aranges
                0x00000c48       0x20 /usr/local/mcuxpressoide-24.9.25/ide/plugins/com.nxp.mcuxpresso.tools.linux_24.9.0.202407110857/tools/bin/../lib/gcc/arm-none-eabi/13.2.1/../../../../arm-none-eabi/lib/thumb/v7e-m+fp/hard/libcr_c.a(ftell.o)
 .debug_aranges
                0x00000c68       0x28 /usr/local/mcuxpressoide-24.9.25/ide/plugins/com.nxp.mcuxpresso.tools.linux_24.9.0.202407110857/tools/bin/../lib/gcc/arm-none-eabi/13.2.1/../../../../arm-none-eabi/lib/thumb/v7e-m+fp/hard/libcr_c.a(remove.o)
 .debug_aranges
                0x00000c90       0x20 /usr/local/mcuxpressoide-24.9.25/ide/plugins/com.nxp.mcuxpresso.tools.linux_24.9.0.202407110857/tools/bin/../lib/gcc/arm-none-eabi/13.2.1/../../../../arm-none-eabi/lib/thumb/v7e-m+fp/hard/libcr_c.a(_do_fflush.o)
 .debug_aranges
                0x00000cb0       0x20 /usr/local/mcuxpressoide-24.9.25/ide/plugins/com.nxp.mcuxpresso.tools.linux_24.9.0.202407110857/tools/bin/../lib/gcc/arm-none-eabi/13.2.1/../../../../arm-none-eabi/lib/thumb/v7e-m+fp/hard/libcr_c.a(_fflush.o)
 .debug_aranges
                0x00000cd0       0x20 /usr/local/mcuxpressoide-24.9.25/ide/plugins/com.nxp.mcuxpresso.tools.linux_24.9.0.202407110857/tools/bin/../lib/gcc/arm-none-eabi/13.2.1/../../../../arm-none-eabi/lib/thumb/v7e-m+fp/hard/libcr_c.a(_writebuf.o)
 .debug_aranges
                0x00000cf0       0x28 /usr/local/mcuxpressoide-24.9.25/ide/plugins/com.nxp.mcuxpresso.tools.linux_24.9.0.202407110857/tools/bin/../lib/gcc/arm-none-eabi/13.2.1/../../../../arm-none-eabi/lib/thumb/v7e-m+fp/hard/libcr_c.a(_deferredlazyseek.o)
 .debug_aranges
                0x00000d18       0x18 /usr/local/mcuxpressoide-24.9.25/ide/plugins/com.nxp.mcuxpresso.tools.linux_24.9.0.202407110857/tools/bin/../lib/gcc/arm-none-eabi/13.2.1/../../../../arm-none-eabi/lib/thumb/v7e-m+fp/hard/libcr_nohost_nf.a(__ciob.o)
 .debug_aranges
                0x00000d30       0x20 /usr/local/mcuxpressoide-24.9.25/ide/plugins/com.nxp.mcuxpresso.tools.linux_24.9.0.202407110857/tools/bin/../lib/gcc/arm-none-eabi/13.2.1/../../../../arm-none-eabi/lib/thumb/v7e-m+fp/hard/libcr_nohost_nf.a(__sys_close.o)
 .debug_aranges
                0x00000d50       0x20 /usr/local/mcuxpressoide-24.9.25/ide/plugins/com.nxp.mcuxpresso.tools.linux_24.9.0.202407110857/tools/bin/../lib/gcc/arm-none-eabi/13.2.1/../../../../arm-none-eabi/lib/thumb/v7e-m+fp/hard/libcr_nohost_nf.a(__sys_flen.o)
 .debug_aranges
                0x00000d70       0x20 /usr/local/mcuxpressoide-24.9.25/ide/plugins/com.nxp.mcuxpresso.tools.linux_24.9.0.202407110857/tools/bin/../lib/gcc/arm-none-eabi/13.2.1/../../../../arm-none-eabi/lib/thumb/v7e-m+fp/hard/libcr_nohost_nf.a(__sys_istty.o)
 .debug_aranges
                0x00000d90       0x20 /usr/local/mcuxpressoide-24.9.25/ide/plugins/com.nxp.mcuxpresso.tools.linux_24.9.0.202407110857/tools/bin/../lib/gcc/arm-none-eabi/13.2.1/../../../../arm-none-eabi/lib/thumb/v7e-m+fp/hard/libcr_nohost_nf.a(__sys_remove.o)
 .debug_aranges
                0x00000db0       0x20 /usr/local/mcuxpressoide-24.9.25/ide/plugins/com.nxp.mcuxpresso.tools.linux_24.9.0.202407110857/tools/bin/../lib/gcc/arm-none-eabi/13.2.1/../../../../arm-none-eabi/lib/thumb/v7e-m+fp/hard/libcr_nohost_nf.a(__sys_seek.o)
 .debug_aranges
                0x00000dd0       0x20 /usr/local/mcuxpressoide-24.9.25/ide/plugins/com.nxp.mcuxpresso.tools.linux_24.9.0.202407110857/tools/bin/../lib/gcc/arm-none-eabi/13.2.1/../../../../arm-none-eabi/lib/thumb/v7e-m+fp/hard/libcr_nohost_nf.a(__sys_tmpnam.o)
 .debug_aranges
                0x00000df0       0x20 /usr/local/mcuxpressoide-24.9.25/ide/plugins/com.nxp.mcuxpresso.tools.linux_24.9.0.202407110857/tools/bin/../lib/gcc/arm-none-eabi/13.2.1/../../../../arm-none-eabi/lib/thumb/v7e-m+fp/hard/libcr_nohost_nf.a(__sys_write.o)

.debug_ranges   0x00000000      0xc18
 .debug_ranges  0x00000000       0x10 ./utilities/fsl_assert.o
 .debug_ranges  0x00000010       0x68 ./utilities/fsl_debug_console.o
 .debug_ranges  0x00000078      0x390 ./startup/startup_mk66f18.o
 .debug_ranges  0x00000408       0x20 ./source/Drivers/Security.o
 .debug_ranges  0x00000428       0xa8 ./source/Drivers/aes.o
 .debug_ranges  0x000004d0       0x10 ./source/enet_txrx_transfer.o
 .debug_ranges  0x000004e0       0x10 ./source/semihost_hardfault.o
 .debug_ranges  0x000004f0      0x228 ./drivers/fsl_enet.o
 .debug_ranges  0x00000718      0x128 ./drivers/fsl_lpuart.o
 .debug_ranges  0x00000840      0x198 ./drivers/fsl_uart.o
 .debug_ranges  0x000009d8       0x20 ./device/system_MK66F18.o
 .debug_ranges  0x000009f8       0x10 /usr/local/mcuxpressoide-24.9.25/ide/plugins/com.nxp.mcuxpresso.tools.linux_24.9.0.202407110857/tools/bin/../lib/gcc/arm-none-eabi/13.2.1/../../../../arm-none-eabi/lib/thumb/v7e-m+fp/hard/libcr_nohost_nf.a(_cr__main.o)
 .debug_ranges  0x00000a08       0x10 /usr/local/mcuxpressoide-24.9.25/ide/plugins/com.nxp.mcuxpresso.tools.linux_24.9.0.202407110857/tools/bin/../lib/gcc/arm-none-eabi/13.2.1/../../../../arm-none-eabi/lib/thumb/v7e-m+fp/hard/libcr_c.a(memcpy.o)
 .debug_ranges  0x00000a18       0x10 /usr/local/mcuxpressoide-24.9.25/ide/plugins/com.nxp.mcuxpresso.tools.linux_24.9.0.202407110857/tools/bin/../lib/gcc/arm-none-eabi/13.2.1/../../../../arm-none-eabi/lib/thumb/v7e-m+fp/hard/libcr_c.a(memset.o)
 .debug_ranges  0x00000a28       0x48 /usr/local/mcuxpressoide-24.9.25/ide/plugins/com.nxp.mcuxpresso.tools.linux_24.9.0.202407110857/tools/bin/../lib/gcc/arm-none-eabi/13.2.1/../../../../arm-none-eabi/lib/thumb/v7e-m+fp/hard/libcr_c.a(alloc.o)
 .debug_ranges  0x00000a70       0x18 /usr/local/mcuxpressoide-24.9.25/ide/plugins/com.nxp.mcuxpresso.tools.linux_24.9.0.202407110857/tools/bin/../lib/gcc/arm-none-eabi/13.2.1/../../../../arm-none-eabi/lib/thumb/v7e-m+fp/hard/libcr_c.a(initio.o)
 .debug_ranges  0x00000a88       0x10 /usr/local/mcuxpressoide-24.9.25/ide/plugins/com.nxp.mcuxpresso.tools.linux_24.9.0.202407110857/tools/bin/../lib/gcc/arm-none-eabi/13.2.1/../../../../arm-none-eabi/lib/thumb/v7e-m+fp/hard/libcr_c.a(setvbuf.o)
 .debug_ranges  0x00000a98       0x10 /usr/local/mcuxpressoide-24.9.25/ide/plugins/com.nxp.mcuxpresso.tools.linux_24.9.0.202407110857/tools/bin/../lib/gcc/arm-none-eabi/13.2.1/../../../../arm-none-eabi/lib/thumb/v7e-m+fp/hard/libcr_c.a(strlen.o)
 .debug_ranges  0x00000aa8       0x10 /usr/local/mcuxpressoide-24.9.25/ide/plugins/com.nxp.mcuxpresso.tools.linux_24.9.0.202407110857/tools/bin/../lib/gcc/arm-none-eabi/13.2.1/../../../../arm-none-eabi/lib/thumb/v7e-m+fp/hard/libcr_c.a(_fdopen.o)
 .debug_ranges  0x00000ab8       0x10 /usr/local/mcuxpressoide-24.9.25/ide/plugins/com.nxp.mcuxpresso.tools.linux_24.9.0.202407110857/tools/bin/../lib/gcc/arm-none-eabi/13.2.1/../../../../arm-none-eabi/lib/thumb/v7e-m+fp/hard/libcr_c.a(fclose.o)
 .debug_ranges  0x00000ac8       0x30 /usr/local/mcuxpressoide-24.9.25/ide/plugins/com.nxp.mcuxpresso.tools.linux_24.9.0.202407110857/tools/bin/../lib/gcc/arm-none-eabi/13.2.1/../../../../arm-none-eabi/lib/thumb/v7e-m+fp/hard/libcr_c.a(fflush.o)
 .debug_ranges  0x00000af8       0x10 /usr/local/mcuxpressoide-24.9.25/ide/plugins/com.nxp.mcuxpresso.tools.linux_24.9.0.202407110857/tools/bin/../lib/gcc/arm-none-eabi/13.2.1/../../../../arm-none-eabi/lib/thumb/v7e-m+fp/hard/libcr_c.a(fseek.o)
 .debug_ranges  0x00000b08       0x10 /usr/local/mcuxpressoide-24.9.25/ide/plugins/com.nxp.mcuxpresso.tools.linux_24.9.0.202407110857/tools/bin/../lib/gcc/arm-none-eabi/13.2.1/../../../../arm-none-eabi/lib/thumb/v7e-m+fp/hard/libcr_c.a(ftell.o)
 .debug_ranges  0x00000b18       0x18 /usr/local/mcuxpressoide-24.9.25/ide/plugins/com.nxp.mcuxpresso.tools.linux_24.9.0.202407110857/tools/bin/../lib/gcc/arm-none-eabi/13.2.1/../../../../arm-none-eabi/lib/thumb/v7e-m+fp/hard/libcr_c.a(remove.o)
 .debug_ranges  0x00000b30       0x28 /usr/local/mcuxpressoide-24.9.25/ide/plugins/com.nxp.mcuxpresso.tools.linux_24.9.0.202407110857/tools/bin/../lib/gcc/arm-none-eabi/13.2.1/../../../../arm-none-eabi/lib/thumb/v7e-m+fp/hard/libcr_c.a(_do_fflush.o)
 .debug_ranges  0x00000b58       0x10 /usr/local/mcuxpressoide-24.9.25/ide/plugins/com.nxp.mcuxpresso.tools.linux_24.9.0.202407110857/tools/bin/../lib/gcc/arm-none-eabi/13.2.1/../../../../arm-none-eabi/lib/thumb/v7e-m+fp/hard/libcr_c.a(_fflush.o)
 .debug_ranges  0x00000b68       0x10 /usr/local/mcuxpressoide-24.9.25/ide/plugins/com.nxp.mcuxpresso.tools.linux_24.9.0.202407110857/tools/bin/../lib/gcc/arm-none-eabi/13.2.1/../../../../arm-none-eabi/lib/thumb/v7e-m+fp/hard/libcr_c.a(_writebuf.o)
 .debug_ranges  0x00000b78       0x30 /usr/local/mcuxpressoide-24.9.25/ide/plugins/com.nxp.mcuxpresso.tools.linux_24.9.0.202407110857/tools/bin/../lib/gcc/arm-none-eabi/13.2.1/../../../../arm-none-eabi/lib/thumb/v7e-m+fp/hard/libcr_c.a(_deferredlazyseek.o)
 .debug_ranges  0x00000ba8       0x10 /usr/local/mcuxpressoide-24.9.25/ide/plugins/com.nxp.mcuxpresso.tools.linux_24.9.0.202407110857/tools/bin/../lib/gcc/arm-none-eabi/13.2.1/../../../../arm-none-eabi/lib/thumb/v7e-m+fp/hard/libcr_nohost_nf.a(__sys_close.o)
 .debug_ranges  0x00000bb8       0x10 /usr/local/mcuxpressoide-24.9.25/ide/plugins/com.nxp.mcuxpresso.tools.linux_24.9.0.202407110857/tools/bin/../lib/gcc/arm-none-eabi/13.2.1/../../../../arm-none-eabi/lib/thumb/v7e-m+fp/hard/libcr_nohost_nf.a(__sys_flen.o)
 .debug_ranges  0x00000bc8       0x10 /usr/local/mcuxpressoide-24.9.25/ide/plugins/com.nxp.mcuxpresso.tools.linux_24.9.0.202407110857/tools/bin/../lib/gcc/arm-none-eabi/13.2.1/../../../../arm-none-eabi/lib/thumb/v7e-m+fp/hard/libcr_nohost_nf.a(__sys_istty.o)
 .debug_ranges  0x00000bd8       0x10 /usr/local/mcuxpressoide-24.9.25/ide/plugins/com.nxp.mcuxpresso.tools.linux_24.9.0.202407110857/tools/bin/../lib/gcc/arm-none-eabi/13.2.1/../../../../arm-none-eabi/lib/thumb/v7e-m+fp/hard/libcr_nohost_nf.a(__sys_remove.o)
 .debug_ranges  0x00000be8       0x10 /usr/local/mcuxpressoide-24.9.25/ide/plugins/com.nxp.mcuxpresso.tools.linux_24.9.0.202407110857/tools/bin/../lib/gcc/arm-none-eabi/13.2.1/../../../../arm-none-eabi/lib/thumb/v7e-m+fp/hard/libcr_nohost_nf.a(__sys_seek.o)
 .debug_ranges  0x00000bf8       0x10 /usr/local/mcuxpressoide-24.9.25/ide/plugins/com.nxp.mcuxpresso.tools.linux_24.9.0.202407110857/tools/bin/../lib/gcc/arm-none-eabi/13.2.1/../../../../arm-none-eabi/lib/thumb/v7e-m+fp/hard/libcr_nohost_nf.a(__sys_tmpnam.o)
 .debug_ranges  0x00000c08       0x10 /usr/local/mcuxpressoide-24.9.25/ide/plugins/com.nxp.mcuxpresso.tools.linux_24.9.0.202407110857/tools/bin/../lib/gcc/arm-none-eabi/13.2.1/../../../../arm-none-eabi/lib/thumb/v7e-m+fp/hard/libcr_nohost_nf.a(__sys_write.o)

.debug_macro    0x00000000    0x1a7de
 .debug_macro   0x00000000      0x123 ./utilities/fsl_assert.o
 .debug_macro   0x00000123      0xb1a ./utilities/fsl_assert.o
 .debug_macro   0x00000c3d       0x10 ./utilities/fsl_assert.o
 .debug_macro   0x00000c4d       0x1c ./utilities/fsl_assert.o
 .debug_macro   0x00000c69       0x22 ./utilities/fsl_assert.o
 .debug_macro   0x00000c8b      0x12e ./utilities/fsl_assert.o
 .debug_macro   0x00000db9      0x5b3 ./utilities/fsl_assert.o
 .debug_macro   0x0000136c       0x22 ./utilities/fsl_assert.o
 .debug_macro   0x0000138e       0x10 ./utilities/fsl_assert.o
 .debug_macro   0x0000139e       0x56 ./utilities/fsl_assert.o
 .debug_macro   0x000013f4       0x1c ./utilities/fsl_assert.o
 .debug_macro   0x00001410       0x22 ./utilities/fsl_assert.o
 .debug_macro   0x00001432       0xfb ./utilities/fsl_assert.o
 .debug_macro   0x0000152d      0xeeb ./utilities/fsl_assert.o
 .debug_macro   0x00002418       0x40 ./utilities/fsl_assert.o
 .debug_macro   0x00002458    0x1626f ./utilities/fsl_assert.o
 .debug_macro   0x000186c7     0x14b0 ./utilities/fsl_assert.o
 .debug_macro   0x00019b77       0x7a ./utilities/fsl_assert.o
 .debug_macro   0x00019bf1       0xaf ./utilities/fsl_assert.o
 .debug_macro   0x00019ca0      0x190 ./utilities/fsl_assert.o
 .debug_macro   0x00019e30       0x1c ./utilities/fsl_assert.o
 .debug_macro   0x00019e4c       0x1c ./utilities/fsl_assert.o
 .debug_macro   0x00019e68       0x28 ./utilities/fsl_assert.o
 .debug_macro   0x00019e90      0x149 ./utilities/fsl_debug_console.o
 .debug_macro   0x00019fd9       0x16 ./utilities/fsl_debug_console.o
 .debug_macro   0x00019fef       0x10 ./utilities/fsl_debug_console.o
 .debug_macro   0x00019fff       0x28 ./utilities/fsl_debug_console.o
 .debug_macro   0x0001a027       0xc4 ./utilities/fsl_debug_console.o
 .debug_macro   0x0001a0eb       0x16 ./utilities/fsl_debug_console.o
 .debug_macro   0x0001a101       0x16 ./utilities/fsl_debug_console.o
 .debug_macro   0x0001a117       0x46 ./utilities/fsl_debug_console.o
 .debug_macro   0x0001a15d       0x29 ./startup/startup_mk66f18.o
 .debug_macro   0x0001a186       0x85 ./source/Drivers/Security.o
 .debug_macro   0x0001a20b       0x16 ./source/Drivers/Security.o
 .debug_macro   0x0001a221       0x2e ./source/Drivers/Security.o
 .debug_macro   0x0001a24f       0x16 ./source/Drivers/Security.o
 .debug_macro   0x0001a265       0x9f ./source/Drivers/aes.o
 .debug_macro   0x0001a304       0x10 ./source/Drivers/aes.o
 .debug_macro   0x0001a314       0x86 ./source/enet_txrx_transfer.o
 .debug_macro   0x0001a39a       0x11 ./source/semihost_hardfault.o
 .debug_macro   0x0001a3ab      0x133 ./drivers/fsl_enet.o
 .debug_macro   0x0001a4de      0x121 ./drivers/fsl_lpuart.o
 .debug_macro   0x0001a5ff       0x10 ./drivers/fsl_lpuart.o
 .debug_macro   0x0001a60f      0x127 ./drivers/fsl_uart.o
 .debug_macro   0x0001a736       0x10 ./drivers/fsl_uart.o
 .debug_macro   0x0001a746       0x98 ./device/system_MK66F18.o

.debug_line     0x00000000     0x8cd1
 .debug_line    0x00000000      0x34e ./utilities/fsl_assert.o
 .debug_line    0x0000034e      0xe62 ./utilities/fsl_debug_console.o
 .debug_line    0x000011b0      0xb63 ./startup/startup_mk66f18.o
 .debug_line    0x00001d13      0x1f7 ./source/Drivers/Security.o
 .debug_line    0x00001f0a      0xbe8 ./source/Drivers/aes.o
 .debug_line    0x00002af2      0x1e1 ./source/enet_txrx_transfer.o
 .debug_line    0x00002cd3       0x59 ./source/semihost_hardfault.o
 .debug_line    0x00002d2c     0x1e11 ./drivers/fsl_enet.o
 .debug_line    0x00004b3d      0xfbd ./drivers/fsl_lpuart.o
 .debug_line    0x00005afa     0x1484 ./drivers/fsl_uart.o
 .debug_line    0x00006f7e      0x418 ./device/system_MK66F18.o
 .debug_line    0x00007396       0xc9 /usr/local/mcuxpressoide-24.9.25/ide/plugins/com.nxp.mcuxpresso.tools.linux_24.9.0.202407110857/tools/bin/../lib/gcc/arm-none-eabi/13.2.1/../../../../arm-none-eabi/lib/thumb/v7e-m+fp/hard/libcr_nohost_nf.a(_cr__main.o)
 .debug_line    0x0000745f       0x9b /usr/local/mcuxpressoide-24.9.25/ide/plugins/com.nxp.mcuxpresso.tools.linux_24.9.0.202407110857/tools/bin/../lib/gcc/arm-none-eabi/13.2.1/../../../../arm-none-eabi/lib/thumb/v7e-m+fp/hard/libcr_c.a(memcpy.o)
 .debug_line    0x000074fa       0x7b /usr/local/mcuxpressoide-24.9.25/ide/plugins/com.nxp.mcuxpresso.tools.linux_24.9.0.202407110857/tools/bin/../lib/gcc/arm-none-eabi/13.2.1/../../../../arm-none-eabi/lib/thumb/v7e-m+fp/hard/libcr_c.a(memset.o)
 .debug_line    0x00007575      0x37b /usr/local/mcuxpressoide-24.9.25/ide/plugins/com.nxp.mcuxpresso.tools.linux_24.9.0.202407110857/tools/bin/../lib/gcc/arm-none-eabi/13.2.1/../../../../arm-none-eabi/lib/thumb/v7e-m+fp/hard/libcr_c.a(alloc.o)
 .debug_line    0x000078f0      0x152 /usr/local/mcuxpressoide-24.9.25/ide/plugins/com.nxp.mcuxpresso.tools.linux_24.9.0.202407110857/tools/bin/../lib/gcc/arm-none-eabi/13.2.1/../../../../arm-none-eabi/lib/thumb/v7e-m+fp/hard/libcr_c.a(initio.o)
 .debug_line    0x00007a42       0xed /usr/local/mcuxpressoide-24.9.25/ide/plugins/com.nxp.mcuxpresso.tools.linux_24.9.0.202407110857/tools/bin/../lib/gcc/arm-none-eabi/13.2.1/../../../../arm-none-eabi/lib/thumb/v7e-m+fp/hard/libcr_c.a(setvbuf.o)
 .debug_line    0x00007b2f      0x109 /usr/local/mcuxpressoide-24.9.25/ide/plugins/com.nxp.mcuxpresso.tools.linux_24.9.0.202407110857/tools/bin/../lib/gcc/arm-none-eabi/13.2.1/../../../../arm-none-eabi/lib/thumb/v7e-m+fp/hard/libcr_c.a(strlen.o)
 .debug_line    0x00007c38      0x11c /usr/local/mcuxpressoide-24.9.25/ide/plugins/com.nxp.mcuxpresso.tools.linux_24.9.0.202407110857/tools/bin/../lib/gcc/arm-none-eabi/13.2.1/../../../../arm-none-eabi/lib/thumb/v7e-m+fp/hard/libcr_c.a(_fdopen.o)
 .debug_line    0x00007d54       0x4e /usr/local/mcuxpressoide-24.9.25/ide/plugins/com.nxp.mcuxpresso.tools.linux_24.9.0.202407110857/tools/bin/../lib/gcc/arm-none-eabi/13.2.1/../../../../arm-none-eabi/lib/thumb/v7e-m+fp/hard/libcr_c.a(errno.o)
 .debug_line    0x00007da2      0x107 /usr/local/mcuxpressoide-24.9.25/ide/plugins/com.nxp.mcuxpresso.tools.linux_24.9.0.202407110857/tools/bin/../lib/gcc/arm-none-eabi/13.2.1/../../../../arm-none-eabi/lib/thumb/v7e-m+fp/hard/libcr_c.a(fclose.o)
 .debug_line    0x00007ea9       0xe3 /usr/local/mcuxpressoide-24.9.25/ide/plugins/com.nxp.mcuxpresso.tools.linux_24.9.0.202407110857/tools/bin/../lib/gcc/arm-none-eabi/13.2.1/../../../../arm-none-eabi/lib/thumb/v7e-m+fp/hard/libcr_c.a(fflush.o)
 .debug_line    0x00007f8c      0x225 /usr/local/mcuxpressoide-24.9.25/ide/plugins/com.nxp.mcuxpresso.tools.linux_24.9.0.202407110857/tools/bin/../lib/gcc/arm-none-eabi/13.2.1/../../../../arm-none-eabi/lib/thumb/v7e-m+fp/hard/libcr_c.a(fseek.o)
 .debug_line    0x000081b1      0x105 /usr/local/mcuxpressoide-24.9.25/ide/plugins/com.nxp.mcuxpresso.tools.linux_24.9.0.202407110857/tools/bin/../lib/gcc/arm-none-eabi/13.2.1/../../../../arm-none-eabi/lib/thumb/v7e-m+fp/hard/libcr_c.a(ftell.o)
 .debug_line    0x000082b6       0xec /usr/local/mcuxpressoide-24.9.25/ide/plugins/com.nxp.mcuxpresso.tools.linux_24.9.0.202407110857/tools/bin/../lib/gcc/arm-none-eabi/13.2.1/../../../../arm-none-eabi/lib/thumb/v7e-m+fp/hard/libcr_c.a(remove.o)
 .debug_line    0x000083a2       0xf6 /usr/local/mcuxpressoide-24.9.25/ide/plugins/com.nxp.mcuxpresso.tools.linux_24.9.0.202407110857/tools/bin/../lib/gcc/arm-none-eabi/13.2.1/../../../../arm-none-eabi/lib/thumb/v7e-m+fp/hard/libcr_c.a(_do_fflush.o)
 .debug_line    0x00008498      0x121 /usr/local/mcuxpressoide-24.9.25/ide/plugins/com.nxp.mcuxpresso.tools.linux_24.9.0.202407110857/tools/bin/../lib/gcc/arm-none-eabi/13.2.1/../../../../arm-none-eabi/lib/thumb/v7e-m+fp/hard/libcr_c.a(_fflush.o)
 .debug_line    0x000085b9      0x125 /usr/local/mcuxpressoide-24.9.25/ide/plugins/com.nxp.mcuxpresso.tools.linux_24.9.0.202407110857/tools/bin/../lib/gcc/arm-none-eabi/13.2.1/../../../../arm-none-eabi/lib/thumb/v7e-m+fp/hard/libcr_c.a(_writebuf.o)
 .debug_line    0x000086de      0x2dd /usr/local/mcuxpressoide-24.9.25/ide/plugins/com.nxp.mcuxpresso.tools.linux_24.9.0.202407110857/tools/bin/../lib/gcc/arm-none-eabi/13.2.1/../../../../arm-none-eabi/lib/thumb/v7e-m+fp/hard/libcr_c.a(_deferredlazyseek.o)
 .debug_line    0x000089bb       0xf4 /usr/local/mcuxpressoide-24.9.25/ide/plugins/com.nxp.mcuxpresso.tools.linux_24.9.0.202407110857/tools/bin/../lib/gcc/arm-none-eabi/13.2.1/../../../../arm-none-eabi/lib/thumb/v7e-m+fp/hard/libcr_nohost_nf.a(__ciob.o)
 .debug_line    0x00008aaf       0x4e /usr/local/mcuxpressoide-24.9.25/ide/plugins/com.nxp.mcuxpresso.tools.linux_24.9.0.202407110857/tools/bin/../lib/gcc/arm-none-eabi/13.2.1/../../../../arm-none-eabi/lib/thumb/v7e-m+fp/hard/libcr_nohost_nf.a(__sys_close.o)
 .debug_line    0x00008afd       0x4d /usr/local/mcuxpressoide-24.9.25/ide/plugins/com.nxp.mcuxpresso.tools.linux_24.9.0.202407110857/tools/bin/../lib/gcc/arm-none-eabi/13.2.1/../../../../arm-none-eabi/lib/thumb/v7e-m+fp/hard/libcr_nohost_nf.a(__sys_flen.o)
 .debug_line    0x00008b4a       0x4e /usr/local/mcuxpressoide-24.9.25/ide/plugins/com.nxp.mcuxpresso.tools.linux_24.9.0.202407110857/tools/bin/../lib/gcc/arm-none-eabi/13.2.1/../../../../arm-none-eabi/lib/thumb/v7e-m+fp/hard/libcr_nohost_nf.a(__sys_istty.o)
 .debug_line    0x00008b98       0x4f /usr/local/mcuxpressoide-24.9.25/ide/plugins/com.nxp.mcuxpresso.tools.linux_24.9.0.202407110857/tools/bin/../lib/gcc/arm-none-eabi/13.2.1/../../../../arm-none-eabi/lib/thumb/v7e-m+fp/hard/libcr_nohost_nf.a(__sys_remove.o)
 .debug_line    0x00008be7       0x4d /usr/local/mcuxpressoide-24.9.25/ide/plugins/com.nxp.mcuxpresso.tools.linux_24.9.0.202407110857/tools/bin/../lib/gcc/arm-none-eabi/13.2.1/../../../../arm-none-eabi/lib/thumb/v7e-m+fp/hard/libcr_nohost_nf.a(__sys_seek.o)
 .debug_line    0x00008c34       0x4f /usr/local/mcuxpressoide-24.9.25/ide/plugins/com.nxp.mcuxpresso.tools.linux_24.9.0.202407110857/tools/bin/../lib/gcc/arm-none-eabi/13.2.1/../../../../arm-none-eabi/lib/thumb/v7e-m+fp/hard/libcr_nohost_nf.a(__sys_tmpnam.o)