Archive member included to satisfy reference by file (symbol)

C:/nxp/MCUXpressoIDE_11.10.0_3148/ide/plugins/com.nxp.mcuxpresso.tools.win32_11.10.0.202311280810/tools/bin/../lib/gcc/arm-none-eabi/13.2.1/../../../../arm-none-eabi/lib/thumb/v7e-m+fp/hard\libcr_nohost_nf.a(_cr__main.o)
                              ./startup/startup_mk66f18.o (__main)
C:/nxp/MCUXpressoIDE_11.10.0_3148/ide/plugins/com.nxp.mcuxpresso.tools.win32_11.10.0.202311280810/tools/bin/../lib/gcc/arm-none-eabi/13.2.1/../../../../arm-none-eabi/lib/thumb/v7e-m+fp/hard\libcr_c.a(memcpy.o)
                              ./utilities/fsl_debug_console.o (memcpy)
C:/nxp/MCUXpressoIDE_11.10.0_3148/ide/plugins/com.nxp.mcuxpresso.tools.win32_11.10.0.202311280810/tools/bin/../lib/gcc/arm-none-eabi/13.2.1/../../../../arm-none-eabi/lib/thumb/v7e-m+fp/hard\libcr_c.a(memset.o)
                              ./drivers/fsl_crc.o (memset)
C:/nxp/MCUXpressoIDE_11.10.0_3148/ide/plugins/com.nxp.mcuxpresso.tools.win32_11.10.0.202311280810/tools/bin/../lib/gcc/arm-none-eabi/13.2.1/../../../../arm-none-eabi/lib/thumb/v7e-m+fp/hard\libcr_c.a(alloc.o)
                              ./source/Drivers/Ethernet_Layer/enet.o (malloc)
C:/nxp/MCUXpressoIDE_11.10.0_3148/ide/plugins/com.nxp.mcuxpresso.tools.win32_11.10.0.202311280810/tools/bin/../lib/gcc/arm-none-eabi/13.2.1/../../../../arm-none-eabi/lib/thumb/v7e-m+fp/hard\libcr_c.a(initio.o)
                              C:/nxp/MCUXpressoIDE_11.10.0_3148/ide/plugins/com.nxp.mcuxpresso.tools.win32_11.10.0.202311280810/tools/bin/../lib/gcc/arm-none-eabi/13.2.1/../../../../arm-none-eabi/lib/thumb/v7e-m+fp/hard\libcr_nohost_nf.a(_cr__main.o) (_initio)
C:/nxp/MCUXpressoIDE_11.10.0_3148/ide/plugins/com.nxp.mcuxpresso.tools.win32_11.10.0.202311280810/tools/bin/../lib/gcc/arm-none-eabi/13.2.1/../../../../arm-none-eabi/lib/thumb/v7e-m+fp/hard\libcr_c.a(setvbuf.o)
                              C:/nxp/MCUXpressoIDE_11.10.0_3148/ide/plugins/com.nxp.mcuxpresso.tools.win32_11.10.0.202311280810/tools/bin/../lib/gcc/arm-none-eabi/13.2.1/../../../../arm-none-eabi/lib/thumb/v7e-m+fp/hard\libcr_c.a(initio.o) (setvbuf)
C:/nxp/MCUXpressoIDE_11.10.0_3148/ide/plugins/com.nxp.mcuxpresso.tools.win32_11.10.0.202311280810/tools/bin/../lib/gcc/arm-none-eabi/13.2.1/../../../../arm-none-eabi/lib/thumb/v7e-m+fp/hard\libcr_c.a(strlen.o)
                              ./utilities/fsl_debug_console.o (strlen)
C:/nxp/MCUXpressoIDE_11.10.0_3148/ide/plugins/com.nxp.mcuxpresso.tools.win32_11.10.0.202311280810/tools/bin/../lib/gcc/arm-none-eabi/13.2.1/../../../../arm-none-eabi/lib/thumb/v7e-m+fp/hard\libcr_c.a(__init_alloc.o)
                              C:/nxp/MCUXpressoIDE_11.10.0_3148/ide/plugins/com.nxp.mcuxpresso.tools.win32_11.10.0.202311280810/tools/bin/../lib/gcc/arm-none-eabi/13.2.1/../../../../arm-none-eabi/lib/thumb/v7e-m+fp/hard\libcr_c.a(alloc.o) (__heaps)
C:/nxp/MCUXpressoIDE_11.10.0_3148/ide/plugins/com.nxp.mcuxpresso.tools.win32_11.10.0.202311280810/tools/bin/../lib/gcc/arm-none-eabi/13.2.1/../../../../arm-none-eabi/lib/thumb/v7e-m+fp/hard\libcr_c.a(_cr_sbrk.o)
                              C:/nxp/MCUXpressoIDE_11.10.0_3148/ide/plugins/com.nxp.mcuxpresso.tools.win32_11.10.0.202311280810/tools/bin/../lib/gcc/arm-none-eabi/13.2.1/../../../../arm-none-eabi/lib/thumb/v7e-m+fp/hard\libcr_c.a(alloc.o) (_sbrk)
C:/nxp/MCUXpressoIDE_11.10.0_3148/ide/plugins/com.nxp.mcuxpresso.tools.win32_11.10.0.202311280810/tools/bin/../lib/gcc/arm-none-eabi/13.2.1/../../../../arm-none-eabi/lib/thumb/v7e-m+fp/hard\libcr_c.a(_fdopen.o)
                              C:/nxp/MCUXpressoIDE_11.10.0_3148/ide/plugins/com.nxp.mcuxpresso.tools.win32_11.10.0.202311280810/tools/bin/../lib/gcc/arm-none-eabi/13.2.1/../../../../arm-none-eabi/lib/thumb/v7e-m+fp/hard\libcr_c.a(initio.o) (_fdopen)
C:/nxp/MCUXpressoIDE_11.10.0_3148/ide/plugins/com.nxp.mcuxpresso.tools.win32_11.10.0.202311280810/tools/bin/../lib/gcc/arm-none-eabi/13.2.1/../../../../arm-none-eabi/lib/thumb/v7e-m+fp/hard\libcr_c.a(errno.o)
                              C:/nxp/MCUXpressoIDE_11.10.0_3148/ide/plugins/com.nxp.mcuxpresso.tools.win32_11.10.0.202311280810/tools/bin/../lib/gcc/arm-none-eabi/13.2.1/../../../../arm-none-eabi/lib/thumb/v7e-m+fp/hard\libcr_c.a(_cr_sbrk.o) (errno)
C:/nxp/MCUXpressoIDE_11.10.0_3148/ide/plugins/com.nxp.mcuxpresso.tools.win32_11.10.0.202311280810/tools/bin/../lib/gcc/arm-none-eabi/13.2.1/../../../../arm-none-eabi/lib/thumb/v7e-m+fp/hard\libcr_c.a(fclose.o)
                              C:/nxp/MCUXpressoIDE_11.10.0_3148/ide/plugins/com.nxp.mcuxpresso.tools.win32_11.10.0.202311280810/tools/bin/../lib/gcc/arm-none-eabi/13.2.1/../../../../arm-none-eabi/lib/thumb/v7e-m+fp/hard\libcr_c.a(initio.o) (fclose)
C:/nxp/MCUXpressoIDE_11.10.0_3148/ide/plugins/com.nxp.mcuxpresso.tools.win32_11.10.0.202311280810/tools/bin/../lib/gcc/arm-none-eabi/13.2.1/../../../../arm-none-eabi/lib/thumb/v7e-m+fp/hard\libcr_c.a(fflush.o)
[...]
Memory Configuration

Name             Origin             Length             Attributes
PROGRAM_FLASH    0x00000000         0x00200000         xr
SRAM_UPPER       0x20000000         0x00030000         xrw
SRAM_LOWER       0x1fff0000         0x00010000         xrw
FLEX_RAM         0x14000000         0x00001000         xrw
*default*        0x00000000         0xffffffff

Linker script and memory map

LOAD ./utilities/fsl_assert.o
LOAD ./utilities/fsl_debug_console.o
LOAD ./startup/startup_mk66f18.o
LOAD ./source/Drivers/Security_Layer/Security.o
LOAD ./source/Drivers/Security_Layer/aes.o
LOAD ./source/Drivers/Security_Layer/crc.o
LOAD ./source/Drivers/Ethernet_Layer/Ethernet.o
LOAD ./source/Drivers/Ethernet_Layer/enet.o
LOAD ./source/Test_App.o
LOAD ./source/semihost_hardfault.o
LOAD ./phy/fsl_phyksz8081.o
LOAD ./mdio/fsl_enet_mdio.o
LOAD ./drivers/fsl_clock.o
LOAD ./drivers/fsl_common.o
LOAD ./drivers/fsl_common_arm.o
LOAD ./drivers/fsl_crc.o
LOAD ./drivers/fsl_enet.o
LOAD ./drivers/fsl_ftfx_cache.o
LOAD ./drivers/fsl_ftfx_controller.o
LOAD ./drivers/fsl_ftfx_flash.o
LOAD ./drivers/fsl_ftfx_flexnvm.o
LOAD ./drivers/fsl_gpio.o
LOAD ./drivers/fsl_lpuart.o
LOAD ./drivers/fsl_sim.o
LOAD ./drivers/fsl_smc.o
LOAD ./drivers/fsl_sysmpu.o
LOAD ./drivers/fsl_uart.o
LOAD ./device/system_MK66F18.o
LOAD ./component/uart/fsl_adapter_uart.o
LOAD ./component/lists/fsl_component_generic_list.o
LOAD ./board/board.o
LOAD ./board/clock_config.o
LOAD ./board/pin_mux.o
START GROUP
LOAD C:/nxp/MCUXpressoIDE_11.10.0_3148/ide/plugins/com.nxp.mcuxpresso.tools.win32_11.10.0.202311280810/tools/bin/../lib/gcc/arm-none-eabi/13.2.1/../../../../arm-none-eabi/lib/thumb/v7e-m+fp/hard\libcr_nohost_nf.a
LOAD C:/nxp/MCUXpressoIDE_11.10.0_3148/ide/plugins/com.nxp.mcuxpresso.tools.win32_11.10.0.202311280810/tools/bin/../lib/gcc/arm-none-eabi/13.2.1/../../../../arm-none-eabi/lib/thumb/v7e-m+fp/hard\libcr_c.a
LOAD C:/nxp/MCUXpressoIDE_11.10.0_3148/ide/plugins/com.nxp.mcuxpresso.tools.win32_11.10.0.202311280810/tools/bin/../lib/gcc/arm-none-eabi/13.2.1/thumb/v7e-m+fp/hard\libcr_eabihelpers.a
LOAD C:/nxp/MCUXpressoIDE_11.10.0_3148/ide/plugins/com.nxp.mcuxpresso.tools.win32_11.10.0.202311280810/tools/bin/../lib/gcc/arm-none-eabi/13.2.1/thumb/v7e-m+fp/hard\libgcc.a
END GROUP
                0x00000000                        __base_PROGRAM_FLASH = 0x0
                0x00000000                        __base_Flash = 0x0
                0x00200000                        __top_PROGRAM_FLASH = 0x200000
                0x00200000                        __top_Flash = 0x200000
                0x20000000                        __base_SRAM_UPPER = 0x20000000
                0x20000000                        __base_RAM = 0x20000000
                0x20030000                        __top_SRAM_UPPER = 0x20030000
                0x20030000                        __top_RAM = 0x20030000
                0x1fff0000                        __base_SRAM_LOWER = 0x1fff0000
                0x1fff0000                        __base_RAM2 = 0x1fff0000
                0x20000000                        __top_SRAM_LOWER = 0x20000000
                0x20000000                        __top_RAM2 = 0x20000000
                0x14000000                        __base_FLEX_RAM = 0x14000000
                0x14000000                        __base_RAM3 = 0x14000000
                0x14001000                        __top_FLEX_RAM = 0x14001000
                0x14001000                        __top_RAM3 = 0x14001000

.text           0x00000000     0x81c0
 FILL mask 0xff
                0x00000000                        __vectors_start__ = ABSOLUTE (.)
 *(SORT_BY_ALIGNMENT(.isr_vector))
 .isr_vector    0x00000000      0x1d0 ./startup/startup_mk66f18.o
                0x00000000                g_pfnVectors
                0x00000000                __Vectors
                0x000001d0                        . = ALIGN (0x4)
                0x000001d0                        __section_table_start = .
                0x000001d0                        __data_section_table = .
                0x000001d0        0x4 LONG 0x81c0 LOADADDR (.data)
                0x000001d4        0x4 LONG 0x20000000 ADDR (.data)
                0x000001d8        0x4 LONG 0x58 SIZEOF (.data)
                0x000001dc        0x4 LONG 0x81c0 LOADADDR (.data_RAM2)
                0x000001e0        0x4 LONG 0x1fff0000 ADDR (.data_RAM2)
                0x000001e4        0x4 LONG 0x0 SIZEOF (.data_RAM2)
                0x000001e8        0x4 LONG 0x81c0 LOADADDR (.data_RAM3)
                0x000001ec        0x4 LONG 0x14000000 ADDR (.data_RAM3)
                0x000001f0        0x4 LONG 0x0 SIZEOF (.data_RAM3)
                0x000001f4                        __data_section_table_end = .
                0x000001f4                        __bss_section_table = .
                0x000001f4        0x4 LONG 0x20000060 ADDR (.bss)
                0x000001f8        0x4 LONG 0x32f8 SIZEOF (.bss)
                0x000001fc        0x4 LONG 0x1fff0000 ADDR (.bss_RAM2)
                0x00000200        0x4 LONG 0x40 SIZEOF (.bss_RAM2)
                0x00000204        0x4 LONG 0x14000000 ADDR (.bss_RAM3)
                0x00000208        0x4 LONG 0x0 SIZEOF (.bss_RAM3)
                0x0000020c                        __bss_section_table_end = .
                0x0000020c                        __section_table_end = .
 *(SORT_BY_ALIGNMENT(.after_vectors*))
 .after_vectors.reset
                0x0000020c       0x4c ./startup/startup_mk66f18.o
                0x0000020c                ResetISR
 .after_vectors.init_data
                0x00000258       0x1e ./startup/startup_mk66f18.o
                0x00000258                data_init
 .after_vectors.init_bss
                0x00000276       0x12 ./startup/startup_mk66f18.o
                0x00000276                bss_init
 .after_vectors
                0x00000288       0x14 ./startup/startup_mk66f18.o
                0x00000288                NMI_Handler
                0x0000028c                MemManage_Handler
                0x0000028e                BusFault_Handler
                0x00000290                UsageFault_Handler
                0x00000292                SVC_Handler
                0x00000294                DebugMon_Handler
                0x00000296                PendSV_Handler
                0x00000298                SysTick_Handler
                0x0000029a                DMA_Error_DriverIRQHandler
                0x0000029a                FTM1_DriverIRQHandler
                0x0000029a                FTM2_DriverIRQHandler
                0x0000029a                PIT2_DriverIRQHandler
                0x0000029a                TPM2_DriverIRQHandler
                0x0000029a                SDHC_DriverIRQHandler
                0x0000029a                DMA7_DMA23_DriverIRQHandler
                0x0000029a                I2C3_DriverIRQHandler
                0x0000029a                I2S0_Tx_DriverIRQHandler
                0x0000029a                TSI0_DriverIRQHandler
                0x0000029a                RTC_Seconds_DriverIRQHandler
                0x0000029a                CMP3_DriverIRQHandler
                0x0000029a                LLWU_DriverIRQHandler
                0x0000029a                MCM_DriverIRQHandler
                0x0000029a                DMA14_DMA30_DriverIRQHandler
                0x0000029a                MCG_DriverIRQHandler
                0x0000029a                I2C2_DriverIRQHandler
                0x0000029a                DAC1_DriverIRQHandler
                0x0000029a                LPTMR0_DriverIRQHandler
                0x0000029a                CMP1_DriverIRQHandler
                0x0000029a                USBHSDCD_DriverIRQHandler
                0x0000029a                DMA0_DMA16_DriverIRQHandler
                0x0000029a                FTM0_DriverIRQHandler
                0x0000029a                IntDefaultHandler
                0x0000029a                USB0_DriverIRQHandler
                0x0000029a                PORTC_DriverIRQHandler
                0x0000029a                DMA2_DMA18_DriverIRQHandler
                0x0000029a                DAC0_DriverIRQHandler
                0x0000029a                CMP2_DriverIRQHandler
                0x0000029a                UART2_ERR_DriverIRQHandler
                0x0000029a                SPI2_DriverIRQHandler
                0x0000029a                LVD_LVW_DriverIRQHandler
                0x0000029a                SPI1_DriverIRQHandler
                0x0000029a                PIT0_DriverIRQHandler
                0x0000029a                RNG_DriverIRQHandler
                0x0000029a                USBDCD_DriverIRQHandler
                0x0000029a                UART3_ERR_DriverIRQHandler
                0x0000029a                DMA12_DMA28_DriverIRQHandler
                0x0000029a                DMA10_DMA26_DriverIRQHandler
                0x0000029a                UART0_ERR_DriverIRQHandler
                0x0000029a                CMT_DriverIRQHandler
                0x0000029a                Reserved71_DriverIRQHandler
                0x0000029a                ADC1_DriverIRQHandler
                0x0000029a                PORTA_DriverIRQHandler
                0x0000029a                DMA1_DMA17_DriverIRQHandler
                0x0000029a                PIT3_DriverIRQHandler
                0x0000029a                PIT1_DriverIRQHandler
                0x0000029a                TPM1_DriverIRQHandler
                0x0000029a                WDOG_EWM_DriverIRQHandler
                0x0000029a                PDB0_DriverIRQHandler
                0x0000029a                DMA8_DMA24_DriverIRQHandler
                0x0000029a                DMA6_DMA22_DriverIRQHandler
                0x0000029a                RTC_DriverIRQHandler
                0x0000029a                I2S0_Rx_DriverIRQHandler
                0x0000029a                Read_Collision_DriverIRQHandler
                0x0000029a                SWI_DriverIRQHandler
                0x0000029a                UART4_ERR_DriverIRQHandler
                0x0000029a                PORTB_DriverIRQHandler
                0x0000029a                DMA13_DMA29_DriverIRQHandler
                0x0000029a                DMA11_DMA27_DriverIRQHandler
                0x0000029a                DMA4_DMA20_DriverIRQHandler
                0x0000029a                DMA9_DMA25_DriverIRQHandler
                0x0000029a                I2C1_DriverIRQHandler
                0x0000029a                DMA3_DMA19_DriverIRQHandler
                0x0000029a                Reserved85_DriverIRQHandler
                0x0000029a                SPI0_DriverIRQHandler
                0x0000029a                ADC0_DriverIRQHandler
                0x0000029a                USBHS_DriverIRQHandler
                0x0000029a                CMP0_DriverIRQHandler
                0x0000029a                CAN0_DriverIRQHandler
                0x0000029a                FTM3_DriverIRQHandler
                0x0000029a                DMA5_DMA21_DriverIRQHandler
                0x0000029a                Reserved84_DriverIRQHandler
                0x0000029a                DMA15_DMA31_DriverIRQHandler
                0x0000029a                UART1_ERR_DriverIRQHandler
                0x0000029a                PORTD_DriverIRQHandler
                0x0000029a                Reserved46_DriverIRQHandler
                0x0000029a                PORTE_DriverIRQHandler
                0x0000029a                FTFE_DriverIRQHandler
                0x0000029a                I2C0_DriverIRQHandler
                0x0000029a                CAN1_DriverIRQHandler
                0x00000400                        . = 0x400
 *fill*         0x0000029c      0x164 ff
                0x00000400                        PROVIDE (__FLASH_CONFIG_START__ = .)
 *(SORT_BY_ALIGNMENT(.FlashConfig))
 .FlashConfig   0x00000400       0x10 ./startup/startup_mk66f18.o
                0x00000400                Flash_Config
                0x00000410                        PROVIDE (__FLASH_CONFIG_END__ = .)
                0x00000001                        ASSERT (! ((__FLASH_CONFIG_START__ == __FLASH_CONFIG_END__)), Linker Flash Config Support Enabled, but no .FlashConfig section provided within application)
 *(SORT_BY_ALIGNMENT(.text*))
 .text.__assertion_failed
                0x00000410       0x18 ./utilities/fsl_assert.o
                0x00000410                __assertion_failed
 .text.DbgConsole_Init
                0x00000428       0x74 ./utilities/fsl_debug_console.o
                0x00000428                DbgConsole_Init
 .text.DbgConsole_Vprintf
                0x0000049c       0x3c ./utilities/fsl_debug_console.o
                0x0000049c                DbgConsole_Vprintf
 .text.DbgConsole_Putchar
                0x000004d8       0x30 ./utilities/fsl_debug_console.o
                0x000004d8                DbgConsole_Putchar
 .text.DbgConsole_PrintfFormattedData
                0x00000508      0x9d8 ./utilities/fsl_debug_console.o
 .text.Security_init
                0x00000ee0       0x28 ./source/Drivers/Security_Layer/Security.o
                0x00000ee0                Security_init
 .text.Security_Encrypt
                0x00000f08       0x38 ./source/Drivers/Security_Layer/Security.o
                0x00000f08                Security_Encrypt
 .text.Security_Decrypt
                0x00000f40       0x38 ./source/Drivers/Security_Layer/Security.o
                0x00000f40                Security_Decrypt
 .text.KeyExpansion
                0x00000f78      0x1a0 ./source/Drivers/Security_Layer/aes.o
 .text.SubBytes
                0x00001118       0x64 ./source/Drivers/Security_Layer/aes.o
 .text.InvSubBytes
                0x0000117c       0x64 ./source/Drivers/Security_Layer/aes.o
 .text.CRC32_Init
                0x000011e0       0x40 ./source/Drivers/Security_Layer/crc.o
                0x000011e0                CRC32_Init
 .text.CRC32_GetChecksum
                0x00001220       0x30 ./source/Drivers/Security_Layer/crc.o
                0x00001220                CRC32_GetChecksum
 .text.Ethernet_Init
                0x00001250       0x14 ./source/Drivers/Ethernet_Layer/Ethernet.o
                0x00001250                Ethernet_Init
 .text.Ethernet_TX
                0x00001264       0x2c ./source/Drivers/Ethernet_Layer/Ethernet.o
                0x00001264                Ethernet_TX
 .text.Ethernet_RX
                0x00001290       0x2c ./source/Drivers/Ethernet_Layer/Ethernet.o
                0x00001290                Ethernet_RX
 .text.CLOCK_SetRmii0Clock
                0x000012bc       0x38 ./source/Drivers/Ethernet_Layer/enet.o
 .text.PORT_SetPinConfig
                0x000012f4       0x38 ./source/Drivers/Ethernet_Layer/enet.o
 .text.ENET_ConfigPins
                0x0000132c       0xcc ./source/Drivers/Ethernet_Layer/enet.o
 .text.ENET_ConfigPHYLink
                0x000013f8       0xa0 ./source/Drivers/Ethernet_Layer/enet.o
 .text.ENET_BuildBroadCastFrame
                0x00001498       0x58 ./source/Drivers/Ethernet_Layer/enet.o
 .text.ENET_Config
                0x000014f0       0xe4 ./source/Drivers/Ethernet_Layer/enet.o
                0x000014f0                ENET_Config
 .text.ENET_Tx  0x000015d4       0x80 ./source/Drivers/Ethernet_Layer/enet.o
                0x000015d4                ENET_Tx
 .text.ENET_Rx  0x00001654       0xb8 ./source/Drivers/Ethernet_Layer/enet.o
                0x00001654                ENET_Rx
 .text.main     0x0000170c       0xa4 ./source/Test_App.o
                0x0000170c                main
 .text.PHY_KSZ8081_Init
                0x000017b0      0x128 ./phy/fsl_phyksz8081.o
                0x000017b0                PHY_KSZ8081_Init
 .text.PHY_KSZ8081_GetAutoNegotiationStatus
                0x000018d8       0x54 ./phy/fsl_phyksz8081.o
                0x000018d8                PHY_KSZ8081_GetAutoNegotiationStatus
 .text.PHY_KSZ8081_GetLinkStatus
                0x0000192c       0x58 ./phy/fsl_phyksz8081.o
                0x0000192c                PHY_KSZ8081_GetLinkStatus
 .text.PHY_KSZ8081_GetLinkSpeedDuplex
                0x00001984       0x98 ./phy/fsl_phyksz8081.o
                0x00001984                PHY_KSZ8081_GetLinkSpeedDuplex
 .text.PHY_KSZ8081_SetLinkSpeedDuplex
                0x00001a1c       0x90 ./phy/fsl_phyksz8081.o
                0x00001a1c                PHY_KSZ8081_SetLinkSpeedDuplex
 .text.PHY_KSZ8081_EnableLoopback
                0x00001aac      0x150 ./phy/fsl_phyksz8081.o
                0x00001aac                PHY_KSZ8081_EnableLoopback
 .text.ENET_MDIO_Init
                0x00001bfc       0x44 ./mdio/fsl_enet_mdio.o
 .text.ENET_MDIO_Read
                0x00001c40       0x74 ./mdio/fsl_enet_mdio.o
 .text.ENET_MDIO_ReadExt
                0x00001cb4       0x98 ./mdio/fsl_enet_mdio.o
 .text.CLOCK_SetEr32kClock
                0x00001d4c       0x30 ./drivers/fsl_clock.o
 .text.CLOCK_SetPllFllSelClock
                0x00001d7c       0x54 ./drivers/fsl_clock.o
 .text.CLOCK_GetMcgExtClkFreq
                0x00001dd0       0x7c ./drivers/fsl_clock.o
 .text.CLOCK_GetFllExtRefClkFreq
                0x00001e4c       0xb0 ./drivers/fsl_clock.o
 .text.CLOCK_GetInternalRefClkSelectFreq
                0x00001efc       0x4c ./drivers/fsl_clock.o
 .text.CLOCK_GetFllRefClkFreq
                0x00001f48       0x34 ./drivers/fsl_clock.o
 .text.CLOCK_GetOscRangeFromFreq
                0x00001f7c       0x3c ./drivers/fsl_clock.o
 .text.CLOCK_GetOsc0ErClkUndivFreq
                0x00001fb8       0x44 ./drivers/fsl_clock.o
                0x00001fb8                CLOCK_GetOsc0ErClkUndivFreq
 .text.CLOCK_GetOsc0ErClkDivFreq
                0x00001ffc       0x58 ./drivers/fsl_clock.o
                0x00001ffc                CLOCK_GetOsc0ErClkDivFreq
 .text.CLOCK_GetEr32kClkFreq
                0x00002054       0x74 ./drivers/fsl_clock.o
                0x00002054                CLOCK_GetEr32kClkFreq
 .text.CLOCK_GetPllFllSelClkFreq
                0x000020c8       0x90 ./drivers/fsl_clock.o
                0x000020c8                CLOCK_GetPllFllSelClkFreq
 .text.CLOCK_GetCoreSysClkFreq
                0x00002158       0x28 ./drivers/fsl_clock.o
                0x00002158                CLOCK_GetCoreSysClkFreq
 .text.CLOCK_GetFreq
                0x00002180      0x148 ./drivers/fsl_clock.o
                0x00002180                CLOCK_GetFreq
 .text.CLOCK_SetSimConfig
                0x000022c8       0x40 ./drivers/fsl_clock.o
                0x000022c8                CLOCK_SetSimConfig
 .text.CLOCK_GetOutClkFreq
                0x00002308       0x90 ./drivers/fsl_clock.o
                0x00002308                CLOCK_GetOutClkFreq
 .text.CLOCK_GetFllFreq
                0x00002398       0x84 ./drivers/fsl_clock.o
                0x00002398                CLOCK_GetFllFreq
 .text.CLOCK_GetInternalRefClkFreq
                0x0000241c       0x30 ./drivers/fsl_clock.o
                0x0000241c                CLOCK_GetInternalRefClkFreq
 .text.CLOCK_GetPll0Freq
                0x0000244c       0x7c ./drivers/fsl_clock.o
                0x0000244c                CLOCK_GetPll0Freq
 .text.CLOCK_GetExtPllFreq
                0x000024c8       0x18 ./drivers/fsl_clock.o
                0x000024c8                CLOCK_GetExtPllFreq
 .text.CLOCK_SetExternalRefClkConfig
                0x000024e0       0x6c ./drivers/fsl_clock.o
                0x000024e0                CLOCK_SetExternalRefClkConfig
 .text.CLOCK_SetInternalRefClkConfig
                0x0000254c      0x104 ./drivers/fsl_clock.o
                0x0000254c                CLOCK_SetInternalRefClkConfig
 .text.CLOCK_EnablePll0
                0x00002650       0x88 ./drivers/fsl_clock.o
                0x00002650                CLOCK_EnablePll0
 .text.CLOCK_InitOsc0
                0x000026d8       0x8c ./drivers/fsl_clock.o
                0x000026d8                CLOCK_InitOsc0
 .text.CLOCK_SetPbeMode
                0x00002764       0xe8 ./drivers/fsl_clock.o
                0x00002764                CLOCK_SetPbeMode
 .text.CLOCK_BootToPeeMode
                0x0000284c       0x68 ./drivers/fsl_clock.o
                0x0000284c                CLOCK_BootToPeeMode
 .text.CRC_Init
                0x000028b4       0x38 ./drivers/fsl_crc.o
                0x000028b4                CRC_Init
 .text.__NVIC_EnableIRQ
                0x000028ec       0x3c ./drivers/fsl_enet.o
 .text.ENET_GetInstance
                0x00002928       0x44 ./drivers/fsl_enet.o
                0x00002928                ENET_GetInstance
 .text.ENET_GetDefaultConfig
                0x0000296c       0x4c ./drivers/fsl_enet.o
                0x0000296c                ENET_GetDefaultConfig
 .text.ENET_Up  0x000029b8       0xb8 ./drivers/fsl_enet.o
                0x000029b8                ENET_Up
 .text.ENET_Init
                0x00002a70       0x48 ./drivers/fsl_enet.o
                0x00002a70                ENET_Init
 .text.ENET_SetRxISRHandler
                0x00002ab8       0x30 ./drivers/fsl_enet.o
                0x00002ab8                ENET_SetRxISRHandler
 .text.ENET_SetTxISRHandler
                0x00002ae8       0x30 ./drivers/fsl_enet.o
                0x00002ae8                ENET_SetTxISRHandler
 .text.ENET_SetErrISRHandler
                0x00002b18       0x30 ./drivers/fsl_enet.o
                0x00002b18                ENET_SetErrISRHandler
 .text.ENET_SetHandler
                0x00002b48      0x1a8 ./drivers/fsl_enet.o
 .text.ENET_SetMacController
                0x00002cf0      0x250 ./drivers/fsl_enet.o
 .text.ENET_SetTxBufferDescriptors
                0x00002f40       0xe4 ./drivers/fsl_enet.o
 .text.ENET_SetRxBufferDescriptors
                0x00003024       0xfc ./drivers/fsl_enet.o
 .text.ENET_RxBufferAllocAll
                0x00003120       0xcc ./drivers/fsl_enet.o
 .text.ENET_RxBufferFreeAll
                0x000031ec       0xc4 ./drivers/fsl_enet.o
 .text.ENET_ActiveReadRing
                0x000032b0       0x44 ./drivers/fsl_enet.o
 .text.ENET_ActiveSendRing
                0x000032f4       0x4c ./drivers/fsl_enet.o
 .text.ENET_SetSMI
                0x00003340       0xa0 ./drivers/fsl_enet.o
                0x00003340                ENET_SetSMI
 .text.ENET_IncreaseIndex
                0x000033e0       0x40 ./drivers/fsl_enet.o
 .text.ENET_GetRxErrBeforeReadFrame
                0x00003420      0x108 ./drivers/fsl_enet.o
                0x00003420                ENET_GetRxErrBeforeReadFrame
 .text.ENET_GetRxFrameSize
                0x00003528      0x128 ./drivers/fsl_enet.o
                0x00003528                ENET_GetRxFrameSize
 .text.ENET_ReadFrame
                0x00003650      0x188 ./drivers/fsl_enet.o
                0x00003650                ENET_ReadFrame
 .text.ENET_UpdateReadBuffers
                0x000037d8       0x94 ./drivers/fsl_enet.o
 .text.ENET_SendFrame
                0x0000386c      0x378 ./drivers/fsl_enet.o
                0x0000386c                ENET_SendFrame
 .text.ENET_ReclaimTxDescriptor
                0x00003be4      0x10c ./drivers/fsl_enet.o
                0x00003be4                ENET_ReclaimTxDescriptor
 .text.ENET_TransmitIRQHandler
                0x00003cf0       0x8c ./drivers/fsl_enet.o
                0x00003cf0                ENET_TransmitIRQHandler
 .text.ENET_ReceiveIRQHandler
                0x00003d7c       0x5c ./drivers/fsl_enet.o
                0x00003d7c                ENET_ReceiveIRQHandler
 .text.ENET_ErrorIRQHandler
                0x00003dd8       0x90 ./drivers/fsl_enet.o
                0x00003dd8                ENET_ErrorIRQHandler
 .text.ENET_Ptp1588IRQHandler
                0x00003e68       0x44 ./drivers/fsl_enet.o
                0x00003e68                ENET_Ptp1588IRQHandler
 .text.ENET_TxIRQHandler
                0x00003eac       0x48 ./drivers/fsl_enet.o
                0x00003eac                ENET_TxIRQHandler
 .text.ENET_RxIRQHandler
                0x00003ef4       0x44 ./drivers/fsl_enet.o
                0x00003ef4                ENET_RxIRQHandler
 .text.ENET_ErrIRQHandler
                0x00003f38       0x44 ./drivers/fsl_enet.o
                0x00003f38                ENET_ErrIRQHandler
 .text.ENET_Transmit_DriverIRQHandler
                0x00003f7c       0x18 ./drivers/fsl_enet.o
                0x00003f7c                ENET_Transmit_DriverIRQHandler
 .text.ENET_Receive_DriverIRQHandler
                0x00003f94       0x18 ./drivers/fsl_enet.o
                0x00003f94                ENET_Receive_DriverIRQHandler
 .text.ENET_Error_DriverIRQHandler
                0x00003fac       0x18 ./drivers/fsl_enet.o
                0x00003fac                ENET_Error_DriverIRQHandler
 .text.ENET_1588_Timer_DriverIRQHandler
                0x00003fc4       0x18 ./drivers/fsl_enet.o
                0x00003fc4                ENET_1588_Timer_DriverIRQHandler
 .text.LPUART0_DriverIRQHandler
                0x00003fdc       0x28 ./drivers/fsl_lpuart.o
                0x00003fdc                LPUART0_DriverIRQHandler
 .text.UART_GetInstance
                0x00004004       0x54 ./drivers/fsl_uart.o
                0x00004004                UART_GetInstance
 .text.UART_Init
                0x00004058      0x2f4 ./drivers/fsl_uart.o
                0x00004058                UART_Init
 .text.UART_GetDefaultConfig
                0x0000434c       0x68 ./drivers/fsl_uart.o
                0x0000434c                UART_GetDefaultConfig
 .text.UART_ReadBlocking
                0x000043b4       0xfc ./drivers/fsl_uart.o
                0x000043b4                UART_ReadBlocking
 .text.UART0_DriverIRQHandler
                0x000044b0       0x28 ./drivers/fsl_uart.o
                0x000044b0                UART0_DriverIRQHandler
 .text.UART1_DriverIRQHandler
                0x000044d8       0x28 ./drivers/fsl_uart.o
                0x000044d8                UART1_DriverIRQHandler
 .text.UART2_DriverIRQHandler
                0x00004500       0x28 ./drivers/fsl_uart.o
                0x00004500                UART2_DriverIRQHandler
 .text.UART3_DriverIRQHandler
                0x00004528       0x28 ./drivers/fsl_uart.o
                0x00004528                UART3_DriverIRQHandler
 .text.UART4_DriverIRQHandler
                0x00004550       0x28 ./drivers/fsl_uart.o
                0x00004550                UART4_DriverIRQHandler
 .text.SystemInit
                0x00004578       0x3c ./device/system_MK66F18.o
                0x00004578                SystemInit
 .text.HAL_UartInit
                0x000045b4      0x128 ./component/uart/fsl_adapter_uart.o
                0x000045b4                HAL_UartInit
 .text.HAL_UartReceiveBlocking
                0x000046dc       0x6c ./component/uart/fsl_adapter_uart.o
                0x000046dc                HAL_UartReceiveBlocking
 .text.HAL_UartSendBlocking
                0x00004748       0x64 ./component/uart/fsl_adapter_uart.o
                0x00004748                HAL_UartSendBlocking
 .text.CLOCK_SetSimSafeDivs
                0x000047ac       0x24 ./board/clock_config.o
 .text.CLOCK_SetXtal0Freq
                0x000047d0       0x20 ./board/clock_config.o
 .text.CLOCK_CONFIG_SetFllExtRefDiv
                0x000047f0       0x3c ./board/clock_config.o
 .text.BOARD_BootClockRUN
                0x0000482c       0x60 ./board/clock_config.o
                0x0000482c                BOARD_BootClockRUN
 .text.PORT_SetPinConfig
                0x0000488c       0x38 ./board/pin_mux.o
 .text.BOARD_InitPins
                0x000048c4       0xe0 ./board/pin_mux.o
                0x000048c4                BOARD_InitPins
 .text.malloc   0x000049a4       0xc8 C:/nxp/MCUXpressoIDE_11.10.0_3148/ide/plugins/com.nxp.mcuxpresso.tools.win32_11.10.0.202311280810/tools/bin/../lib/gcc/arm-none-eabi/13.2.1/../../../../arm-none-eabi/lib/thumb/v7e-m+fp/hard\libcr_c.a(alloc.o)
                0x000049a4                malloc
 .text._initio  0x00004a6c       0x78 C:/nxp/MCUXpressoIDE_11.10.0_3148/ide/plugins/com.nxp.mcuxpresso.tools.win32_11.10.0.202311280810/tools/bin/../lib/gcc/arm-none-eabi/13.2.1/../../../../arm-none-eabi/lib/thumb/v7e-m+fp/hard\libcr_c.a(initio.o)
                0x00004a6c                _initio
 .text._sbrk    0x00004ae4       0x3c C:/nxp/MCUXpressoIDE_11.10.0_3148/ide/plugins/com.nxp.mcuxpresso.tools.win32_11.10.0.202311280810/tools/bin/../lib/gcc/arm-none-eabi/13.2.1/../../../../arm-none-eabi/lib/thumb/v7e-m+fp/hard\libcr_c.a(_cr_sbrk.o)
                0x00004ae4                _sbrk
 .text.fflush   0x00004b20       0x3c C:/nxp/MCUXpressoIDE_11.10.0_3148/ide/plugins/com.nxp.mcuxpresso.tools.win32_11.10.0.202311280810/tools/bin/../lib/gcc/arm-none-eabi/13.2.1/../../../../arm-none-eabi/lib/thumb/v7e-m+fp/hard\libcr_c.a(fflush.o)
                0x00004b20                fflush
 .text.fseek    0x00004b5c       0xf8 C:/nxp/MCUXpressoIDE_11.10.0_3148/ide/plugins/com.nxp.mcuxpresso.tools.win32_11.10.0.202311280810/tools/bin/../lib/gcc/arm-none-eabi/13.2.1/../../../../arm-none-eabi/lib/thumb/v7e-m+fp/hard\libcr_c.a(fseek.o)
                0x00004b5c                fseek
 .text.ftell    0x00004c54       0x44 C:/nxp/MCUXpressoIDE_11.10.0_3148/ide/plugins/com.nxp.mcuxpresso.tools.win32_11.10.0.202311280810/tools/bin/../lib/gcc/arm-none-eabi/13.2.1/../../../../arm-none-eabi/lib/thumb/v7e-m+fp/hard\libcr_c.a(ftell.o)
                0x00004c54                ftell
 .text.__check_heap_overflow
                0x00004c98       0x18 C:/nxp/MCUXpressoIDE_11.10.0_3148/ide/plugins/com.nxp.mcuxpresso.tools.win32_11.10.0.202311280810/tools/bin/../lib/gcc/arm-none-eabi/13.2.1/../../../../arm-none-eabi/lib/thumb/v7e-m+fp/hard\libcr_c.a(_cr_check_heap.o)
                0x00004c98                __check_heap_overflow
 .text._Cwritebuf
                0x00004cb0       0x6c C:/nxp/MCUXpressoIDE_11.10.0_3148/ide/plugins/com.nxp.mcuxpresso.tools.win32_11.10.0.202311280810/tools/bin/../lib/gcc/arm-none-eabi/13.2.1/../../../../arm-none-eabi/lib/thumb/v7e-m+fp/hard\libcr_c.a(_writebuf.o)
                0x00004cb0                _Cwritebuf
 .text.DbgConsole_Printf
                0x00004d1c       0x2c ./utilities/fsl_debug_console.o
                0x00004d1c                DbgConsole_Printf
 .text.DbgConsole_PrintfPaddingCharacter
                0x00004d48       0x40 ./utilities/fsl_debug_console.o
 .text.DbgConsole_ConvertRadixNumToString
                0x00004d88      0x2b0 ./utilities/fsl_debug_console.o
 .text.DMA0_DMA16_IRQHandler
                0x00005038        0x8 ./startup/startup_mk66f18.o
                0x00005038                DMA0_DMA16_IRQHandler
 .text.DMA1_DMA17_IRQHandler
                0x00005040        0x8 ./startup/startup_mk66f18.o
                0x00005040                DMA1_DMA17_IRQHandler
 .text.DMA2_DMA18_IRQHandler
                0x00005048        0x8 ./startup/startup_mk66f18.o
                0x00005048                DMA2_DMA18_IRQHandler
 .text.DMA3_DMA19_IRQHandler
                0x00005050        0x8 ./startup/startup_mk66f18.o
                0x00005050                DMA3_DMA19_IRQHandler
 .text.DMA4_DMA20_IRQHandler
                0x00005058        0x8 ./startup/startup_mk66f18.o
                0x00005058                DMA4_DMA20_IRQHandler
 .text.DMA5_DMA21_IRQHandler
                0x00005060        0x8 ./startup/startup_mk66f18.o
                0x00005060                DMA5_DMA21_IRQHandler
 .text.DMA6_DMA22_IRQHandler
                0x00005068        0x8 ./startup/startup_mk66f18.o
                0x00005068                DMA6_DMA22_IRQHandler
 .text.DMA7_DMA23_IRQHandler
                0x00005070        0x8 ./startup/startup_mk66f18.o
                0x00005070                DMA7_DMA23_IRQHandler
 .text.DMA8_DMA24_IRQHandler
                0x00005078        0x8 ./startup/startup_mk66f18.o
                0x00005078                DMA8_DMA24_IRQHandler
 .text.DMA9_DMA25_IRQHandler
                0x00005080        0x8 ./startup/startup_mk66f18.o
                0x00005080                DMA9_DMA25_IRQHandler
 .text.DMA10_DMA26_IRQHandler
                0x00005088        0x8 ./startup/startup_mk66f18.o
                0x00005088                DMA10_DMA26_IRQHandler
 .text.DMA11_DMA27_IRQHandler
                0x00005090        0x8 ./startup/startup_mk66f18.o
                0x00005090                DMA11_DMA27_IRQHandler
 .text.DMA12_DMA28_IRQHandler
                0x00005098        0x8 ./startup/startup_mk66f18.o
                0x00005098                DMA12_DMA28_IRQHandler
 .text.DMA13_DMA29_IRQHandler
                0x000050a0        0x8 ./startup/startup_mk66f18.o
                0x000050a0                DMA13_DMA29_IRQHandler
 .text.DMA14_DMA30_IRQHandler
                0x000050a8        0x8 ./startup/startup_mk66f18.o
                0x000050a8                DMA14_DMA30_IRQHandler
 .text.DMA15_DMA31_IRQHandler
                0x000050b0        0x8 ./startup/startup_mk66f18.o
                0x000050b0                DMA15_DMA31_IRQHandler
 .text.DMA_Error_IRQHandler
                0x000050b8        0x8 ./startup/startup_mk66f18.o
                0x000050b8                DMA_Error_IRQHandler
 .text.MCM_IRQHandler
                0x000050c0        0x8 ./startup/startup_mk66f18.o
                0x000050c0                MCM_IRQHandler
 .text.FTFE_IRQHandler
                0x000050c8        0x8 ./startup/startup_mk66f18.o
                0x000050c8                FTFE_IRQHandler
 .text.Read_Collision_IRQHandler
                0x000050d0        0x8 ./startup/startup_mk66f18.o
                0x000050d0                Read_Collision_IRQHandler
 .text.LVD_LVW_IRQHandler
                0x000050d8        0x8 ./startup/startup_mk66f18.o
                0x000050d8                LVD_LVW_IRQHandler
 .text.LLWU_IRQHandler
                0x000050e0        0x8 ./startup/startup_mk66f18.o
                0x000050e0                LLWU_IRQHandler
 .text.WDOG_EWM_IRQHandler
                0x000050e8        0x8 ./startup/startup_mk66f18.o
                0x000050e8                WDOG_EWM_IRQHandler
 .text.RNG_IRQHandler
                0x000050f0        0x8 ./startup/startup_mk66f18.o
                0x000050f0                RNG_IRQHandler
 .text.I2C0_IRQHandler
                0x000050f8        0x8 ./startup/startup_mk66f18.o
                0x000050f8                I2C0_IRQHandler
 .text.I2C1_IRQHandler
                0x00005100        0x8 ./startup/startup_mk66f18.o
                0x00005100                I2C1_IRQHandler
 .text.SPI0_IRQHandler
                0x00005108        0x8 ./startup/startup_mk66f18.o
                0x00005108                SPI0_IRQHandler
 .text.SPI1_IRQHandler
                0x00005110        0x8 ./startup/startup_mk66f18.o
                0x00005110                SPI1_IRQHandler
 .text.I2S0_Tx_IRQHandler
                0x00005118        0x8 ./startup/startup_mk66f18.o
                0x00005118                I2S0_Tx_IRQHandler
 .text.I2S0_Rx_IRQHandler
                0x00005120        0x8 ./startup/startup_mk66f18.o
                0x00005120                I2S0_Rx_IRQHandler
 .text.Reserved46_IRQHandler
                0x00005128        0x8 ./startup/startup_mk66f18.o
                0x00005128                Reserved46_IRQHandler
 .text.UART0_RX_TX_IRQHandler
                0x00005130        0x8 ./startup/startup_mk66f18.o
                0x00005130                UART0_RX_TX_IRQHandler
 .text.UART0_ERR_IRQHandler
                0x00005138        0x8 ./startup/startup_mk66f18.o
                0x00005138                UART0_ERR_IRQHandler
 .text.UART1_RX_TX_IRQHandler
                0x00005140        0x8 ./startup/startup_mk66f18.o
                0x00005140                UART1_RX_TX_IRQHandler
 .text.UART1_ERR_IRQHandler
                0x00005148        0x8 ./startup/startup_mk66f18.o
                0x00005148                UART1_ERR_IRQHandler
 .text.UART2_RX_TX_IRQHandler
                0x00005150        0x8 ./startup/startup_mk66f18.o
                0x00005150                UART2_RX_TX_IRQHandler
 .text.UART2_ERR_IRQHandler
                0x00005158        0x8 ./startup/startup_mk66f18.o
                0x00005158                UART2_ERR_IRQHandler
 .text.UART3_RX_TX_IRQHandler
                0x00005160        0x8 ./startup/startup_mk66f18.o
                0x00005160                UART3_RX_TX_IRQHandler
 .text.UART3_ERR_IRQHandler
                0x00005168        0x8 ./startup/startup_mk66f18.o
                0x00005168                UART3_ERR_IRQHandler
 .text.ADC0_IRQHandler
                0x00005170        0x8 ./startup/startup_mk66f18.o
                0x00005170                ADC0_IRQHandler
 .text.CMP0_IRQHandler
                0x00005178        0x8 ./startup/startup_mk66f18.o
                0x00005178                CMP0_IRQHandler
 .text.CMP1_IRQHandler
                0x00005180        0x8 ./startup/startup_mk66f18.o
                0x00005180                CMP1_IRQHandler
 .text.FTM0_IRQHandler
                0x00005188        0x8 ./startup/startup_mk66f18.o
                0x00005188                FTM0_IRQHandler
 .text.FTM1_IRQHandler
                0x00005190        0x8 ./startup/startup_mk66f18.o
                0x00005190                FTM1_IRQHandler
 .text.FTM2_IRQHandler
                0x00005198        0x8 ./startup/startup_mk66f18.o
                0x00005198                FTM2_IRQHandler
 .text.CMT_IRQHandler
                0x000051a0        0x8 ./startup/startup_mk66f18.o
                0x000051a0                CMT_IRQHandler
 .text.RTC_IRQHandler
                0x000051a8        0x8 ./startup/startup_mk66f18.o
                0x000051a8                RTC_IRQHandler
 .text.RTC_Seconds_IRQHandler
                0x000051b0        0x8 ./startup/startup_mk66f18.o
                0x000051b0                RTC_Seconds_IRQHandler
 .text.PIT0_IRQHandler
                0x000051b8        0x8 ./startup/startup_mk66f18.o
                0x000051b8                PIT0_IRQHandler
 .text.PIT1_IRQHandler
                0x000051c0        0x8 ./startup/startup_mk66f18.o
                0x000051c0                PIT1_IRQHandler
 .text.PIT2_IRQHandler
                0x000051c8        0x8 ./startup/startup_mk66f18.o
                0x000051c8                PIT2_IRQHandler
 .text.PIT3_IRQHandler
                0x000051d0        0x8 ./startup/startup_mk66f18.o
                0x000051d0                PIT3_IRQHandler
 .text.PDB0_IRQHandler
                0x000051d8        0x8 ./startup/startup_mk66f18.o
                0x000051d8                PDB0_IRQHandler
 .text.USB0_IRQHandler
                0x000051e0        0x8 ./startup/startup_mk66f18.o
                0x000051e0                USB0_IRQHandler
 .text.USBDCD_IRQHandler
                0x000051e8        0x8 ./startup/startup_mk66f18.o
                0x000051e8                USBDCD_IRQHandler
 .text.Reserved71_IRQHandler
                0x000051f0        0x8 ./startup/startup_mk66f18.o
                0x000051f0                Reserved71_IRQHandler
 .text.DAC0_IRQHandler
                0x000051f8        0x8 ./startup/startup_mk66f18.o
                0x000051f8                DAC0_IRQHandler
 .text.MCG_IRQHandler
                0x00005200        0x8 ./startup/startup_mk66f18.o
                0x00005200                MCG_IRQHandler
 .text.LPTMR0_IRQHandler
                0x00005208        0x8 ./startup/startup_mk66f18.o
                0x00005208                LPTMR0_IRQHandler
 .text.PORTA_IRQHandler
                0x00005210        0x8 ./startup/startup_mk66f18.o
                0x00005210                PORTA_IRQHandler
 .text.PORTB_IRQHandler
                0x00005218        0x8 ./startup/startup_mk66f18.o
                0x00005218                PORTB_IRQHandler
 .text.PORTC_IRQHandler
                0x00005220        0x8 ./startup/startup_mk66f18.o
                0x00005220                PORTC_IRQHandler
 .text.PORTD_IRQHandler
                0x00005228        0x8 ./startup/startup_mk66f18.o
                0x00005228                PORTD_IRQHandler
 .text.PORTE_IRQHandler
                0x00005230        0x8 ./startup/startup_mk66f18.o
                0x00005230                PORTE_IRQHandler
 .text.SWI_IRQHandler
                0x00005238        0x8 ./startup/startup_mk66f18.o
                0x00005238                SWI_IRQHandler
 .text.SPI2_IRQHandler
                0x00005240        0x8 ./startup/startup_mk66f18.o
                0x00005240                SPI2_IRQHandler
 .text.UART4_RX_TX_IRQHandler
                0x00005248        0x8 ./startup/startup_mk66f18.o
                0x00005248                UART4_RX_TX_IRQHandler
 .text.UART4_ERR_IRQHandler
                0x00005250        0x8 ./startup/startup_mk66f18.o
                0x00005250                UART4_ERR_IRQHandler
 .text.Reserved84_IRQHandler
                0x00005258        0x8 ./startup/startup_mk66f18.o
                0x00005258                Reserved84_IRQHandler
 .text.Reserved85_IRQHandler
                0x00005260        0x8 ./startup/startup_mk66f18.o
                0x00005260                Reserved85_IRQHandler
 .text.CMP2_IRQHandler
                0x00005268        0x8 ./startup/startup_mk66f18.o
                0x00005268                CMP2_IRQHandler
 .text.FTM3_IRQHandler
                0x00005270        0x8 ./startup/startup_mk66f18.o
                0x00005270                FTM3_IRQHandler
 .text.DAC1_IRQHandler
                0x00005278        0x8 ./startup/startup_mk66f18.o
                0x00005278                DAC1_IRQHandler
 .text.ADC1_IRQHandler
                0x00005280        0x8 ./startup/startup_mk66f18.o
                0x00005280                ADC1_IRQHandler
 .text.I2C2_IRQHandler
                0x00005288        0x8 ./startup/startup_mk66f18.o
                0x00005288                I2C2_IRQHandler
 .text.CAN0_ORed_Message_buffer_IRQHandler
                0x00005290        0x8 ./startup/startup_mk66f18.o
                0x00005290                CAN0_ORed_Message_buffer_IRQHandler
 .text.CAN0_Bus_Off_IRQHandler
                0x00005298        0x8 ./startup/startup_mk66f18.o
                0x00005298                CAN0_Bus_Off_IRQHandler
 .text.CAN0_Error_IRQHandler
                0x000052a0        0x8 ./startup/startup_mk66f18.o
                0x000052a0                CAN0_Error_IRQHandler
 .text.CAN0_Tx_Warning_IRQHandler
                0x000052a8        0x8 ./startup/startup_mk66f18.o
                0x000052a8                CAN0_Tx_Warning_IRQHandler
 .text.CAN0_Rx_Warning_IRQHandler
                0x000052b0        0x8 ./startup/startup_mk66f18.o
                0x000052b0                CAN0_Rx_Warning_IRQHandler
 .text.CAN0_Wake_Up_IRQHandler
                0x000052b8        0x8 ./startup/startup_mk66f18.o
                0x000052b8                CAN0_Wake_Up_IRQHandler
 .text.SDHC_IRQHandler
                0x000052c0        0x8 ./startup/startup_mk66f18.o
                0x000052c0                SDHC_IRQHandler
 .text.ENET_1588_Timer_IRQHandler
                0x000052c8        0x8 ./startup/startup_mk66f18.o
                0x000052c8                ENET_1588_Timer_IRQHandler
 .text.ENET_Transmit_IRQHandler
                0x000052d0        0x8 ./startup/startup_mk66f18.o
                0x000052d0                ENET_Transmit_IRQHandler
 .text.ENET_Receive_IRQHandler
                0x000052d8        0x8 ./startup/startup_mk66f18.o
                0x000052d8                ENET_Receive_IRQHandler
 .text.ENET_Error_IRQHandler
                0x000052e0        0x8 ./startup/startup_mk66f18.o
                0x000052e0                ENET_Error_IRQHandler
 .text.LPUART0_IRQHandler
                0x000052e8        0x8 ./startup/startup_mk66f18.o
                0x000052e8                LPUART0_IRQHandler
 .text.TSI0_IRQHandler
                0x000052f0        0x8 ./startup/startup_mk66f18.o
                0x000052f0                TSI0_IRQHandler
 .text.TPM1_IRQHandler
                0x000052f8        0x8 ./startup/startup_mk66f18.o
                0x000052f8                TPM1_IRQHandler
 .text.TPM2_IRQHandler
                0x00005300        0x8 ./startup/startup_mk66f18.o
                0x00005300                TPM2_IRQHandler
 .text.USBHSDCD_IRQHandler
                0x00005308        0x8 ./startup/startup_mk66f18.o
                0x00005308                USBHSDCD_IRQHandler
 .text.I2C3_IRQHandler
                0x00005310        0x8 ./startup/startup_mk66f18.o
                0x00005310                I2C3_IRQHandler
 .text.CMP3_IRQHandler
                0x00005318        0x8 ./startup/startup_mk66f18.o
                0x00005318                CMP3_IRQHandler
 .text.USBHS_IRQHandler
                0x00005320        0x8 ./startup/startup_mk66f18.o
                0x00005320                USBHS_IRQHandler
 .text.CAN1_ORed_Message_buffer_IRQHandler
                0x00005328        0x8 ./startup/startup_mk66f18.o
                0x00005328                CAN1_ORed_Message_buffer_IRQHandler
 .text.CAN1_Bus_Off_IRQHandler
                0x00005330        0x8 ./startup/startup_mk66f18.o
                0x00005330                CAN1_Bus_Off_IRQHandler
 .text.CAN1_Error_IRQHandler
                0x00005338        0x8 ./startup/startup_mk66f18.o
                0x00005338                CAN1_Error_IRQHandler
 .text.CAN1_Tx_Warning_IRQHandler
                0x00005340        0x8 ./startup/startup_mk66f18.o
                0x00005340                CAN1_Tx_Warning_IRQHandler
 .text.CAN1_Rx_Warning_IRQHandler
                0x00005348        0x8 ./startup/startup_mk66f18.o
                0x00005348                CAN1_Rx_Warning_IRQHandler
 .text.CAN1_Wake_Up_IRQHandler
                0x00005350        0x8 ./startup/startup_mk66f18.o
                0x00005350                CAN1_Wake_Up_IRQHandler
 .text.Security_AddChecksum
                0x00005358       0x58 ./source/Drivers/Security_Layer/Security.o
                0x00005358                Security_AddChecksum
 .text.Security_ValidChecksum
                0x000053b0       0x78 ./source/Drivers/Security_Layer/Security.o
                0x000053b0                Security_ValidChecksum
 .text.AES_init_ctx_iv
                0x00005428       0x2c ./source/Drivers/Security_Layer/aes.o
                0x00005428                AES_init_ctx_iv
 .text.AES_ctx_set_iv
                0x00005454       0x20 ./source/Drivers/Security_Layer/aes.o
                0x00005454                AES_ctx_set_iv
 .text.AddRoundKey
                0x00005474       0x78 ./source/Drivers/Security_Layer/aes.o
 .text.ShiftRows
                0x000054ec       0x84 ./source/Drivers/Security_Layer/aes.o
 .text.xtime    0x00005570       0x3e ./source/Drivers/Security_Layer/aes.o
 .text.MixColumns
                0x000055ae      0x16a ./source/Drivers/Security_Layer/aes.o
 .text.InvMixColumns
                0x00005718      0x698 ./source/Drivers/Security_Layer/aes.o
 .text.InvShiftRows
                0x00005db0       0x84 ./source/Drivers/Security_Layer/aes.o
 .text.Cipher   0x00005e34       0x5c ./source/Drivers/Security_Layer/aes.o
 .text.InvCipher
                0x00005e90       0x52 ./source/Drivers/Security_Layer/aes.o
 .text.XorWithIv
                0x00005ee2       0x46 ./source/Drivers/Security_Layer/aes.o
 .text.AES_CBC_encrypt_buffer
                0x00005f28       0x58 ./source/Drivers/Security_Layer/aes.o
                0x00005f28                AES_CBC_encrypt_buffer
 .text.AES_CBC_decrypt_buffer
                0x00005f80       0x64 ./source/Drivers/Security_Layer/aes.o
                0x00005f80                AES_CBC_decrypt_buffer
 .text.CLOCK_EnableClock
                0x00005fe4       0x34 ./source/Drivers/Ethernet_Layer/enet.o
 .text.ENET_ActiveRead
                0x00006018       0x1c ./source/Drivers/Ethernet_Layer/enet.o
 .text.PHY_Init
                0x00006034       0x20 ./source/Drivers/Ethernet_Layer/enet.o
 .text.PHY_GetAutoNegotiationStatus
                0x00006054       0x20 ./source/Drivers/Ethernet_Layer/enet.o
 .text.PHY_GetLinkStatus
                0x00006074       0x20 ./source/Drivers/Ethernet_Layer/enet.o
 .text.PHY_GetLinkSpeedDuplex
                0x00006094       0x24 ./source/Drivers/Ethernet_Layer/enet.o
 .text.SYSMPU_Enable
                0x000060b8       0x38 ./source/Drivers/Ethernet_Layer/enet.o
 .text.PORT_SetPinMux
                0x000060f0       0x3a ./source/Drivers/Ethernet_Layer/enet.o
 .text.HardFault_Handler
                0x0000612a       0x36 ./source/semihost_hardfault.o
                0x0000612a                HardFault_Handler
 .text.MDIO_Init
                0x00006160       0x1a ./phy/fsl_phyksz8081.o
 .text.MDIO_Write
                0x0000617a       0x28 ./phy/fsl_phyksz8081.o
 .text.MDIO_Read
                0x000061a2       0x28 ./phy/fsl_phyksz8081.o
 .text.PHY_KSZ8081_Write
                0x000061ca       0x26 ./phy/fsl_phyksz8081.o
                0x000061ca                PHY_KSZ8081_Write
 .text.PHY_KSZ8081_Read
                0x000061f0       0x26 ./phy/fsl_phyksz8081.o
                0x000061f0                PHY_KSZ8081_Read
 .text.CLOCK_EnableClock
                0x00006216       0x34 ./mdio/fsl_enet_mdio.o
 .text.ENET_ReadSMIData
                0x0000624a       0x1a ./mdio/fsl_enet_mdio.o
 .text.ENET_GetInterruptStatus
                0x00006264       0x18 ./mdio/fsl_enet_mdio.o
 .text.ENET_ClearInterruptStatus
                0x0000627c       0x1c ./mdio/fsl_enet_mdio.o
 .text.ENET_MDIO_Write
                0x00006298       0x5c ./mdio/fsl_enet_mdio.o
 .text.ENET_MDIO_WriteExt
                0x000062f4       0x7e ./mdio/fsl_enet_mdio.o
 .text.ENET_MDIO_WaitTransferOver
                0x00006372       0x2a ./mdio/fsl_enet_mdio.o
 .text.OSC_SetExtRefClkConfig
                0x0000639c       0x40 ./drivers/fsl_clock.o
 .text.OSC_SetCapLoad
                0x000063dc       0x34 ./drivers/fsl_clock.o
 .text.CLOCK_GetPll0RefFreq
                0x00006410        0xe ./drivers/fsl_clock.o
 .text.CLOCK_GetFixedFreqClkFreq
                0x0000641e       0x34 ./drivers/fsl_clock.o
                0x0000641e                CLOCK_GetFixedFreqClkFreq
 .text.CLOCK_EnableClock
                0x00006452       0x34 ./drivers/fsl_crc.o
 .text.CRC_GetTransposeTypeFromReflectIn
                0x00006486       0x22 ./drivers/fsl_crc.o
 .text.CRC_GetTransposeTypeFromReflectOut
                0x000064a8       0x22 ./drivers/fsl_crc.o
 .text.CRC_ConfigureAndStart
                0x000064ca       0x68 ./drivers/fsl_crc.o
 .text.CRC_SetProtocolConfig
                0x00006532       0x52 ./drivers/fsl_crc.o
 .text.CRC_SetRawProtocolConfig
                0x00006584       0x46 ./drivers/fsl_crc.o
 .text.CRC_WriteData
                0x000065ca       0x80 ./drivers/fsl_crc.o
                0x000065ca                CRC_WriteData
 .text.CRC_Get32bitResult
                0x0000664a       0x18 ./drivers/fsl_crc.o
                0x0000664a                CRC_Get32bitResult
 .text.CLOCK_EnableClock
                0x00006662       0x34 ./drivers/fsl_enet.o
 .text.EnableIRQ
                0x00006696       0x32 ./drivers/fsl_enet.o
 .text.DisableGlobalIRQ
                0x000066c8       0x22 ./drivers/fsl_enet.o
 .text.EnableGlobalIRQ
                0x000066ea       0x20 ./drivers/fsl_enet.o
 .text.ENET_Reset
                0x0000670a       0x20 ./drivers/fsl_enet.o
 .text.ENET_GetSMI
                0x0000672a       0x26 ./drivers/fsl_enet.o
 .text.ENET_EnableSleepMode
                0x00006750       0x38 ./drivers/fsl_enet.o
 .text.ENET_EnableInterrupts
                0x00006788       0x22 ./drivers/fsl_enet.o
 .text.ENET_SetMacAddr
                0x000067aa       0x5e ./drivers/fsl_enet.o
                0x000067aa                ENET_SetMacAddr
 .text.ENET_StartSMIWrite
                0x00006808       0x50 ./drivers/fsl_enet.o
                0x00006808                ENET_StartSMIWrite
 .text.ENET_StartSMIRead
                0x00006858       0x4a ./drivers/fsl_enet.o
                0x00006858                ENET_StartSMIRead
 .text.ENET_StartExtC45SMIWriteReg
                0x000068a2       0x4e ./drivers/fsl_enet.o
                0x000068a2                ENET_StartExtC45SMIWriteReg
 .text.ENET_StartExtC45SMIWriteData
                0x000068f0       0x52 ./drivers/fsl_enet.o
                0x000068f0                ENET_StartExtC45SMIWriteData
 .text.ENET_StartExtC45SMIReadData
                0x00006942       0x4a ./drivers/fsl_enet.o
                0x00006942                ENET_StartExtC45SMIReadData
 .text.ENET_TxDirtyRingAvailable
                0x0000698c       0x2e ./drivers/fsl_enet.o
 .text.CLOCK_EnableClock
                0x000069ba       0x34 ./drivers/fsl_uart.o
 .text.UART_GetStatusFlags
                0x000069ee       0x48 ./drivers/fsl_uart.o
                0x000069ee                UART_GetStatusFlags
 .text.UART_ClearStatusFlags
                0x00006a36       0x80 ./drivers/fsl_uart.o
                0x00006a36                UART_ClearStatusFlags
 .text.UART_WriteBlocking
                0x00006ab6       0x50 ./drivers/fsl_uart.o
                0x00006ab6                UART_WriteBlocking
 .text.UART0_RX_TX_DriverIRQHandler
                0x00006b06       0x12 ./drivers/fsl_uart.o
                0x00006b06                UART0_RX_TX_DriverIRQHandler
 .text.UART1_RX_TX_DriverIRQHandler
                0x00006b18       0x12 ./drivers/fsl_uart.o
                0x00006b18                UART1_RX_TX_DriverIRQHandler
 .text.UART2_RX_TX_DriverIRQHandler
                0x00006b2a       0x12 ./drivers/fsl_uart.o
                0x00006b2a                UART2_RX_TX_DriverIRQHandler
 .text.UART3_RX_TX_DriverIRQHandler
                0x00006b3c       0x12 ./drivers/fsl_uart.o
                0x00006b3c                UART3_RX_TX_DriverIRQHandler
 .text.UART4_RX_TX_DriverIRQHandler
                0x00006b4e       0x12 ./drivers/fsl_uart.o
                0x00006b4e                UART4_RX_TX_DriverIRQHandler
 .text.SystemInitHook
                0x00006b60        0xe ./device/system_MK66F18.o
                0x00006b60                SystemInitHook
 .text.HAL_UartGetStatus
                0x00006b6e       0x22 ./component/uart/fsl_adapter_uart.o
 .text.BOARD_InitDebugConsole
                0x00006b90       0x22 ./board/board.o
                0x00006b90                BOARD_InitDebugConsole
 .text.BOARD_InitBootClocks
                0x00006bb2        0xc ./board/clock_config.o
                0x00006bb2                BOARD_InitBootClocks
 .text.CLOCK_EnableClock
                0x00006bbe       0x34 ./board/pin_mux.o
 .text.PORT_SetPinMux
                0x00006bf2       0x3a ./board/pin_mux.o
 .text.BOARD_InitBootPins
                0x00006c2c        0xc ./board/pin_mux.o
                0x00006c2c                BOARD_InitBootPins
 .text.__main   0x00006c38        0xe C:/nxp/MCUXpressoIDE_11.10.0_3148/ide/plugins/com.nxp.mcuxpresso.tools.win32_11.10.0.202311280810/tools/bin/../lib/gcc/arm-none-eabi/13.2.1/../../../../arm-none-eabi/lib/thumb/v7e-m+fp/hard\libcr_nohost_nf.a(_cr__main.o)
                0x00006c38                __main
 .text.memcpy   0x00006c46        0x4 C:/nxp/MCUXpressoIDE_11.10.0_3148/ide/plugins/com.nxp.mcuxpresso.tools.win32_11.10.0.202311280810/tools/bin/../lib/gcc/arm-none-eabi/13.2.1/../../../../arm-none-eabi/lib/thumb/v7e-m+fp/hard\libcr_c.a(memcpy.o)
                0x00006c46                memcpy
 .text.memset   0x00006c4a        0x4 C:/nxp/MCUXpressoIDE_11.10.0_3148/ide/plugins/com.nxp.mcuxpresso.tools.win32_11.10.0.202311280810/tools/bin/../lib/gcc/arm-none-eabi/13.2.1/../../../../arm-none-eabi/lib/thumb/v7e-m+fp/hard\libcr_c.a(memset.o)
                0x00006c4a                memset
 .text.free     0x00006c4e       0x30 C:/nxp/MCUXpressoIDE_11.10.0_3148/ide/plugins/com.nxp.mcuxpresso.tools.win32_11.10.0.202311280810/tools/bin/../lib/gcc/arm-none-eabi/13.2.1/../../../../arm-none-eabi/lib/thumb/v7e-m+fp/hard\libcr_c.a(alloc.o)
                0x00006c4e                free
 .text.setvbuf  0x00006c7e       0x3e C:/nxp/MCUXpressoIDE_11.10.0_3148/ide/plugins/com.nxp.mcuxpresso.tools.win32_11.10.0.202311280810/tools/bin/../lib/gcc/arm-none-eabi/13.2.1/../../../../arm-none-eabi/lib/thumb/v7e-m+fp/hard\libcr_c.a(setvbuf.o)
                0x00006c7e                setvbuf
 .text.strlen   0x00006cbc       0x4e C:/nxp/MCUXpressoIDE_11.10.0_3148/ide/plugins/com.nxp.mcuxpresso.tools.win32_11.10.0.202311280810/tools/bin/../lib/gcc/arm-none-eabi/13.2.1/../../../../arm-none-eabi/lib/thumb/v7e-m+fp/hard\libcr_c.a(strlen.o)
                0x00006cbc                strlen
 .text._fdopen  0x00006d0a       0x68 C:/nxp/MCUXpressoIDE_11.10.0_3148/ide/plugins/com.nxp.mcuxpresso.tools.win32_11.10.0.202311280810/tools/bin/../lib/gcc/arm-none-eabi/13.2.1/../../../../arm-none-eabi/lib/thumb/v7e-m+fp/hard\libcr_c.a(_fdopen.o)
                0x00006d0a                _fdopen
 .text.fclose   0x00006d72       0x58 C:/nxp/MCUXpressoIDE_11.10.0_3148/ide/plugins/com.nxp.mcuxpresso.tools.win32_11.10.0.202311280810/tools/bin/../lib/gcc/arm-none-eabi/13.2.1/../../../../arm-none-eabi/lib/thumb/v7e-m+fp/hard\libcr_c.a(fclose.o)
                0x00006d72                fclose
 .text.remove   0x00006dca       0x14 C:/nxp/MCUXpressoIDE_11.10.0_3148/ide/plugins/com.nxp.mcuxpresso.tools.win32_11.10.0.202311280810/tools/bin/../lib/gcc/arm-none-eabi/13.2.1/../../../../arm-none-eabi/lib/thumb/v7e-m+fp/hard\libcr_c.a(remove.o)
                0x00006dca                remove
 .text._do_fflush
                0x00006dde       0x40 C:/nxp/MCUXpressoIDE_11.10.0_3148/ide/plugins/com.nxp.mcuxpresso.tools.win32_11.10.0.202311280810/tools/bin/../lib/gcc/arm-none-eabi/13.2.1/../../../../arm-none-eabi/lib/thumb/v7e-m+fp/hard\libcr_c.a(_do_fflush.o)
                0x00006dde                _do_fflush
 .text._fflush  0x00006e1e       0x52 C:/nxp/MCUXpressoIDE_11.10.0_3148/ide/plugins/com.nxp.mcuxpresso.tools.win32_11.10.0.202311280810/tools/bin/../lib/gcc/arm-none-eabi/13.2.1/../../../../arm-none-eabi/lib/thumb/v7e-m+fp/hard\libcr_c.a(_fflush.o)
                0x00006e1e                _fflush
 .text._deferredlazyseek
                0x00006e70       0x40 C:/nxp/MCUXpressoIDE_11.10.0_3148/ide/plugins/com.nxp.mcuxpresso.tools.win32_11.10.0.202311280810/tools/bin/../lib/gcc/arm-none-eabi/13.2.1/../../../../arm-none-eabi/lib/thumb/v7e-m+fp/hard\libcr_c.a(_deferredlazyseek.o)
                0x00006e70                _deferredlazyseek
 .text.__aeabi_division_ldivmod
                0x00006eb0       0x26 C:/nxp/MCUXpressoIDE_11.10.0_3148/ide/plugins/com.nxp.mcuxpresso.tools.win32_11.10.0.202311280810/tools/bin/../lib/gcc/arm-none-eabi/13.2.1/thumb/v7e-m+fp/hard\libcr_eabihelpers.a(division_64.o)
                0x00006eb0                __aeabi_ldivmod
 .text.__aeabi_division_uldivmod
                0x00006ed6      0x174 C:/nxp/MCUXpressoIDE_11.10.0_3148/ide/plugins/com.nxp.mcuxpresso.tools.win32_11.10.0.202311280810/tools/bin/../lib/gcc/arm-none-eabi/13.2.1/thumb/v7e-m+fp/hard\libcr_eabihelpers.a(division_64.o)
                0x00006ed6                __aeabi_uldivmod
                0x00006eda                __bhs_ldivmod1
 .text.__aeabi_division_idiv0
                0x0000704a        0x2 C:/nxp/MCUXpressoIDE_11.10.0_3148/ide/plugins/com.nxp.mcuxpresso.tools.win32_11.10.0.202311280810/tools/bin/../lib/gcc/arm-none-eabi/13.2.1/thumb/v7e-m+fp/hard\libcr_eabihelpers.a(division_idiv0.o)
                0x0000704a                __aeabi_idiv0
 .text.__aeabi_memcpy
                0x0000704c       0x34 C:/nxp/MCUXpressoIDE_11.10.0_3148/ide/plugins/com.nxp.mcuxpresso.tools.win32_11.10.0.202311280810/tools/bin/../lib/gcc/arm-none-eabi/13.2.1/thumb/v7e-m+fp/hard\libcr_eabihelpers.a(memcpy.o)
                0x0000704c                __aeabi_memcpy
                0x00007056                __aeabi_memcpy8
                0x00007056                __aeabi_memcpy4
 .text.__aeabi_memset_lowlevel
                0x00007080       0x32 C:/nxp/MCUXpressoIDE_11.10.0_3148/ide/plugins/com.nxp.mcuxpresso.tools.win32_11.10.0.202311280810/tools/bin/../lib/gcc/arm-none-eabi/13.2.1/thumb/v7e-m+fp/hard\libcr_eabihelpers.a(memcpy.o)
                0x00007080                __aeabi_lowlevel_memset
 .text.__sys_close
                0x000070b2        0x6 C:/nxp/MCUXpressoIDE_11.10.0_3148/ide/plugins/com.nxp.mcuxpresso.tools.win32_11.10.0.202311280810/tools/bin/../lib/gcc/arm-none-eabi/13.2.1/../../../../arm-none-eabi/lib/thumb/v7e-m+fp/hard\libcr_nohost_nf.a(__sys_close.o)
                0x000070b2                __sys_close
 .text.__sys_flen
                0x000070b8        0x6 C:/nxp/MCUXpressoIDE_11.10.0_3148/ide/plugins/com.nxp.mcuxpresso.tools.win32_11.10.0.202311280810/tools/bin/../lib/gcc/arm-none-eabi/13.2.1/../../../../arm-none-eabi/lib/thumb/v7e-m+fp/hard\libcr_nohost_nf.a(__sys_flen.o)
                0x000070b8                __sys_flen
 .text.__sys_istty
                0x000070be        0x6 C:/nxp/MCUXpressoIDE_11.10.0_3148/ide/plugins/com.nxp.mcuxpresso.tools.win32_11.10.0.202311280810/tools/bin/../lib/gcc/arm-none-eabi/13.2.1/../../../../arm-none-eabi/lib/thumb/v7e-m+fp/hard\libcr_nohost_nf.a(__sys_istty.o)
                0x000070be                __sys_istty
 .text.__sys_remove
                0x000070c4        0x6 C:/nxp/MCUXpressoIDE_11.10.0_3148/ide/plugins/com.nxp.mcuxpresso.tools.win32_11.10.0.202311280810/tools/bin/../lib/gcc/arm-none-eabi/13.2.1/../../../../arm-none-eabi/lib/thumb/v7e-m+fp/hard\libcr_nohost_nf.a(__sys_remove.o)
                0x000070c4                __sys_remove
 .text.__sys_seek
                0x000070ca        0x6 C:/nxp/MCUXpressoIDE_11.10.0_3148/ide/plugins/com.nxp.mcuxpresso.tools.win32_11.10.0.202311280810/tools/bin/../lib/gcc/arm-none-eabi/13.2.1/../../../../arm-none-eabi/lib/thumb/v7e-m+fp/hard\libcr_nohost_nf.a(__sys_seek.o)
                0x000070ca                __sys_seek
 .text.__sys_tmpnam
                0x000070d0        0x6 C:/nxp/MCUXpressoIDE_11.10.0_3148/ide/plugins/com.nxp.mcuxpresso.tools.win32_11.10.0.202311280810/tools/bin/../lib/gcc/arm-none-eabi/13.2.1/../../../../arm-none-eabi/lib/thumb/v7e-m+fp/hard\libcr_nohost_nf.a(__sys_tmpnam.o)
                0x000070d0                __sys_tmpnam
 .text.__sys_write
                0x000070d6        0x4 C:/nxp/MCUXpressoIDE_11.10.0_3148/ide/plugins/com.nxp.mcuxpresso.tools.win32_11.10.0.202311280810/tools/bin/../lib/gcc/arm-none-eabi/13.2.1/../../../../arm-none-eabi/lib/thumb/v7e-m+fp/hard\libcr_nohost_nf.a(__sys_write.o)
                0x000070d6                __sys_write
 *(SORT_BY_ALIGNMENT(.rodata) SORT_BY_ALIGNMENT(.rodata.*) SORT_BY_ALIGNMENT(.constdata) SORT_BY_ALIGNMENT(.constdata.*))
 *fill*         0x000070da        0x2 ff
 .rodata.__assertion_failed.str1.4
                0x000070dc      0xe0c ./utilities/fsl_assert.o
                                 0x14 (size before relaxing)
 .rodata.Security_init.str1.4
                0x00007ee8       0x25 ./source/Drivers/Security_Layer/Security.o
 .rodata.sbox   0x00007ee8      0x100 ./source/Drivers/Security_Layer/aes.o
 .rodata.rsbox  0x00007fe8      0x100 ./source/Drivers/Security_Layer/aes.o
 .rodata.Rcon   0x000080e8        0xb ./source/Drivers/Security_Layer/aes.o
 .rodata.PORT_SetPinConfig.str1.4
                0x000080f3       0x43 ./source/Drivers/Ethernet_Layer/enet.o
 *fill*         0x000080f3        0x1 ff
 .rodata        0x000080f4       0x20 ./source/Drivers/Ethernet_Layer/enet.o
 .rodata.main.str1.4
                0x00008114       0x1a ./source/Test_App.o
 .rodata.phyksz8081_ops
                0x00008114       0x20 ./phy/fsl_phyksz8081.o
                0x00008114                phyksz8081_ops
 .rodata.PHY_KSZ8081_Init.str1.4
                0x00008134       0x37 ./phy/fsl_phyksz8081.o
 .rodata.PHY_KSZ8081_GetAutoNegotiationStatus.str1.4
                0x00008134       0x1e ./phy/fsl_phyksz8081.o
 .rodata.PHY_KSZ8081_GetLinkStatus.str1.4
                0x00008134       0x1e ./phy/fsl_phyksz8081.o
 .rodata.PHY_KSZ8081_GetLinkSpeedDuplex.str1.4
                0x00008134       0x3e ./phy/fsl_phyksz8081.o
 .rodata.PHY_KSZ8081_SetLinkSpeedDuplex.str1.4
                0x00008134       0x2f ./phy/fsl_phyksz8081.o
 .rodata.PHY_KSZ8081_EnableLoopback.str1.4
                0x00008134       0x8f ./phy/fsl_phyksz8081.o
 .rodata.enet_ops
                0x00008134       0x14 ./mdio/fsl_enet_mdio.o
                0x00008134                enet_ops
 .rodata.ENET_MDIO_Read.str1.4
                0x00008148       0x25 ./mdio/fsl_enet_mdio.o
 .rodata.ENET_MDIO_ReadExt.str1.4
                0x00008148       0x26 ./mdio/fsl_enet_mdio.o
 .rodata.CLOCK_GetMcgExtClkFreq.str1.4
                0x00008148       0x49 ./drivers/fsl_clock.o
 .rodata.CLOCK_GetOsc0ErClkUndivFreq.str1.4
                0x00008148       0x1e ./drivers/fsl_clock.o
 .rodata.CLOCK_GetOsc0ErClkDivFreq.str1.4
                0x00008148       0x1e ./drivers/fsl_clock.o
 .rodata.CLOCK_GetEr32kClkFreq.str1.4
                0x00008148       0x1f ./drivers/fsl_clock.o
 .rodata.CLOCK_GetPll0Freq.str1.4
                0x00008148       0x1d ./drivers/fsl_clock.o
 .rodata.CLOCK_EnablePll0.str1.4
                0x00008148       0x1a ./drivers/fsl_clock.o
 .rodata.CLOCK_SetPbeMode.str1.4
                0x00008148       0x1a ./drivers/fsl_clock.o
 .rodata.CLOCK_BootToPeeMode.str1.4
                0x00008148       0x1a ./drivers/fsl_clock.o
 .rodata.fllFactorTable.1
                0x00008148       0x10 ./drivers/fsl_clock.o
 .rodata.s_enetClock
                0x00008158        0x4 ./drivers/fsl_enet.o
                0x00008158                s_enetClock
 .rodata.ENET_GetInstance.str1.4
                0x0000815c       0x34 ./drivers/fsl_enet.o
 .rodata.ENET_GetDefaultConfig.str1.4
                0x0000815c       0x20 ./drivers/fsl_enet.o
 .rodata.ENET_Up.str1.4
                0x0000815c       0xe0 ./drivers/fsl_enet.o
 .rodata.ENET_SetHandler.str1.4
                0x0000815c       0x58 ./drivers/fsl_enet.o
 .rodata.ENET_SetTxBufferDescriptors.str1.4
                0x0000815c       0x46 ./drivers/fsl_enet.o
 .rodata.ENET_SetRxBufferDescriptors.str1.4
                0x0000815c       0x8c ./drivers/fsl_enet.o
 .rodata.ENET_RxBufferAllocAll.str1.4
                0x0000815c       0x6b ./drivers/fsl_enet.o
 .rodata.ENET_RxBufferFreeAll.str1.4
                0x0000815c       0x67 ./drivers/fsl_enet.o
 .rodata.ENET_ActiveReadRing.str1.4
                0x0000815c       0x64 ./drivers/fsl_enet.o
 .rodata.ENET_ActiveSendRing.str1.4
                0x0000815c       0x4b ./drivers/fsl_enet.o
 .rodata.ENET_SetSMI.str1.4
                0x0000815c       0x45 ./drivers/fsl_enet.o
 .rodata.ENET_IncreaseIndex.str1.4
                0x0000815c       0x1e ./drivers/fsl_enet.o
 .rodata.ENET_GetRxErrBeforeReadFrame.str1.4
                0x0000815c       0x87 ./drivers/fsl_enet.o
 .rodata.ENET_GetRxFrameSize.str1.4
                0x0000815c       0x83 ./drivers/fsl_enet.o
 .rodata.ENET_ReadFrame.str1.4
                0x0000815c       0x6f ./drivers/fsl_enet.o
 .rodata.ENET_UpdateReadBuffers.str1.4
                0x0000815c       0x6f ./drivers/fsl_enet.o
 .rodata.ENET_SendFrame.str1.4
                0x0000815c       0x8f ./drivers/fsl_enet.o
 .rodata.ENET_ReclaimTxDescriptor.str1.4
                0x0000815c       0x4b ./drivers/fsl_enet.o
 .rodata.ENET_TransmitIRQHandler.str1.4
                0x0000815c       0x21 ./drivers/fsl_enet.o
 .rodata.ENET_ReceiveIRQHandler.str1.4
                0x0000815c       0x21 ./drivers/fsl_enet.o
 .rodata.ENET_ErrorIRQHandler.str1.4
                0x0000815c       0x21 ./drivers/fsl_enet.o
 .rodata.s_uartBases
                0x0000815c       0x14 ./drivers/fsl_uart.o
 .rodata.s_uartClock
                0x00008170       0x14 ./drivers/fsl_uart.o
 .rodata.UART_GetInstance.str1.4
                0x00008184       0x2b ./drivers/fsl_uart.o
 .rodata.UART_Init.str1.4
                0x00008184       0xfb ./drivers/fsl_uart.o
 .rodata.UART_GetDefaultConfig.str1.4
                0x00008184       0x20 ./drivers/fsl_uart.o
 .rodata.UART_ReadBlocking.str1.4
                0x00008184       0x1e ./drivers/fsl_uart.o
 .rodata.s_UartAdapterBase
                0x00008184       0x14 ./component/uart/fsl_adapter_uart.o
 .rodata.HAL_UartInit.str1.4
                0x00008198       0xdd ./component/uart/fsl_adapter_uart.o
 .rodata.HAL_UartReceiveBlocking.str1.4
                0x00008198       0x60 ./component/uart/fsl_adapter_uart.o
 .rodata.HAL_UartSendBlocking.str1.4
                0x00008198       0x60 ./component/uart/fsl_adapter_uart.o
 .rodata.mcgConfig_BOARD_BootClockRUN
                0x00008198        0xc ./board/clock_config.o
                0x00008198                mcgConfig_BOARD_BootClockRUN
 .rodata.simConfig_BOARD_BootClockRUN
                0x000081a4        0x8 ./board/clock_config.o
                0x000081a4                simConfig_BOARD_BootClockRUN
 .rodata.oscConfig_BOARD_BootClockRUN
                0x000081ac        0x8 ./board/clock_config.o
                0x000081ac                oscConfig_BOARD_BootClockRUN
 .rodata.PORT_SetPinConfig.str1.4
                0x000081b4       0x43 ./board/pin_mux.o
 .rodata.__num_Ciob_streams
                0x000081b4        0x4 C:/nxp/MCUXpressoIDE_11.10.0_3148/ide/plugins/com.nxp.mcuxpresso.tools.win32_11.10.0.202311280810/tools/bin/../lib/gcc/arm-none-eabi/13.2.1/../../../../arm-none-eabi/lib/thumb/v7e-m+fp/hard\libcr_nohost_nf.a(__ciob.o)
                0x000081b4                __num_Ciob_streams
 .rodata._initio.str1.1
                0x000081b8        0x4 C:/nxp/MCUXpressoIDE_11.10.0_3148/ide/plugins/com.nxp.mcuxpresso.tools.win32_11.10.0.202311280810/tools/bin/../lib/gcc/arm-none-eabi/13.2.1/../../../../arm-none-eabi/lib/thumb/v7e-m+fp/hard\libcr_c.a(initio.o)
                0x00008280                        . = ALIGN (0x8)
 *fill*         0x000081bc        0x4 ff

.glue_7         0x000081c0        0x0
 .glue_7        0x000081c0        0x0 linker stubs

.glue_7t        0x000081c0        0x0
 .glue_7t       0x000081c0        0x0 linker stubs

.vfp11_veneer   0x000081c0        0x0
 .vfp11_veneer  0x000081c0        0x0 linker stubs

.v4_bx          0x000081c0        0x0
 .v4_bx         0x000081c0        0x0 linker stubs

.iplt           0x000081c0        0x0
 .iplt          0x000081c0        0x0 ./utilities/fsl_assert.o

.rel.dyn        0x000081c0        0x0
 .rel.iplt      0x000081c0        0x0 ./utilities/fsl_assert.o

.ARM.extab
 *(SORT_BY_ALIGNMENT(.ARM.extab*) SORT_BY_ALIGNMENT(.gnu.linkonce.armextab.*))

.ARM.exidx      0x000081c0        0x0
                0x000081c0                        __exidx_start = .
 *(SORT_BY_ALIGNMENT(.ARM.exidx*) SORT_BY_ALIGNMENT(.gnu.linkonce.armexidx.*))
                0x000081c0                        __exidx_end = .
                0x000081c0                        _etext = .

.m_usb_data
 *(SORT_BY_ALIGNMENT(m_usb_bdt))

.data_RAM2      0x1fff0000        0x0 load address 0x000081c0
 FILL mask 0xff
                [!provide]                        PROVIDE (__start_data_RAM2 = .)
                [!provide]                        PROVIDE (__start_data_SRAM_LOWER = .)
 *(SORT_BY_ALIGNMENT(.ramfunc.$RAM2))
 *(SORT_BY_ALIGNMENT(.ramfunc.$SRAM_LOWER))
 *(SORT_BY_ALIGNMENT(NonCacheable.init))
 *(SORT_BY_ALIGNMENT(.data.$RAM2))
 *(SORT_BY_ALIGNMENT(.data.$SRAM_LOWER))
 *(SORT_BY_ALIGNMENT(.data.$RAM2.*))
 *(SORT_BY_ALIGNMENT(.data.$SRAM_LOWER.*))
                0x1fff0000                        . = ALIGN (0x8)
                [!provide]                        PROVIDE (__end_data_RAM2 = .)
                [!provide]                        PROVIDE (__end_data_SRAM_LOWER = .)

.data_RAM3      0x14000000        0x0 load address 0x000081c0
 FILL mask 0xff
                [!provide]                        PROVIDE (__start_data_RAM3 = .)
                [!provide]                        PROVIDE (__start_data_FLEX_RAM = .)
 *(SORT_BY_ALIGNMENT(.ramfunc.$RAM3))
 *(SORT_BY_ALIGNMENT(.ramfunc.$FLEX_RAM))
 *(SORT_BY_ALIGNMENT(.data.$RAM3))
 *(SORT_BY_ALIGNMENT(.data.$FLEX_RAM))
 *(SORT_BY_ALIGNMENT(.data.$RAM3.*))
 *(SORT_BY_ALIGNMENT(.data.$FLEX_RAM.*))
                0x14000000                        . = ALIGN (0x8)
                [!provide]                        PROVIDE (__end_data_RAM3 = .)
                [!provide]                        PROVIDE (__end_data_FLEX_RAM = .)

.uninit_RESERVED
                0x20000000        0x0
                0x20000000                        _start_uninit_RESERVED = .
 *(SORT_BY_ALIGNMENT(.bss.$RESERVED*))
                0x20000000                        . = ALIGN (0x8)
                0x20000000                        _end_uninit_RESERVED = .

.data           0x20000000       0x58 load address 0x000081c0
 FILL mask 0xff
                0x20000000                        _data = .
                [!provide]                        PROVIDE (__start_data_RAM = .)
                [!provide]                        PROVIDE (__start_data_SRAM_UPPER = .)
 *(SORT_BY_ALIGNMENT(vtable))
 *(SORT_BY_ALIGNMENT(.ramfunc*))
 *(SORT_BY_ALIGNMENT(CodeQuickAccess))
 *(SORT_BY_ALIGNMENT(DataQuickAccess))
 *(SORT_BY_ALIGNMENT(RamFunction))
 *(SORT_BY_ALIGNMENT(.data*))
 .data.ownMAC   0x20000000        0x6 ./source/Drivers/Ethernet_Layer/Ethernet.o
                0x20000000                ownMAC
 *fill*         0x20000006        0x2 ff
 .data.pcMAC    0x20000008        0x6 ./source/Drivers/Ethernet_Layer/Ethernet.o
                0x20000008                pcMAC
 *fill*         0x2000000e        0x2 ff
 .data.mdioHandle
                0x20000010        0xc ./source/Drivers/Ethernet_Layer/enet.o
 .data.phyHandle
                0x2000001c        0xc ./source/Drivers/Ethernet_Layer/enet.o
 .data.msg1     0x20000028       0x20 ./source/Test_App.o
                0x20000028                msg1
 .data.st       0x20000048        0x4 ./source/Test_App.o
                0x20000048                st
 .data.s_slowIrcFreq
                0x2000004c        0x4 ./drivers/fsl_clock.o
 .data.s_fastIrcFreq
                0x20000050        0x4 ./drivers/fsl_clock.o
 .data.SystemCoreClock
                0x20000054        0x4 ./device/system_MK66F18.o
                0x20000054                SystemCoreClock
                0x20000058                        . = ALIGN (0x8)
                0x20000058                        _edata = .
                [!provide]                        PROVIDE (__end_data_RAM = .)
                [!provide]                        PROVIDE (__end_data_SRAM_UPPER = .)

.igot.plt       0x20000058        0x0 load address 0x00008218
 .igot.plt      0x20000058        0x0 ./utilities/fsl_assert.o

.bss_RAM2       0x1fff0000       0x40
                [!provide]                        PROVIDE (__start_bss_RAM2 = .)
                [!provide]                        PROVIDE (__start_bss_SRAM_LOWER = .)
 *(SORT_BY_ALIGNMENT(NonCacheable))
 NonCacheable   0x1fff0000       0x40 ./source/Drivers/Ethernet_Layer/enet.o
                0x1fff0000                g_rxBuffDescrip
                0x1fff0020                g_txBuffDescrip
 *(SORT_BY_ALIGNMENT(.bss.$RAM2))
 *(SORT_BY_ALIGNMENT(.bss.$SRAM_LOWER))
 *(SORT_BY_ALIGNMENT(.bss.$RAM2.*))
 *(SORT_BY_ALIGNMENT(.bss.$SRAM_LOWER.*))
                0x1fff0040                        . = ALIGN ((. != 0x0)?0x8:0x1)
                [!provide]                        PROVIDE (__end_bss_RAM2 = .)
                [!provide]                        PROVIDE (__end_bss_SRAM_LOWER = .)

.bss_RAM3       0x14000000        0x0
                [!provide]                        PROVIDE (__start_bss_RAM3 = .)
                [!provide]                        PROVIDE (__start_bss_FLEX_RAM = .)
 *(SORT_BY_ALIGNMENT(.bss.$RAM3))
 *(SORT_BY_ALIGNMENT(.bss.$FLEX_RAM))
 *(SORT_BY_ALIGNMENT(.bss.$RAM3.*))
 *(SORT_BY_ALIGNMENT(.bss.$FLEX_RAM.*))
                0x14000000                        . = ALIGN ((. != 0x0)?0x8:0x1)
                [!provide]                        PROVIDE (__end_bss_RAM3 = .)
                [!provide]                        PROVIDE (__end_bss_FLEX_RAM = .)

.bss            0x20000060     0x32f8
                0x20000060                        _bss = .
                [!provide]                        PROVIDE (__start_bss_RAM = .)
                [!provide]                        PROVIDE (__start_bss_SRAM_UPPER = .)
 *(SORT_BY_ALIGNMENT(.bss*))
 .bss.g_rxDataBuff
                0x20000060     0x17c0 ./source/Drivers/Ethernet_Layer/enet.o
                0x20000060                g_rxDataBuff
 .bss.g_txDataBuff
                0x20001820     0x17c0 ./source/Drivers/Ethernet_Layer/enet.o
                0x20001820                g_txDataBuff
 .bss.s_debugConsole
                0x20002fe0       0x14 ./utilities/fsl_debug_console.o
 .bss.ctx       0x20002ff4       0xc0 ./source/Drivers/Security_Layer/Security.o
                0x20002ff4                ctx
 .bss.g_handle  0x200030b4       0x84 ./source/Drivers/Ethernet_Layer/enet.o
                0x200030b4                g_handle
 .bss.g_frame   0x20003138       0x4a ./source/Drivers/Ethernet_Layer/enet.o
                0x20003138                g_frame
 *fill*         0x20003182        0x2 
 .bss.status    0x20003184        0x4 ./source/Drivers/Ethernet_Layer/enet.o
 .bss.phyConfig
                0x20003188        0x8 ./source/Drivers/Ethernet_Layer/enet.o
                0x20003188                phyConfig
 .bss.eErrStatic
                0x20003190       0x14 ./source/Drivers/Ethernet_Layer/enet.o
                0x20003190                eErrStatic
 .bss.length    0x200031a4        0x4 ./source/Drivers/Ethernet_Layer/enet.o
                0x200031a4                length
 .bss.enc_msg   0x200031a8       0x20 ./source/Test_App.o
                0x200031a8                enc_msg
 .bss.buffer_TX
                0x200031c8       0x24 ./source/Test_App.o
                0x200031c8                buffer_TX
 .bss.buffer_RX
                0x200031ec       0x24 ./source/Test_App.o
                0x200031ec                buffer_RX
 .bss.enc_rx_msg
                0x20003210       0x20 ./source/Test_App.o
                0x20003210                enc_rx_msg
 .bss.dec_rx_msg
                0x20003230       0x20 ./source/Test_App.o
                0x20003230                dec_rx_msg
 .bss.s_extPllFreq
                0x20003250        0x4 ./drivers/fsl_clock.o
 .bss.g_xtal0Freq
                0x20003254        0x4 ./drivers/fsl_clock.o
                0x20003254                g_xtal0Freq
 .bss.g_xtal32Freq
                0x20003258        0x4 ./drivers/fsl_clock.o
                0x20003258                g_xtal32Freq
 .bss.s_ENETHandle
                0x2000325c        0x4 ./drivers/fsl_enet.o
 .bss.s_enetTxIsr
                0x20003260        0x4 ./drivers/fsl_enet.o
 .bss.s_enetRxIsr
                0x20003264        0x4 ./drivers/fsl_enet.o
 .bss.s_enetErrIsr
                0x20003268        0x4 ./drivers/fsl_enet.o
 .bss.s_enet1588TimerIsr
                0x2000326c        0x4 ./drivers/fsl_enet.o
 .bss.s_lpuartHandle
                0x20003270        0x4 ./drivers/fsl_lpuart.o
                0x20003270                s_lpuartHandle
 .bss.s_lpuartIsr
                0x20003274        0x4 ./drivers/fsl_lpuart.o
                0x20003274                s_lpuartIsr
 .bss.s_uartHandle
                0x20003278       0x14 ./drivers/fsl_uart.o
                0x20003278                s_uartHandle
 .bss.s_uartIsr
                0x2000328c        0x4 ./drivers/fsl_uart.o
                0x2000328c                s_uartIsr
 .bss.__end_of_heap
                0x20003290        0x4 C:/nxp/MCUXpressoIDE_11.10.0_3148/ide/plugins/com.nxp.mcuxpresso.tools.win32_11.10.0.202311280810/tools/bin/../lib/gcc/arm-none-eabi/13.2.1/../../../../arm-none-eabi/lib/thumb/v7e-m+fp/hard\libcr_c.a(__init_alloc.o)
                0x20003290                __end_of_heap
 .bss.__heaps   0x20003294        0x4 C:/nxp/MCUXpressoIDE_11.10.0_3148/ide/plugins/com.nxp.mcuxpresso.tools.win32_11.10.0.202311280810/tools/bin/../lib/gcc/arm-none-eabi/13.2.1/../../../../arm-none-eabi/lib/thumb/v7e-m+fp/hard\libcr_c.a(__init_alloc.o)
                0x20003294                __heaps
 .bss.errno     0x20003298        0x4 C:/nxp/MCUXpressoIDE_11.10.0_3148/ide/plugins/com.nxp.mcuxpresso.tools.win32_11.10.0.202311280810/tools/bin/../lib/gcc/arm-none-eabi/13.2.1/../../../../arm-none-eabi/lib/thumb/v7e-m+fp/hard\libcr_c.a(errno.o)
                0x20003298                errno
 .bss.__Ciob    0x2000329c       0xb4 C:/nxp/MCUXpressoIDE_11.10.0_3148/ide/plugins/com.nxp.mcuxpresso.tools.win32_11.10.0.202311280810/tools/bin/../lib/gcc/arm-none-eabi/13.2.1/../../../../arm-none-eabi/lib/thumb/v7e-m+fp/hard\libcr_nohost_nf.a(__ciob.o)
                0x2000329c                __Ciob
 .bss.speed     0x20003350        0x1 ./source/Drivers/Ethernet_Layer/enet.o
                0x20003350                speed
 .bss.duplex    0x20003351        0x1 ./source/Drivers/Ethernet_Layer/enet.o
                0x20003351                duplex
 .bss.link      0x20003352        0x1 ./source/Drivers/Ethernet_Layer/enet.o
                0x20003352                link
 .bss.v_chksum  0x20003353        0x1 ./source/Test_App.o
                0x20003353                v_chksum
 *(SORT_BY_ALIGNMENT(COMMON))
                0x20003358                        . = ALIGN (0x8)
 *fill*         0x20003354        0x4 
                0x20003358                        _ebss = .
                [!provide]                        PROVIDE (__end_bss_RAM = .)
                [!provide]                        PROVIDE (__end_bss_SRAM_UPPER = .)
                [!provide]                        PROVIDE (end = .)

.noinit_RAM2    0x1fff0040        0x0
                [!provide]                        PROVIDE (__start_noinit_RAM2 = .)
                [!provide]                        PROVIDE (__start_noinit_SRAM_LOWER = .)
 *(SORT_BY_ALIGNMENT(.noinit.$RAM2))
 *(SORT_BY_ALIGNMENT(.noinit.$SRAM_LOWER))
 *(SORT_BY_ALIGNMENT(.noinit.$RAM2.*))
 *(SORT_BY_ALIGNMENT(.noinit.$SRAM_LOWER.*))
                0x1fff0040                        . = ALIGN (0x8)
                [!provide]                        PROVIDE (__end_noinit_RAM2 = .)
                [!provide]                        PROVIDE (__end_noinit_SRAM_LOWER = .)

.noinit_RAM3    0x14000000        0x0
                [!provide]                        PROVIDE (__start_noinit_RAM3 = .)
                [!provide]                        PROVIDE (__start_noinit_FLEX_RAM = .)
 *(SORT_BY_ALIGNMENT(.noinit.$RAM3))
 *(SORT_BY_ALIGNMENT(.noinit.$FLEX_RAM))
 *(SORT_BY_ALIGNMENT(.noinit.$RAM3.*))
 *(SORT_BY_ALIGNMENT(.noinit.$FLEX_RAM.*))
                0x14000000                        . = ALIGN (0x8)
                [!provide]                        PROVIDE (__end_noinit_RAM3 = .)
                [!provide]                        PROVIDE (__end_noinit_FLEX_RAM = .)

.noinit         0x20003358        0x0
                0x20003358                        _noinit = .
                [!provide]                        PROVIDE (__start_noinit_RAM = .)
                [!provide]                        PROVIDE (__start_noinit_SRAM_UPPER = .)
 *(SORT_BY_ALIGNMENT(.noinit*))
                0x20003358                        . = ALIGN (0x8)
                0x20003358                        _end_noinit = .
                [!provide]                        PROVIDE (__end_noinit_RAM = .)
                [!provide]                        PROVIDE (__end_noinit_SRAM_UPPER = .)
                0x00001000                        _HeapSize = 0x1000

.heap           0x20003358     0x1000
                0x20003358                        _pvHeapStart = .
                0x20004358                        . = (. + _HeapSize)
 *fill*         0x20003358     0x1000 
                0x20004358                        . = ALIGN (0x8)
                0x20004358                        _pvHeapLimit = .
                0x00001000                        _StackSize = 0x1000

.heap2stackfill
                0x20004358     0x1000
                0x20005358                        . = (. + _StackSize)
 *fill*         0x20004358     0x1000 

.stack          0x2002f000        0x0
                0x2002f000                        _vStackBase = .
                0x2002f000                        . = ALIGN (0x8)
                0x20030000                        _vStackTop = (. + _StackSize)
                0x00000000                        _image_start = LOADADDR (.text)
                0x00008218                        _image_end = (LOADADDR (.data) + SIZEOF (.data))
                0x00008218                        _image_size = (_image_end - _image_start)
OUTPUT(Practica1_Enet_Layered_SW.axf elf32-littlearm)
LOAD linker stubs

.debug_info     0x00000000    0x1861d
 .debug_info    0x00000000       0xc5 ./utilities/fsl_assert.o
 .debug_info    0x000000c5      0xe03 ./utilities/fsl_debug_console.o
 .debug_info    0x00000ec8      0xe97 ./startup/startup_mk66f18.o
 .debug_info    0x00001d5f      0x5dc ./source/Drivers/Security_Layer/Security.o
 .debug_info    0x0000233b      0x7ba ./source/Drivers/Security_Layer/aes.o
 .debug_info    0x00002af5      0x423 ./source/Drivers/Security_Layer/crc.o
 .debug_info    0x00002f18      0x4bc ./source/Drivers/Ethernet_Layer/Ethernet.o
 .debug_info    0x000033d4     0x2593 ./source/Drivers/Ethernet_Layer/enet.o
 .debug_info    0x00005967      0x559 ./source/Test_App.o
 .debug_info    0x00005ec0       0x3c ./source/semihost_hardfault.o
 .debug_info    0x00005efc      0xb73 ./phy/fsl_phyksz8081.o
 .debug_info    0x00006a6f     0x135b ./mdio/fsl_enet_mdio.o
 .debug_info    0x00007dca     0x296f ./drivers/fsl_clock.o
 .debug_info    0x0000a739      0x8f5 ./drivers/fsl_crc.o
 .debug_info    0x0000b02e     0x3bda ./drivers/fsl_enet.o
 .debug_info    0x0000ec08     0x1e86 ./drivers/fsl_lpuart.o
 .debug_info    0x00010a8e     0x20dd ./drivers/fsl_uart.o
 .debug_info    0x00012b6b      0xa4e ./device/system_MK66F18.o
 .debug_info    0x000135b9      0xbe9 ./component/uart/fsl_adapter_uart.o
 .debug_info    0x000141a2      0x11f ./board/board.o
 .debug_info    0x000142c1      0xdfb ./board/clock_config.o
 .debug_info    0x000150bc      0x897 ./board/pin_mux.o
 .debug_info    0x00015953       0x85 C:/nxp/MCUXpressoIDE_11.10.0_3148/ide/plugins/com.nxp.mcuxpresso.tools.win32_11.10.0.202311280810/tools/bin/../lib/gcc/arm-none-eabi/13.2.1/../../../../arm-none-eabi/lib/thumb/v7e-m+fp/hard\libcr_nohost_nf.a(_cr__main.o)
 .debug_info    0x000159d8      0x12b C:/nxp/MCUXpressoIDE_11.10.0_3148/ide/plugins/com.nxp.mcuxpresso.tools.win32_11.10.0.202311280810/tools/bin/../lib/gcc/arm-none-eabi/13.2.1/../../../../arm-none-eabi/lib/thumb/v7e-m+fp/hard\libcr_c.a(memcpy.o)
 .debug_info    0x00015b03       0xfc C:/nxp/MCUXpressoIDE_11.10.0_3148/ide/plugins/com.nxp.mcuxpresso.tools.win32_11.10.0.202311280810/tools/bin/../lib/gcc/arm-none-eabi/13.2.1/../../../../arm-none-eabi/lib/thumb/v7e-m+fp/hard\libcr_c.a(memset.o)
 .debug_info    0x00015bff      0x520 C:/nxp/MCUXpressoIDE_11.10.0_3148/ide/plugins/com.nxp.mcuxpresso.tools.win32_11.10.0.202311280810/tools/bin/../lib/gcc/arm-none-eabi/13.2.1/../../../../arm-none-eabi/lib/thumb/v7e-m+fp/hard\libcr_c.a(alloc.o)
 .debug_info    0x0001611f      0x339 C:/nxp/MCUXpressoIDE_11.10.0_3148/ide/plugins/com.nxp.mcuxpresso.tools.win32_11.10.0.202311280810/tools/bin/../lib/gcc/arm-none-eabi/13.2.1/../../../../arm-none-eabi/lib/thumb/v7e-m+fp/hard\libcr_c.a(initio.o)
 .debug_info    0x00016458      0x1fd C:/nxp/MCUXpressoIDE_11.10.0_3148/ide/plugins/com.nxp.mcuxpresso.tools.win32_11.10.0.202311280810/tools/bin/../lib/gcc/arm-none-eabi/13.2.1/../../../../arm-none-eabi/lib/thumb/v7e-m+fp/hard\libcr_c.a(setvbuf.o)
 .debug_info    0x00016655       0xe1 C:/nxp/MCUXpressoIDE_11.10.0_3148/ide/plugins/com.nxp.mcuxpresso.tools.win32_11.10.0.202311280810/tools/bin/../lib/gcc/arm-none-eabi/13.2.1/../../../../arm-none-eabi/lib/thumb/v7e-m+fp/hard\libcr_c.a(strlen.o)
 .debug_info    0x00016736       0xd4 C:/nxp/MCUXpressoIDE_11.10.0_3148/ide/plugins/com.nxp.mcuxpresso.tools.win32_11.10.0.202311280810/tools/bin/../lib/gcc/arm-none-eabi/13.2.1/../../../../arm-none-eabi/lib/thumb/v7e-m+fp/hard\libcr_c.a(__init_alloc.o)
 .debug_info    0x0001680a      0x107 C:/nxp/MCUXpressoIDE_11.10.0_3148/ide/plugins/com.nxp.mcuxpresso.tools.win32_11.10.0.202311280810/tools/bin/../lib/gcc/arm-none-eabi/13.2.1/../../../../arm-none-eabi/lib/thumb/v7e-m+fp/hard\libcr_c.a(_cr_sbrk.o)
 .debug_info    0x00016911      0x24b C:/nxp/MCUXpressoIDE_11.10.0_3148/ide/plugins/com.nxp.mcuxpresso.tools.win32_11.10.0.202311280810/tools/bin/../lib/gcc/arm-none-eabi/13.2.1/../../../../arm-none-eabi/lib/thumb/v7e-m+fp/hard\libcr_c.a(_fdopen.o)
 .debug_info    0x00016b5c       0x44 C:/nxp/MCUXpressoIDE_11.10.0_3148/ide/plugins/com.nxp.mcuxpresso.tools.win32_11.10.0.202311280810/tools/bin/../lib/gcc/arm-none-eabi/13.2.1/../../../../arm-none-eabi/lib/thumb/v7e-m+fp/hard\libcr_c.a(errno.o)
 .debug_info    0x00016ba0      0x318 C:/nxp/MCUXpressoIDE_11.10.0_3148/ide/plugins/com.nxp.mcuxpresso.tools.win32_11.10.0.202311280810/tools/bin/../lib/gcc/arm-none-eabi/13.2.1/../../../../arm-none-eabi/lib/thumb/v7e-m+fp/hard\libcr_c.a(fclose.o)
 .debug_info    0x00016eb8      0x209 C:/nxp/MCUXpressoIDE_11.10.0_3148/ide/plugins/com.nxp.mcuxpresso.tools.win32_11.10.0.202311280810/tools/bin/../lib/gcc/arm-none-eabi/13.2.1/../../../../arm-none-eabi/lib/thumb/v7e-m+fp/hard\libcr_c.a(fflush.o)
 .debug_info    0x000170c1      0x276 C:/nxp/MCUXpressoIDE_11.10.0_3148/ide/plugins/com.nxp.mcuxpresso.tools.win32_11.10.0.202311280810/tools/bin/../lib/gcc/arm-none-eabi/13.2.1/../../../../arm-none-eabi/lib/thumb/v7e-m+fp/hard\libcr_c.a(fseek.o)
 .debug_info    0x00017337      0x197 C:/nxp/MCUXpressoIDE_11.10.0_3148/ide/plugins/com.nxp.mcuxpresso.tools.win32_11.10.0.202311280810/tools/bin/../lib/gcc/arm-none-eabi/13.2.1/../../../../arm-none-eabi/lib/thumb/v7e-m+fp/hard\libcr_c.a(ftell.o)
 .debug_info    0x000174ce      0x1d7 C:/nxp/MCUXpressoIDE_11.10.0_3148/ide/plugins/com.nxp.mcuxpresso.tools.win32_11.10.0.202311280810/tools/bin/../lib/gcc/arm-none-eabi/13.2.1/../../../../arm-none-eabi/lib/thumb/v7e-m+fp/hard\libcr_c.a(remove.o)
 .debug_info    0x000176a5       0x78 C:/nxp/MCUXpressoIDE_11.10.0_3148/ide/plugins/com.nxp.mcuxpresso.tools.win32_11.10.0.202311280810/tools/bin/../lib/gcc/arm-none-eabi/13.2.1/../../../../arm-none-eabi/lib/thumb/v7e-m+fp/hard\libcr_c.a(_cr_check_heap.o)
 .debug_info    0x0001771d      0x23a C:/nxp/MCUXpressoIDE_11.10.0_3148/ide/plugins/com.nxp.mcuxpresso.tools.win32_11.10.0.202311280810/tools/bin/../lib/gcc/arm-none-eabi/13.2.1/../../../../arm-none-eabi/lib/thumb/v7e-m+fp/hard\libcr_c.a(_do_fflush.o)
 .debug_info    0x00017957      0x1e3 C:/nxp/MCUXpressoIDE_11.10.0_3148/ide/plugins/com.nxp.mcuxpresso.tools.win32_11.10.0.202311280810/tools/bin/../lib/gcc/arm-none-eabi/13.2.1/../../../../arm-none-eabi/lib/thumb/v7e-m+fp/hard\libcr_c.a(_fflush.o)
 .debug_info    0x00017b3a      0x289 C:/nxp/MCUXpressoIDE_11.10.0_3148/ide/plugins/com.nxp.mcuxpresso.tools.win32_11.10.0.202311280810/tools/bin/../lib/gcc/arm-none-eabi/13.2.1/../../../../arm-none-eabi/lib/thumb/v7e-m+fp/hard\libcr_c.a(_writebuf.o)
 .debug_info    0x00017dc3      0x369 C:/nxp/MCUXpressoIDE_11.10.0_3148/ide/plugins/com.nxp.mcuxpresso.tools.win32_11.10.0.202311280810/tools/bin/../lib/gcc/arm-none-eabi/13.2.1/../../../../arm-none-eabi/lib/thumb/v7e-m+fp/hard\libcr_c.a(_deferredlazyseek.o)
 .debug_info    0x0001812c      0x18b C:/nxp/MCUXpressoIDE_11.10.0_3148/ide/plugins/com.nxp.mcuxpresso.tools.win32_11.10.0.202311280810/tools/bin/../lib/gcc/arm-none-eabi/13.2.1/../../../../arm-none-eabi/lib/thumb/v7e-m+fp/hard\libcr_nohost_nf.a(__ciob.o)
 .debug_info    0x000182b7       0x6a C:/nxp/MCUXpressoIDE_11.10.0_3148/ide/plugins/com.nxp.mcuxpresso.tools.win32_11.10.0.202311280810/tools/bin/../lib/gcc/arm-none-eabi/13.2.1/../../../../arm-none-eabi/lib/thumb/v7e-m+fp/hard\libcr_nohost_nf.a(__sys_close.o)
 .debug_info    0x00018321       0x6a C:/nxp/MCUXpressoIDE_11.10.0_3148/ide/plugins/com.nxp.mcuxpresso.tools.win32_11.10.0.202311280810/tools/bin/../lib/gcc/arm-none-eabi/13.2.1/../../../../arm-none-eabi/lib/thumb/v7e-m+fp/hard\libcr_nohost_nf.a(__sys_flen.o)
 .debug_info    0x0001838b       0x6a C:/nxp/MCUXpressoIDE_11.10.0_3148/ide/plugins/com.nxp.mcuxpresso.tools.win32_11.10.0.202311280810/tools/bin/../lib/gcc/arm-none-eabi/13.2.1/../../../../arm-none-eabi/lib/thumb/v7e-m+fp/hard\libcr_nohost_nf.a(__sys_istty.o)
 .debug_info    0x000183f5       0x8a C:/nxp/MCUXpressoIDE_11.10.0_3148/ide/plugins/com.nxp.mcuxpresso.tools.win32_11.10.0.202311280810/tools/bin/../lib/gcc/arm-none-eabi/13.2.1/../../../../arm-none-eabi/lib/thumb/v7e-m+fp/hard\libcr_nohost_nf.a(__sys_remove.o)
 .debug_info    0x0001847f       0x78 C:/nxp/MCUXpressoIDE_11.10.0_3148/ide/plugins/com.nxp.mcuxpresso.tools.win32_11.10.0.202311280810/tools/bin/../lib/gcc/arm-none-eabi/13.2.1/../../../../arm-none-eabi/lib/thumb/v7e-m+fp/hard\libcr_nohost_nf.a(__sys_seek.o)
 .debug_info    0x000184f7       0x93 C:/nxp/MCUXpressoIDE_11.10.0_3148/ide/plugins/com.nxp.mcuxpresso.tools.win32_11.10.0.202311280810/tools/bin/../lib/gcc/arm-none-eabi/13.2.1/../../../../arm-none-eabi/lib/thumb/v7e-m+fp/hard\libcr_nohost_nf.a(__sys_tmpnam.o)
 .debug_info    0x0001858a       0x93 C:/nxp/MCUXpressoIDE_11.10.0_3148/ide/plugins/com.nxp.mcuxpresso.tools.win32_11.10.0.202311280810/tools/bin/../lib/gcc/arm-none-eabi/13.2.1/../../../../arm-none-eabi/lib/thumb/v7e-m+fp/hard\libcr_nohost_nf.a(__sys_write.o)

.debug_abbrev   0x00000000     0x4725
 .debug_abbrev  0x00000000       0x90 ./utilities/fsl_assert.o
 .debug_abbrev  0x00000090      0x285 ./utilities/fsl_debug_console.o
 .debug_abbrev  0x00000315      0x17a ./startup/startup_mk66f18.o
 .debug_abbrev  0x0000048f      0x196 ./source/Drivers/Security_Layer/Security.o
 .debug_abbrev  0x00000625      0x1fc ./source/Drivers/Security_Layer/aes.o
 .debug_abbrev  0x00000821      0x188 ./source/Drivers/Security_Layer/crc.o
 .debug_abbrev  0x000009a9      0x113 ./source/Drivers/Ethernet_Layer/Ethernet.o
 .debug_abbrev  0x00000abc      0x370 ./source/Drivers/Ethernet_Layer/enet.o
 .debug_abbrev  0x00000e2c      0x12f ./source/Test_App.o
 .debug_abbrev  0x00000f5b       0x31 ./source/semihost_hardfault.o
 .debug_abbrev  0x00000f8c      0x1c0 ./phy/fsl_phyksz8081.o
 .debug_abbrev  0x0000114c      0x2b8 ./mdio/fsl_enet_mdio.o
 .debug_abbrev  0x00001404      0x381 ./drivers/fsl_clock.o
 .debug_abbrev  0x00001785      0x240 ./drivers/fsl_crc.o